Archive member included to satisfy reference by file (symbol)

c:/mounriver/mrs_community/toolchain/risc-v embedded gcc/bin/../lib/gcc/riscv-none-embed/8.2.0/../../../../riscv-none-embed/lib/rv32imac/ilp32\libm.a(lib_a-s_atan.o)
                              ./Code/Middleware/SensorFusion/SensorFusion.o (atan)
c:/mounriver/mrs_community/toolchain/risc-v embedded gcc/bin/../lib/gcc/riscv-none-embed/8.2.0/../../../../riscv-none-embed/lib/rv32imac/ilp32\libm.a(lib_a-s_cos.o)
                              ./Code/Middleware/SensorFusion/SensorFusion.o (cos)
c:/mounriver/mrs_community/toolchain/risc-v embedded gcc/bin/../lib/gcc/riscv-none-embed/8.2.0/../../../../riscv-none-embed/lib/rv32imac/ilp32\libm.a(lib_a-s_fabs.o)
                              c:/mounriver/mrs_community/toolchain/risc-v embedded gcc/bin/../lib/gcc/riscv-none-embed/8.2.0/../../../../riscv-none-embed/lib/rv32imac/ilp32\libm.a(lib_a-s_atan.o) (fabs)
c:/mounriver/mrs_community/toolchain/risc-v embedded gcc/bin/../lib/gcc/riscv-none-embed/8.2.0/../../../../riscv-none-embed/lib/rv32imac/ilp32\libm.a(lib_a-s_sin.o)
                              ./Code/Middleware/SensorFusion/SensorFusion.o (sin)
c:/mounriver/mrs_community/toolchain/risc-v embedded gcc/bin/../lib/gcc/riscv-none-embed/8.2.0/../../../../riscv-none-embed/lib/rv32imac/ilp32\libm.a(lib_a-w_atan2.o)
                              ./Code/Middleware/SensorFusion/SensorFusion.o (atan2)
c:/mounriver/mrs_community/toolchain/risc-v embedded gcc/bin/../lib/gcc/riscv-none-embed/8.2.0/../../../../riscv-none-embed/lib/rv32imac/ilp32\libm.a(lib_a-w_pow.o)
                              ./Code/HAL/BMP280/bmp.o (pow)
c:/mounriver/mrs_community/toolchain/risc-v embedded gcc/bin/../lib/gcc/riscv-none-embed/8.2.0/../../../../riscv-none-embed/lib/rv32imac/ilp32\libm.a(lib_a-w_sqrt.o)
                              ./Code/Middleware/SensorFusion/SensorFusion.o (sqrt)
c:/mounriver/mrs_community/toolchain/risc-v embedded gcc/bin/../lib/gcc/riscv-none-embed/8.2.0/../../../../riscv-none-embed/lib/rv32imac/ilp32\libm.a(lib_a-e_atan2.o)
                              c:/mounriver/mrs_community/toolchain/risc-v embedded gcc/bin/../lib/gcc/riscv-none-embed/8.2.0/../../../../riscv-none-embed/lib/rv32imac/ilp32\libm.a(lib_a-w_atan2.o) (__ieee754_atan2)
c:/mounriver/mrs_community/toolchain/risc-v embedded gcc/bin/../lib/gcc/riscv-none-embed/8.2.0/../../../../riscv-none-embed/lib/rv32imac/ilp32\libm.a(lib_a-e_pow.o)
                              c:/mounriver/mrs_community/toolchain/risc-v embedded gcc/bin/../lib/gcc/riscv-none-embed/8.2.0/../../../../riscv-none-embed/lib/rv32imac/ilp32\libm.a(lib_a-w_pow.o) (__ieee754_pow)
c:/mounriver/mrs_community/toolchain/risc-v embedded gcc/bin/../lib/gcc/riscv-none-embed/8.2.0/../../../../riscv-none-embed/lib/rv32imac/ilp32\libm.a(lib_a-e_rem_pio2.o)
                              c:/mounriver/mrs_community/toolchain/risc-v embedded gcc/bin/../lib/gcc/riscv-none-embed/8.2.0/../../../../riscv-none-embed/lib/rv32imac/ilp32\libm.a(lib_a-s_cos.o) (__ieee754_rem_pio2)
c:/mounriver/mrs_community/toolchain/risc-v embedded gcc/bin/../lib/gcc/riscv-none-embed/8.2.0/../../../../riscv-none-embed/lib/rv32imac/ilp32\libm.a(lib_a-e_sqrt.o)
                              c:/mounriver/mrs_community/toolchain/risc-v embedded gcc/bin/../lib/gcc/riscv-none-embed/8.2.0/../../../../riscv-none-embed/lib/rv32imac/ilp32\libm.a(lib_a-w_sqrt.o) (__ieee754_sqrt)
c:/mounriver/mrs_community/toolchain/risc-v embedded gcc/bin/../lib/gcc/riscv-none-embed/8.2.0/../../../../riscv-none-embed/lib/rv32imac/ilp32\libm.a(lib_a-k_cos.o)
                              c:/mounriver/mrs_community/toolchain/risc-v embedded gcc/bin/../lib/gcc/riscv-none-embed/8.2.0/../../../../riscv-none-embed/lib/rv32imac/ilp32\libm.a(lib_a-s_cos.o) (__kernel_cos)
c:/mounriver/mrs_community/toolchain/risc-v embedded gcc/bin/../lib/gcc/riscv-none-embed/8.2.0/../../../../riscv-none-embed/lib/rv32imac/ilp32\libm.a(lib_a-k_rem_pio2.o)
                              c:/mounriver/mrs_community/toolchain/risc-v embedded gcc/bin/../lib/gcc/riscv-none-embed/8.2.0/../../../../riscv-none-embed/lib/rv32imac/ilp32\libm.a(lib_a-e_rem_pio2.o) (__kernel_rem_pio2)
c:/mounriver/mrs_community/toolchain/risc-v embedded gcc/bin/../lib/gcc/riscv-none-embed/8.2.0/../../../../riscv-none-embed/lib/rv32imac/ilp32\libm.a(lib_a-k_sin.o)
                              c:/mounriver/mrs_community/toolchain/risc-v embedded gcc/bin/../lib/gcc/riscv-none-embed/8.2.0/../../../../riscv-none-embed/lib/rv32imac/ilp32\libm.a(lib_a-s_cos.o) (__kernel_sin)
c:/mounriver/mrs_community/toolchain/risc-v embedded gcc/bin/../lib/gcc/riscv-none-embed/8.2.0/../../../../riscv-none-embed/lib/rv32imac/ilp32\libm.a(lib_a-s_finite.o)
                              c:/mounriver/mrs_community/toolchain/risc-v embedded gcc/bin/../lib/gcc/riscv-none-embed/8.2.0/../../../../riscv-none-embed/lib/rv32imac/ilp32\libm.a(lib_a-w_pow.o) (finite)
[...]
Memory Configuration

Name             Origin             Length             Attributes
FLASH            0x0000000000000000 0x0000000000010000 xr
RAM              0x0000000020000000 0x0000000000005000 xrw
*default*        0x0000000000000000 0xffffffffffffffff

Linker script and memory map

LOAD ./Code/Service/Wrapper/Service_RTOS_wrapper.o
LOAD ./Code/Service/FreeRTOS/portable/MemMang/heap_4.o
LOAD ./Code/Service/FreeRTOS/portable/GCC/RISC-V/port.o
LOAD ./Code/Service/FreeRTOS/portable/GCC/RISC-V/portASM.o
LOAD ./Code/Service/FreeRTOS/portable/Common/mpu_wrappers.o
LOAD ./Code/Service/FreeRTOS/croutine.o
LOAD ./Code/Service/FreeRTOS/event_groups.o
LOAD ./Code/Service/FreeRTOS/list.o
LOAD ./Code/Service/FreeRTOS/queue.o
LOAD ./Code/Service/FreeRTOS/stream_buffer.o
LOAD ./Code/Service/FreeRTOS/tasks.o
LOAD ./Code/Service/FreeRTOS/timers.o
LOAD ./Code/Middleware/SensorFusion/SensorFusion.o
LOAD ./Code/Middleware/PID/pid.o
LOAD ./Code/Middleware/Matrix/matrix.o
LOAD ./Code/MCAL/Wrapper/MCAL_wrapper.o
LOAD ./Code/MCAL/Startup/startup_ch32v20x_D6.o
LOAD ./Code/MCAL/Peripheral/src/ch32v20x_adc.o
LOAD ./Code/MCAL/Peripheral/src/ch32v20x_bkp.o
LOAD ./Code/MCAL/Peripheral/src/ch32v20x_can.o
LOAD ./Code/MCAL/Peripheral/src/ch32v20x_crc.o
LOAD ./Code/MCAL/Peripheral/src/ch32v20x_dbgmcu.o
LOAD ./Code/MCAL/Peripheral/src/ch32v20x_dma.o
LOAD ./Code/MCAL/Peripheral/src/ch32v20x_exti.o
LOAD ./Code/MCAL/Peripheral/src/ch32v20x_flash.o
LOAD ./Code/MCAL/Peripheral/src/ch32v20x_gpio.o
LOAD ./Code/MCAL/Peripheral/src/ch32v20x_i2c.o
LOAD ./Code/MCAL/Peripheral/src/ch32v20x_iwdg.o
LOAD ./Code/MCAL/Peripheral/src/ch32v20x_misc.o
LOAD ./Code/MCAL/Peripheral/src/ch32v20x_opa.o
LOAD ./Code/MCAL/Peripheral/src/ch32v20x_pwr.o
LOAD ./Code/MCAL/Peripheral/src/ch32v20x_rcc.o
LOAD ./Code/MCAL/Peripheral/src/ch32v20x_rtc.o
LOAD ./Code/MCAL/Peripheral/src/ch32v20x_spi.o
LOAD ./Code/MCAL/Peripheral/src/ch32v20x_tim.o
LOAD ./Code/MCAL/Peripheral/src/ch32v20x_usart.o
LOAD ./Code/MCAL/Peripheral/src/ch32v20x_wwdg.o
LOAD ./Code/MCAL/Debug/debug.o
LOAD ./Code/MCAL/Core/core_riscv.o
LOAD ./Code/MCAL/Config/MCAL_config.o
LOAD ./Code/MCAL/Config/system_ch32v20x.o
LOAD ./Code/HAL/Wrapper/HAL_wrapper.o
LOAD ./Code/HAL/MPU6050/MPU6050.o
LOAD ./Code/HAL/HMC5883L/HMC5883.o
LOAD ./Code/HAL/HC_SR04/HC_SR04.o
LOAD ./Code/HAL/ESC/ESC.o
LOAD ./Code/HAL/Config/HAL_config.o
LOAD ./Code/HAL/BMP280/bmp.o
LOAD ./Code/HAL/ADXL345/ADXL345.o
LOAD ./Code/APP/ch32v20x_it.o
LOAD ./Code/APP/main.o
LOAD ./template.o
LOAD c:/mounriver/mrs_community/toolchain/risc-v embedded gcc/bin/../lib/gcc/riscv-none-embed/8.2.0/../../../../riscv-none-embed/lib/rv32imac/ilp32\libm.a
LOAD c:/mounriver/mrs_community/toolchain/risc-v embedded gcc/bin/../lib/gcc/riscv-none-embed/8.2.0/rv32imac/ilp32\libgcc.a
LOAD c:/mounriver/mrs_community/toolchain/risc-v embedded gcc/bin/../lib/gcc/riscv-none-embed/8.2.0/../../../../riscv-none-embed/lib/rv32imac/ilp32\libg_nano.a
LOAD c:/mounriver/mrs_community/toolchain/risc-v embedded gcc/bin/../lib/gcc/riscv-none-embed/8.2.0/../../../../riscv-none-embed/lib/rv32imac/ilp32\libc_nano.a
LOAD c:/mounriver/mrs_community/toolchain/risc-v embedded gcc/bin/../lib/gcc/riscv-none-embed/8.2.0/rv32imac/ilp32\libgcc.a
START GROUP
LOAD c:/mounriver/mrs_community/toolchain/risc-v embedded gcc/bin/../lib/gcc/riscv-none-embed/8.2.0/rv32imac/ilp32\libgcc.a
LOAD c:/mounriver/mrs_community/toolchain/risc-v embedded gcc/bin/../lib/gcc/riscv-none-embed/8.2.0/../../../../riscv-none-embed/lib/rv32imac/ilp32\libc_nano.a
LOAD c:/mounriver/mrs_community/toolchain/risc-v embedded gcc/bin/../lib/gcc/riscv-none-embed/8.2.0/../../../../riscv-none-embed/lib/rv32imac/ilp32\libnosys.a
END GROUP
START GROUP
LOAD c:/mounriver/mrs_community/toolchain/risc-v embedded gcc/bin/../lib/gcc/riscv-none-embed/8.2.0/rv32imac/ilp32\libgcc.a
LOAD c:/mounriver/mrs_community/toolchain/risc-v embedded gcc/bin/../lib/gcc/riscv-none-embed/8.2.0/../../../../riscv-none-embed/lib/rv32imac/ilp32\libc_nano.a
LOAD c:/mounriver/mrs_community/toolchain/risc-v embedded gcc/bin/../lib/gcc/riscv-none-embed/8.2.0/../../../../riscv-none-embed/lib/rv32imac/ilp32\libnosys.a
END GROUP
                0x0000000000000800                __stack_size = 0x800
                [!provide]                        PROVIDE (_stack_size = __stack_size)

.init           0x0000000000000000       0x38
                0x0000000000000000                _sinit = .
                0x0000000000000000                . = ALIGN (0x4)
 *(SORT_NONE(.init))
 .init          0x0000000000000000       0x38 ./Code/MCAL/Startup/startup_ch32v20x_D6.o
                0x0000000000000000                _start
                0x0000000000000038                . = ALIGN (0x4)
                0x0000000000000038                _einit = .

.vector         0x0000000000000038      0x108
 *(.vector)
 .vector        0x0000000000000038       0xfc ./Code/MCAL/Startup/startup_ch32v20x_D6.o
                0x0000000000000140                . = ALIGN (0x40)
 *fill*         0x0000000000000134        0xc 

.text           0x0000000000000200     0xe484
                0x0000000000000200                . = ALIGN (0x4)
 *(.text)
 .text          0x0000000000000200      0x2ee ./Code/Service/FreeRTOS/portable/GCC/RISC-V/portASM.o
                0x0000000000000200                SW_Handler
                0x0000000000000300                xPortStartFirstTask
                0x0000000000000400                pxPortInitialiseStack
 .text          0x00000000000004ee       0x60 c:/mounriver/mrs_community/toolchain/risc-v embedded gcc/bin/../lib/gcc/riscv-none-embed/8.2.0/rv32imac/ilp32\libgcc.a(save-restore.o)
                0x00000000000004ee                __riscv_save_12
                0x00000000000004f6                __riscv_save_9
                0x00000000000004f6                __riscv_save_11
                0x00000000000004f6                __riscv_save_10
                0x00000000000004f6                __riscv_save_8
                0x0000000000000504                __riscv_save_4
                0x0000000000000504                __riscv_save_6
                0x0000000000000504                __riscv_save_5
                0x0000000000000504                __riscv_save_7
                0x000000000000051e                __riscv_save_3
                0x000000000000051e                __riscv_save_2
                0x000000000000051e                __riscv_save_1
                0x000000000000051e                __riscv_save_0
                0x000000000000052a                __riscv_restore_12
                0x000000000000052e                __riscv_restore_11
                0x000000000000052e                __riscv_restore_9
                0x000000000000052e                __riscv_restore_10
                0x000000000000052e                __riscv_restore_8
                0x0000000000000538                __riscv_restore_5
                0x0000000000000538                __riscv_restore_7
                0x0000000000000538                __riscv_restore_6
                0x0000000000000538                __riscv_restore_4
                0x0000000000000542                __riscv_restore_3
                0x0000000000000542                __riscv_restore_0
                0x0000000000000542                __riscv_restore_2
                0x0000000000000542                __riscv_restore_1
 .text          0x000000000000054e       0xa8 c:/mounriver/mrs_community/toolchain/risc-v embedded gcc/bin/../lib/gcc/riscv-none-embed/8.2.0/../../../../riscv-none-embed/lib/rv32imac/ilp32\libg_nano.a(lib_a-memset.o)
                0x000000000000054e                memset
 *(.text.*)
 .text.SERVICE_RTOS_TaskCreate
                0x00000000000005f6       0x24 ./Code/Service/Wrapper/Service_RTOS_wrapper.o
                0x00000000000005f6                SERVICE_RTOS_TaskCreate
 .text.SERVICE_RTOS_StartSchedular
                0x000000000000061a        0xc ./Code/Service/Wrapper/Service_RTOS_wrapper.o
                0x000000000000061a                SERVICE_RTOS_StartSchedular
 .text.SERVICE_RTOS_CreateBlockingQueue
                0x0000000000000626       0x24 ./Code/Service/Wrapper/Service_RTOS_wrapper.o
                0x0000000000000626                SERVICE_RTOS_CreateBlockingQueue
 .text.SERVICE_RTOS_AppendToBlockingQueue
                0x000000000000064a       0x2c ./Code/Service/Wrapper/Service_RTOS_wrapper.o
                0x000000000000064a                SERVICE_RTOS_AppendToBlockingQueue
 .text.SERVICE_RTOS_ReadFromBlockingQueue
                0x0000000000000676       0x38 ./Code/Service/Wrapper/Service_RTOS_wrapper.o
                0x0000000000000676                SERVICE_RTOS_ReadFromBlockingQueue
 .text.SERVICE_RTOS_BlockFor
                0x00000000000006ae        0xe ./Code/Service/Wrapper/Service_RTOS_wrapper.o
                0x00000000000006ae                SERVICE_RTOS_BlockFor
 .text.SERVICE_RTOS_WaitForNotification
                0x00000000000006bc       0x20 ./Code/Service/Wrapper/Service_RTOS_wrapper.o
                0x00000000000006bc                SERVICE_RTOS_WaitForNotification
 .text.SERVICE_RTOS_Notify
                0x00000000000006dc       0x30 ./Code/Service/Wrapper/Service_RTOS_wrapper.o
                0x00000000000006dc                SERVICE_RTOS_Notify
 .text.SERVICE_RTOS_CurrentMSTime
                0x000000000000070c       0x18 ./Code/Service/Wrapper/Service_RTOS_wrapper.o
                0x000000000000070c                SERVICE_RTOS_CurrentMSTime
 .text.SERVICE_RTOS_GetCurrentTaskHandle
                0x0000000000000724       0x16 ./Code/Service/Wrapper/Service_RTOS_wrapper.o
                0x0000000000000724                SERVICE_RTOS_GetCurrentTaskHandle
 .text.prvHeapInit
                0x000000000000073a       0x6a ./Code/Service/FreeRTOS/portable/MemMang/heap_4.o
 .text.prvInsertBlockIntoFreeList
                0x00000000000007a4       0x58 ./Code/Service/FreeRTOS/portable/MemMang/heap_4.o
 .text.pvPortMalloc
                0x00000000000007fc      0x17c ./Code/Service/FreeRTOS/portable/MemMang/heap_4.o
                0x00000000000007fc                pvPortMalloc
 .text.vPortFree
                0x0000000000000978       0xa6 ./Code/Service/FreeRTOS/portable/MemMang/heap_4.o
                0x0000000000000978                vPortFree
 .text.vPortSetupTimerInterrupt
                0x0000000000000a1e       0x3a ./Code/Service/FreeRTOS/portable/GCC/RISC-V/port.o
                0x0000000000000a1e                vPortSetupTimerInterrupt
 .text.xPortStartScheduler
                0x0000000000000a58       0x90 ./Code/Service/FreeRTOS/portable/GCC/RISC-V/port.o
                0x0000000000000a58                xPortStartScheduler
 .text.SysTick_Handler
                0x0000000000000ae8       0x7c ./Code/Service/FreeRTOS/portable/GCC/RISC-V/port.o
                0x0000000000000ae8                SysTick_Handler
 .text.vPortEnterCritical
                0x0000000000000b64       0x1a ./Code/Service/FreeRTOS/portable/GCC/RISC-V/port.o
                0x0000000000000b64                vPortEnterCritical
 .text.vPortExitCritical
                0x0000000000000b7e       0x4a ./Code/Service/FreeRTOS/portable/GCC/RISC-V/port.o
                0x0000000000000b7e                vPortExitCritical
 .text.xPortSetInterruptMask
                0x0000000000000bc8        0xc ./Code/Service/FreeRTOS/portable/GCC/RISC-V/port.o
                0x0000000000000bc8                xPortSetInterruptMask
 .text.vPortClearInterruptMask
                0x0000000000000bd4        0x6 ./Code/Service/FreeRTOS/portable/GCC/RISC-V/port.o
                0x0000000000000bd4                vPortClearInterruptMask
 .text.vListInitialise
                0x0000000000000bda       0x14 ./Code/Service/FreeRTOS/list.o
                0x0000000000000bda                vListInitialise
 .text.vListInitialiseItem
                0x0000000000000bee        0x6 ./Code/Service/FreeRTOS/list.o
                0x0000000000000bee                vListInitialiseItem
 .text.vListInsert
                0x0000000000000bf4       0x30 ./Code/Service/FreeRTOS/list.o
                0x0000000000000bf4                vListInsert
 .text.uxListRemove
                0x0000000000000c24       0x26 ./Code/Service/FreeRTOS/list.o
                0x0000000000000c24                uxListRemove
 .text.prvIsQueueFull
                0x0000000000000c4a       0x1e ./Code/Service/FreeRTOS/queue.o
 .text.prvIsQueueEmpty
                0x0000000000000c68       0x1a ./Code/Service/FreeRTOS/queue.o
 .text.prvCopyDataToQueue
                0x0000000000000c82       0x80 ./Code/Service/FreeRTOS/queue.o
 .text.prvCopyDataFromQueue
                0x0000000000000d02       0x28 ./Code/Service/FreeRTOS/queue.o
 .text.prvUnlockQueue
                0x0000000000000d2a       0x6e ./Code/Service/FreeRTOS/queue.o
 .text.xQueueGenericReset
                0x0000000000000d98       0xc2 ./Code/Service/FreeRTOS/queue.o
                0x0000000000000d98                xQueueGenericReset
 .text.prvInitialiseNewQueue
                0x0000000000000e5a       0x1a ./Code/Service/FreeRTOS/queue.o
 .text.xQueueGenericCreate
                0x0000000000000e74       0x6a ./Code/Service/FreeRTOS/queue.o
                0x0000000000000e74                xQueueGenericCreate
 .text.xQueueGenericSend
                0x0000000000000ede      0x19c ./Code/Service/FreeRTOS/queue.o
                0x0000000000000ede                xQueueGenericSend
 .text.xQueueReceive
                0x000000000000107a      0x164 ./Code/Service/FreeRTOS/queue.o
                0x000000000000107a                xQueueReceive
 .text.uxQueueMessagesWaiting
                0x00000000000011de       0x3c ./Code/Service/FreeRTOS/queue.o
                0x00000000000011de                uxQueueMessagesWaiting
 .text.vQueueAddToRegistry
                0x000000000000121a       0x84 ./Code/Service/FreeRTOS/queue.o
                0x000000000000121a                vQueueAddToRegistry
 .text.vQueueWaitForMessageRestricted
                0x000000000000129e       0x56 ./Code/Service/FreeRTOS/queue.o
                0x000000000000129e                vQueueWaitForMessageRestricted
 .text.prvResetNextTaskUnblockTime
                0x00000000000012f4       0x2e ./Code/Service/FreeRTOS/tasks.o
 .text.prvDeleteTCB
                0x0000000000001322       0x16 ./Code/Service/FreeRTOS/tasks.o
 .text.prvInitialiseNewTask
                0x0000000000001338       0xcc ./Code/Service/FreeRTOS/tasks.o
 .text.prvInitialiseTaskLists
                0x0000000000001404       0x80 ./Code/Service/FreeRTOS/tasks.o
 .text.prvAddNewTaskToReadyList
                0x0000000000001484       0xf0 ./Code/Service/FreeRTOS/tasks.o
 .text.prvCheckTasksWaitingTermination
                0x0000000000001574       0x5a ./Code/Service/FreeRTOS/tasks.o
 .text.prvIdleTask
                0x00000000000015ce        0x8 ./Code/Service/FreeRTOS/tasks.o
 .text.prvAddCurrentTaskToDelayedList
                0x00000000000015d6       0xba ./Code/Service/FreeRTOS/tasks.o
 .text.xTaskCreate
                0x0000000000001690       0x58 ./Code/Service/FreeRTOS/tasks.o
                0x0000000000001690                xTaskCreate
 .text.vTaskStartScheduler
                0x00000000000016e8       0x98 ./Code/Service/FreeRTOS/tasks.o
                0x00000000000016e8                vTaskStartScheduler
 .text.vTaskSuspendAll
                0x0000000000001780       0x10 ./Code/Service/FreeRTOS/tasks.o
                0x0000000000001780                vTaskSuspendAll
 .text.xTaskGetTickCount
                0x0000000000001790        0xa ./Code/Service/FreeRTOS/tasks.o
                0x0000000000001790                xTaskGetTickCount
 .text.xTaskIncrementTick
                0x000000000000179a      0x1c2 ./Code/Service/FreeRTOS/tasks.o
                0x000000000000179a                xTaskIncrementTick
 .text.xTaskResumeAll
                0x000000000000195c      0x184 ./Code/Service/FreeRTOS/tasks.o
                0x000000000000195c                xTaskResumeAll
 .text.vTaskDelay
                0x0000000000001ae0       0x5e ./Code/Service/FreeRTOS/tasks.o
                0x0000000000001ae0                vTaskDelay
 .text.vTaskSwitchContext
                0x0000000000001b3e       0xc8 ./Code/Service/FreeRTOS/tasks.o
                0x0000000000001b3e                vTaskSwitchContext
 .text.vTaskPlaceOnEventList
                0x0000000000001c06       0x48 ./Code/Service/FreeRTOS/tasks.o
                0x0000000000001c06                vTaskPlaceOnEventList
 .text.vTaskPlaceOnEventListRestricted
                0x0000000000001c4e       0x74 ./Code/Service/FreeRTOS/tasks.o
                0x0000000000001c4e                vTaskPlaceOnEventListRestricted
 .text.xTaskRemoveFromEventList
                0x0000000000001cc2      0x118 ./Code/Service/FreeRTOS/tasks.o
                0x0000000000001cc2                xTaskRemoveFromEventList
 .text.vTaskInternalSetTimeOutState
                0x0000000000001dda       0x16 ./Code/Service/FreeRTOS/tasks.o
                0x0000000000001dda                vTaskInternalSetTimeOutState
 .text.xTaskCheckForTimeOut
                0x0000000000001df0       0xd0 ./Code/Service/FreeRTOS/tasks.o
                0x0000000000001df0                xTaskCheckForTimeOut
 .text.vTaskMissedYield
                0x0000000000001ec0        0xc ./Code/Service/FreeRTOS/tasks.o
                0x0000000000001ec0                vTaskMissedYield
 .text.xTaskGetCurrentTaskHandle
                0x0000000000001ecc        0xa ./Code/Service/FreeRTOS/tasks.o
                0x0000000000001ecc                xTaskGetCurrentTaskHandle
 .text.xTaskGetSchedulerState
                0x0000000000001ed6       0x20 ./Code/Service/FreeRTOS/tasks.o
                0x0000000000001ed6                xTaskGetSchedulerState
 .text.xTaskPriorityDisinherit
                0x0000000000001ef6       0xe8 ./Code/Service/FreeRTOS/tasks.o
                0x0000000000001ef6                xTaskPriorityDisinherit
 .text.ulTaskGenericNotifyTake
                0x0000000000001fde       0xd4 ./Code/Service/FreeRTOS/tasks.o
                0x0000000000001fde                ulTaskGenericNotifyTake
 .text.xTaskGenericNotify
                0x00000000000020b2      0x1f2 ./Code/Service/FreeRTOS/tasks.o
                0x00000000000020b2                xTaskGenericNotify
 .text.vTaskGenericNotifyGiveFromISR
                0x00000000000022a4      0x180 ./Code/Service/FreeRTOS/tasks.o
                0x00000000000022a4                vTaskGenericNotifyGiveFromISR
 .text.prvGetNextExpireTime
                0x0000000000002424       0x20 ./Code/Service/FreeRTOS/timers.o
 .text.prvInsertTimerInActiveList
                0x0000000000002444       0x4e ./Code/Service/FreeRTOS/timers.o
 .text.prvReloadTimer
                0x0000000000002492       0x28 ./Code/Service/FreeRTOS/timers.o
 .text.prvProcessExpiredTimer
                0x00000000000024ba       0x40 ./Code/Service/FreeRTOS/timers.o
 .text.prvSwitchTimerLists
                0x00000000000024fa       0x52 ./Code/Service/FreeRTOS/timers.o
 .text.prvSampleTimeNow
                0x000000000000254c       0x32 ./Code/Service/FreeRTOS/timers.o
 .text.prvProcessTimerOrBlockTask
                0x000000000000257e       0x6c ./Code/Service/FreeRTOS/timers.o
 .text.prvProcessReceivedCommands
                0x00000000000025ea      0x10c ./Code/Service/FreeRTOS/timers.o
 .text.prvTimerTask
                0x00000000000026f6       0x14 ./Code/Service/FreeRTOS/timers.o
 .text.prvCheckForValidListAndQueue
                0x000000000000270a       0x6c ./Code/Service/FreeRTOS/timers.o
 .text.xTimerCreateTimerTask
                0x0000000000002776       0x5e ./Code/Service/FreeRTOS/timers.o
                0x0000000000002776                xTimerCreateTimerTask
 .text.compute_azimuth
                0x00000000000027d4       0x4a ./Code/Middleware/SensorFusion/SensorFusion.o
                0x00000000000027d4                compute_azimuth
 .text.kalman_filter
                0x000000000000281e       0x9a ./Code/Middleware/SensorFusion/SensorFusion.o
                0x000000000000281e                kalman_filter
 .text.kalman_filter_2d
                0x00000000000028b8      0x1e8 ./Code/Middleware/SensorFusion/SensorFusion.o
                0x00000000000028b8                kalman_filter_2d
 .text.YawRate  0x0000000000002aa0      0x134 ./Code/Middleware/SensorFusion/SensorFusion.o
                0x0000000000002aa0                YawRate
 .text.SensorFuseWithKalman
                0x0000000000002bd4      0x2c2 ./Code/Middleware/SensorFusion/SensorFusion.o
                0x0000000000002bd4                SensorFuseWithKalman
 .text.Altitude_Kalman_2D_init
                0x0000000000002e96      0x1aa ./Code/Middleware/SensorFusion/SensorFusion.o
                0x0000000000002e96                Altitude_Kalman_2D_init
 .text.pid_ctrl
                0x0000000000003040       0x50 ./Code/Middleware/PID/pid.o
                0x0000000000003040                pid_ctrl
 .text.matrix_create
                0x0000000000003090        0x8 ./Code/Middleware/Matrix/matrix.o
                0x0000000000003090                matrix_create
 .text.matrix_add
                0x0000000000003098       0x98 ./Code/Middleware/Matrix/matrix.o
                0x0000000000003098                matrix_add
 .text.matrix_subtract
                0x0000000000003130       0x98 ./Code/Middleware/Matrix/matrix.o
                0x0000000000003130                matrix_subtract
 .text.matrix_multiply
                0x00000000000031c8       0xba ./Code/Middleware/Matrix/matrix.o
                0x00000000000031c8                matrix_multiply
 .text.matrix_transpose
                0x0000000000003282       0x58 ./Code/Middleware/Matrix/matrix.o
                0x0000000000003282                matrix_transpose
 .text.MCAL_WRAPEPR_SPI_POLL_TRANSFER
                0x00000000000032da       0x78 ./Code/MCAL/Wrapper/MCAL_wrapper.o
                0x00000000000032da                MCAL_WRAPEPR_SPI_POLL_TRANSFER
 .text.I2C_start_transmission
                0x0000000000003352       0x7a ./Code/MCAL/Wrapper/MCAL_wrapper.o
                0x0000000000003352                I2C_start_transmission
 .text.I2C_write
                0x00000000000033cc       0x32 ./Code/MCAL/Wrapper/MCAL_wrapper.o
                0x00000000000033cc                I2C_write
 .text.I2C_stop
                0x00000000000033fe       0x30 ./Code/MCAL/Wrapper/MCAL_wrapper.o
                0x00000000000033fe                I2C_stop
 .text.I2C_read
                0x000000000000342e       0x28 ./Code/MCAL/Wrapper/MCAL_wrapper.o
                0x000000000000342e                I2C_read
 .text.I2C_requestFrom
                0x0000000000003456       0x94 ./Code/MCAL/Wrapper/MCAL_wrapper.o
                0x0000000000003456                I2C_requestFrom
 .text.MCAL_WRAPEPR_TIM4_PWM_OUT
                0x00000000000034ea       0x3c ./Code/MCAL/Wrapper/MCAL_wrapper.o
                0x00000000000034ea                MCAL_WRAPEPR_TIM4_PWM_OUT
 .text.UART4_IRQHandler
                0x0000000000003526       0x26 ./Code/MCAL/Wrapper/MCAL_wrapper.o
                0x0000000000003526                UART4_IRQHandler
 .text.TIM1_UP_IRQHandler
                0x000000000000354c       0x9a ./Code/MCAL/Wrapper/MCAL_wrapper.o
                0x000000000000354c                TIM1_UP_IRQHandler
 .text.TIM1_CC_IRQHandler
                0x00000000000035e6       0xde ./Code/MCAL/Wrapper/MCAL_wrapper.o
                0x00000000000035e6                TIM1_CC_IRQHandler
 .text.MCAL_WRAPPER_TIM1GetWidthOfPulse
                0x00000000000036c4       0x6c ./Code/MCAL/Wrapper/MCAL_wrapper.o
                0x00000000000036c4                MCAL_WRAPPER_TIM1GetWidthOfPulse
 .text.MCAL_WRAPPER_SendDataThroughUART4
                0x0000000000003730       0x5e ./Code/MCAL/Wrapper/MCAL_wrapper.o
                0x0000000000003730                MCAL_WRAPPER_SendDataThroughUART4
 .text.MCAL_WRAPPER_ReceiveDataThroughUART4
                0x000000000000378e       0x56 ./Code/MCAL/Wrapper/MCAL_wrapper.o
                0x000000000000378e                MCAL_WRAPPER_ReceiveDataThroughUART4
 .text.MCAL_WRAPPER_DelayUS
                0x00000000000037e4       0x6a ./Code/MCAL/Wrapper/MCAL_wrapper.o
                0x00000000000037e4                MCAL_WRAPPER_DelayUS
 .text.MCAL_WRAPPER_HCSR04Trig
                0x000000000000384e       0x26 ./Code/MCAL/Wrapper/MCAL_wrapper.o
                0x000000000000384e                MCAL_WRAPPER_HCSR04Trig
 .text.MCAL_WRAPPER_GetADCBattery
                0x0000000000003874       0x40 ./Code/MCAL/Wrapper/MCAL_wrapper.o
                0x0000000000003874                MCAL_WRAPPER_GetADCBattery
 .text.vector_handler
                0x00000000000038b4       0x6c ./Code/MCAL/Startup/startup_ch32v20x_D6.o
                0x00000000000038b8                Ecall_M_Mode_Handler
                0x00000000000038ba                Ecall_U_Mode_Handler
                0x00000000000038bc                Break_Point_Handler
                0x00000000000038c2                WWDG_IRQHandler
                0x00000000000038c4                PVD_IRQHandler
                0x00000000000038c6                TAMPER_IRQHandler
                0x00000000000038c8                RTC_IRQHandler
                0x00000000000038ca                FLASH_IRQHandler
                0x00000000000038cc                RCC_IRQHandler
                0x00000000000038ce                EXTI0_IRQHandler
                0x00000000000038d0                EXTI1_IRQHandler
                0x00000000000038d2                EXTI2_IRQHandler
                0x00000000000038d4                EXTI3_IRQHandler
                0x00000000000038d6                EXTI4_IRQHandler
                0x00000000000038d8                DMA1_Channel1_IRQHandler
                0x00000000000038da                DMA1_Channel2_IRQHandler
                0x00000000000038dc                DMA1_Channel3_IRQHandler
                0x00000000000038de                DMA1_Channel4_IRQHandler
                0x00000000000038e0                DMA1_Channel5_IRQHandler
                0x00000000000038e2                DMA1_Channel6_IRQHandler
                0x00000000000038e4                DMA1_Channel7_IRQHandler
                0x00000000000038e6                ADC1_2_IRQHandler
                0x00000000000038e8                USB_HP_CAN1_TX_IRQHandler
                0x00000000000038ea                USB_LP_CAN1_RX0_IRQHandler
                0x00000000000038ec                CAN1_RX1_IRQHandler
                0x00000000000038ee                CAN1_SCE_IRQHandler
                0x00000000000038f0                EXTI9_5_IRQHandler
                0x00000000000038f2                TIM1_BRK_IRQHandler
                0x00000000000038f6                TIM1_TRG_COM_IRQHandler
                0x00000000000038fa                TIM2_IRQHandler
                0x00000000000038fc                TIM3_IRQHandler
                0x00000000000038fe                TIM4_IRQHandler
                0x0000000000003900                I2C1_EV_IRQHandler
                0x0000000000003902                I2C1_ER_IRQHandler
                0x0000000000003904                I2C2_EV_IRQHandler
                0x0000000000003906                I2C2_ER_IRQHandler
                0x0000000000003908                SPI1_IRQHandler
                0x000000000000390a                SPI2_IRQHandler
                0x000000000000390c                USART1_IRQHandler
                0x000000000000390e                USART2_IRQHandler
                0x0000000000003910                USART3_IRQHandler
                0x0000000000003912                EXTI15_10_IRQHandler
                0x0000000000003914                RTCAlarm_IRQHandler
                0x0000000000003916                USBWakeUp_IRQHandler
                0x0000000000003918                USBHD_IRQHandler
                0x000000000000391a                USBHDWakeUp_IRQHandler
                0x000000000000391e                DMA1_Channel8_IRQHandler
 .text.handle_reset
                0x0000000000003920       0x92 ./Code/MCAL/Startup/startup_ch32v20x_D6.o
                0x0000000000003920                handle_reset
 .text.ADC_Init
                0x00000000000039b2       0x58 ./Code/MCAL/Peripheral/src/ch32v20x_adc.o
                0x00000000000039b2                ADC_Init
 .text.ADC_Cmd  0x0000000000003a0a       0x14 ./Code/MCAL/Peripheral/src/ch32v20x_adc.o
                0x0000000000003a0a                ADC_Cmd
 .text.ADC_SoftwareStartConvCmd
                0x0000000000003a1e       0x1c ./Code/MCAL/Peripheral/src/ch32v20x_adc.o
                0x0000000000003a1e                ADC_SoftwareStartConvCmd
 .text.ADC_RegularChannelConfig
                0x0000000000003a3a       0xb6 ./Code/MCAL/Peripheral/src/ch32v20x_adc.o
                0x0000000000003a3a                ADC_RegularChannelConfig
 .text.ADC_GetConversionValue
                0x0000000000003af0        0x8 ./Code/MCAL/Peripheral/src/ch32v20x_adc.o
                0x0000000000003af0                ADC_GetConversionValue
 .text.ADC_GetFlagStatus
                0x0000000000003af8        0xe ./Code/MCAL/Peripheral/src/ch32v20x_adc.o
                0x0000000000003af8                ADC_GetFlagStatus
 .text.GPIO_Init
                0x0000000000003b06      0x10e ./Code/MCAL/Peripheral/src/ch32v20x_gpio.o
                0x0000000000003b06                GPIO_Init
 .text.GPIO_SetBits
                0x0000000000003c14       0x1a ./Code/MCAL/Peripheral/src/ch32v20x_gpio.o
                0x0000000000003c14                GPIO_SetBits
 .text.GPIO_ResetBits
                0x0000000000003c2e       0x1a ./Code/MCAL/Peripheral/src/ch32v20x_gpio.o
                0x0000000000003c2e                GPIO_ResetBits
 .text.I2C_Init
                0x0000000000003c48      0x11c ./Code/MCAL/Peripheral/src/ch32v20x_i2c.o
                0x0000000000003c48                I2C_Init
 .text.I2C_Cmd  0x0000000000003d64       0x24 ./Code/MCAL/Peripheral/src/ch32v20x_i2c.o
                0x0000000000003d64                I2C_Cmd
 .text.I2C_GenerateSTART
                0x0000000000003d88       0x26 ./Code/MCAL/Peripheral/src/ch32v20x_i2c.o
                0x0000000000003d88                I2C_GenerateSTART
 .text.I2C_GenerateSTOP
                0x0000000000003dae       0x26 ./Code/MCAL/Peripheral/src/ch32v20x_i2c.o
                0x0000000000003dae                I2C_GenerateSTOP
 .text.I2C_SendData
                0x0000000000003dd4        0x6 ./Code/MCAL/Peripheral/src/ch32v20x_i2c.o
                0x0000000000003dd4                I2C_SendData
 .text.I2C_ReceiveData
                0x0000000000003dda        0xa ./Code/MCAL/Peripheral/src/ch32v20x_i2c.o
                0x0000000000003dda                I2C_ReceiveData
 .text.I2C_Send7bitAddress
                0x0000000000003de4       0x16 ./Code/MCAL/Peripheral/src/ch32v20x_i2c.o
                0x0000000000003de4                I2C_Send7bitAddress
 .text.I2C_NACKPositionConfig
                0x0000000000003dfa       0x2e ./Code/MCAL/Peripheral/src/ch32v20x_i2c.o
                0x0000000000003dfa                I2C_NACKPositionConfig
 .text.I2C_CheckEvent
                0x0000000000003e28       0x22 ./Code/MCAL/Peripheral/src/ch32v20x_i2c.o
                0x0000000000003e28                I2C_CheckEvent
 .text.I2C_GetFlagStatus
                0x0000000000003e4a       0x3c ./Code/MCAL/Peripheral/src/ch32v20x_i2c.o
                0x0000000000003e4a                I2C_GetFlagStatus
 .text.NVIC_PriorityGroupConfig
                0x0000000000003e86        0xa ./Code/MCAL/Peripheral/src/ch32v20x_misc.o
                0x0000000000003e86                NVIC_PriorityGroupConfig
 .text.NVIC_Init
                0x0000000000003e90      0x1b2 ./Code/MCAL/Peripheral/src/ch32v20x_misc.o
                0x0000000000003e90                NVIC_Init
 .text.RCC_ADCCLKConfig
                0x0000000000004042       0x12 ./Code/MCAL/Peripheral/src/ch32v20x_rcc.o
                0x0000000000004042                RCC_ADCCLKConfig
 .text.RCC_GetClocksFreq
                0x0000000000004054      0x112 ./Code/MCAL/Peripheral/src/ch32v20x_rcc.o
                0x0000000000004054                RCC_GetClocksFreq
 .text.RCC_AHBPeriphClockCmd
                0x0000000000004166       0x1e ./Code/MCAL/Peripheral/src/ch32v20x_rcc.o
                0x0000000000004166                RCC_AHBPeriphClockCmd
 .text.RCC_APB2PeriphClockCmd
                0x0000000000004184       0x1e ./Code/MCAL/Peripheral/src/ch32v20x_rcc.o
                0x0000000000004184                RCC_APB2PeriphClockCmd
 .text.RCC_APB1PeriphClockCmd
                0x00000000000041a2       0x1e ./Code/MCAL/Peripheral/src/ch32v20x_rcc.o
                0x00000000000041a2                RCC_APB1PeriphClockCmd
 .text.SPI_Init
                0x00000000000041c0       0x64 ./Code/MCAL/Peripheral/src/ch32v20x_spi.o
                0x00000000000041c0                SPI_Init
 .text.SPI_Cmd  0x0000000000004224       0x26 ./Code/MCAL/Peripheral/src/ch32v20x_spi.o
                0x0000000000004224                SPI_Cmd
 .text.SPI_I2S_SendData
                0x000000000000424a        0x6 ./Code/MCAL/Peripheral/src/ch32v20x_spi.o
                0x000000000000424a                SPI_I2S_SendData
 .text.SPI_I2S_ReceiveData
                0x0000000000004250        0x6 ./Code/MCAL/Peripheral/src/ch32v20x_spi.o
                0x0000000000004250                SPI_I2S_ReceiveData
 .text.SPI_I2S_GetFlagStatus
                0x0000000000004256       0x10 ./Code/MCAL/Peripheral/src/ch32v20x_spi.o
                0x0000000000004256                SPI_I2S_GetFlagStatus
 .text.TI1_Config
                0x0000000000004266       0x8e ./Code/MCAL/Peripheral/src/ch32v20x_tim.o
 .text.TI2_Config
                0x00000000000042f4       0x98 ./Code/MCAL/Peripheral/src/ch32v20x_tim.o
 .text.TIM_TimeBaseInit
                0x000000000000438c       0x86 ./Code/MCAL/Peripheral/src/ch32v20x_tim.o
                0x000000000000438c                TIM_TimeBaseInit
 .text.TIM_OC1Init
                0x0000000000004412       0x86 ./Code/MCAL/Peripheral/src/ch32v20x_tim.o
                0x0000000000004412                TIM_OC1Init
 .text.TIM_OC2Init
                0x0000000000004498       0xc0 ./Code/MCAL/Peripheral/src/ch32v20x_tim.o
                0x0000000000004498                TIM_OC2Init
 .text.TIM_OC3Init
                0x0000000000004558       0xbe ./Code/MCAL/Peripheral/src/ch32v20x_tim.o
                0x0000000000004558                TIM_OC3Init
 .text.TIM_OC4Init
                0x0000000000004616       0x8c ./Code/MCAL/Peripheral/src/ch32v20x_tim.o
                0x0000000000004616                TIM_OC4Init
 .text.TIM_Cmd  0x00000000000046a2       0x24 ./Code/MCAL/Peripheral/src/ch32v20x_tim.o
                0x00000000000046a2                TIM_Cmd
 .text.TIM_CtrlPWMOutputs
                0x00000000000046c6       0x24 ./Code/MCAL/Peripheral/src/ch32v20x_tim.o
                0x00000000000046c6                TIM_CtrlPWMOutputs
 .text.TIM_ITConfig
                0x00000000000046ea       0x1e ./Code/MCAL/Peripheral/src/ch32v20x_tim.o
                0x00000000000046ea                TIM_ITConfig
 .text.TIM_SelectInputTrigger
                0x0000000000004708       0x14 ./Code/MCAL/Peripheral/src/ch32v20x_tim.o
                0x0000000000004708                TIM_SelectInputTrigger
 .text.TIM_ARRPreloadConfig
                0x000000000000471c       0x26 ./Code/MCAL/Peripheral/src/ch32v20x_tim.o
                0x000000000000471c                TIM_ARRPreloadConfig
 .text.TIM_OC1PreloadConfig
                0x0000000000004742       0x12 ./Code/MCAL/Peripheral/src/ch32v20x_tim.o
                0x0000000000004742                TIM_OC1PreloadConfig
 .text.TIM_OC2PreloadConfig
                0x0000000000004754       0x1a ./Code/MCAL/Peripheral/src/ch32v20x_tim.o
                0x0000000000004754                TIM_OC2PreloadConfig
 .text.TIM_OC3PreloadConfig
                0x000000000000476e       0x12 ./Code/MCAL/Peripheral/src/ch32v20x_tim.o
                0x000000000000476e                TIM_OC3PreloadConfig
 .text.TIM_OC4PreloadConfig
                0x0000000000004780       0x1a ./Code/MCAL/Peripheral/src/ch32v20x_tim.o
                0x0000000000004780                TIM_OC4PreloadConfig
 .text.TIM_UpdateDisableConfig
                0x000000000000479a       0x24 ./Code/MCAL/Peripheral/src/ch32v20x_tim.o
                0x000000000000479a                TIM_UpdateDisableConfig
 .text.TIM_UpdateRequestConfig
                0x00000000000047be       0x24 ./Code/MCAL/Peripheral/src/ch32v20x_tim.o
                0x00000000000047be                TIM_UpdateRequestConfig
 .text.TIM_SelectSlaveMode
                0x00000000000047e2       0x1e ./Code/MCAL/Peripheral/src/ch32v20x_tim.o
                0x00000000000047e2                TIM_SelectSlaveMode
 .text.TIM_SelectMasterSlaveMode
                0x0000000000004800       0x20 ./Code/MCAL/Peripheral/src/ch32v20x_tim.o
                0x0000000000004800                TIM_SelectMasterSlaveMode
 .text.TIM_SetCounter
                0x0000000000004820        0x6 ./Code/MCAL/Peripheral/src/ch32v20x_tim.o
                0x0000000000004820                TIM_SetCounter
 .text.TIM_SetCompare1
                0x0000000000004826        0x6 ./Code/MCAL/Peripheral/src/ch32v20x_tim.o
                0x0000000000004826                TIM_SetCompare1
 .text.TIM_SetIC1Prescaler
                0x000000000000482c       0x1e ./Code/MCAL/Peripheral/src/ch32v20x_tim.o
                0x000000000000482c                TIM_SetIC1Prescaler
 .text.TIM_SetIC2Prescaler
                0x000000000000484a       0x22 ./Code/MCAL/Peripheral/src/ch32v20x_tim.o
                0x000000000000484a                TIM_SetIC2Prescaler
 .text.TIM_PWMIConfig
                0x000000000000486c       0x88 ./Code/MCAL/Peripheral/src/ch32v20x_tim.o
                0x000000000000486c                TIM_PWMIConfig
 .text.TIM_GetCapture1
                0x00000000000048f4        0x6 ./Code/MCAL/Peripheral/src/ch32v20x_tim.o
                0x00000000000048f4                TIM_GetCapture1
 .text.TIM_GetCapture2
                0x00000000000048fa        0x6 ./Code/MCAL/Peripheral/src/ch32v20x_tim.o
                0x00000000000048fa                TIM_GetCapture2
 .text.TIM_GetCounter
                0x0000000000004900        0x6 ./Code/MCAL/Peripheral/src/ch32v20x_tim.o
                0x0000000000004900                TIM_GetCounter
 .text.TIM_ClearFlag
                0x0000000000004906        0xe ./Code/MCAL/Peripheral/src/ch32v20x_tim.o
                0x0000000000004906                TIM_ClearFlag
 .text.TIM_GetITStatus
                0x0000000000004914       0x1c ./Code/MCAL/Peripheral/src/ch32v20x_tim.o
                0x0000000000004914                TIM_GetITStatus
 .text.TIM_ClearITPendingBit
                0x0000000000004930        0xe ./Code/MCAL/Peripheral/src/ch32v20x_tim.o
                0x0000000000004930                TIM_ClearITPendingBit
 .text.USART_Init
                0x000000000000493e      0x104 ./Code/MCAL/Peripheral/src/ch32v20x_usart.o
                0x000000000000493e                USART_Init
 .text.USART_Cmd
                0x0000000000004a42       0x20 ./Code/MCAL/Peripheral/src/ch32v20x_usart.o
                0x0000000000004a42                USART_Cmd
 .text.USART_SendData
                0x0000000000004a62        0xa ./Code/MCAL/Peripheral/src/ch32v20x_usart.o
                0x0000000000004a62                USART_SendData
 .text.USART_ReceiveData
                0x0000000000004a6c        0xa ./Code/MCAL/Peripheral/src/ch32v20x_usart.o
                0x0000000000004a6c                USART_ReceiveData
 .text.USART_GetFlagStatus
                0x0000000000004a76       0x10 ./Code/MCAL/Peripheral/src/ch32v20x_usart.o
                0x0000000000004a76                USART_GetFlagStatus
 .text.USART_ClearFlag
                0x0000000000004a86        0xe ./Code/MCAL/Peripheral/src/ch32v20x_usart.o
                0x0000000000004a86                USART_ClearFlag
 .text.USART_GetITStatus
                0x0000000000004a94       0x4a ./Code/MCAL/Peripheral/src/ch32v20x_usart.o
                0x0000000000004a94                USART_GetITStatus
 .text.USART_Printf_Init
                0x0000000000004ade       0x66 ./Code/MCAL/Debug/debug.o
                0x0000000000004ade                USART_Printf_Init
 .text._write   0x0000000000004b44       0x46 ./Code/MCAL/Debug/debug.o
                0x0000000000004b44                _write
 .text._sbrk    0x0000000000004b8a       0x2e ./Code/MCAL/Debug/debug.o
                0x0000000000004b8a                _sbrk
 .text.MCAL_Config_ConfigAllPins
                0x0000000000004bb8      0x6d6 ./Code/MCAL/Config/MCAL_config.o
                0x0000000000004bb8                MCAL_Config_ConfigAllPins
 .text.SetSysClockTo144_HSE
                0x000000000000528e       0xb4 ./Code/MCAL/Config/system_ch32v20x.o
 .text.SetSysClock
                0x0000000000005342        0xc ./Code/MCAL/Config/system_ch32v20x.o
 .text.SystemInit
                0x000000000000534e       0x4c ./Code/MCAL/Config/system_ch32v20x.o
                0x000000000000534e                SystemInit
 .text.SystemCoreClockUpdate
                0x000000000000539a       0xe6 ./Code/MCAL/Config/system_ch32v20x.o
                0x000000000000539a                SystemCoreClockUpdate
 .text.HAL_WRAPPER_ReadAcc
                0x0000000000005480       0x42 ./Code/HAL/Wrapper/HAL_wrapper.o
                0x0000000000005480                HAL_WRAPPER_ReadAcc
 .text.HAL_WRAPPER_ReadGyro
                0x00000000000054c2       0x3a ./Code/HAL/Wrapper/HAL_wrapper.o
                0x00000000000054c2                HAL_WRAPPER_ReadGyro
 .text.HAL_WRAPPER_ReadMagnet
                0x00000000000054fc       0x46 ./Code/HAL/Wrapper/HAL_wrapper.o
                0x00000000000054fc                HAL_WRAPPER_ReadMagnet
 .text.HAL_WRAPPER_SetESCSpeeds
                0x0000000000005542       0x64 ./Code/HAL/Wrapper/HAL_wrapper.o
                0x0000000000005542                HAL_WRAPPER_SetESCSpeeds
 .text.HAL_WRAPPER_GetCommMessage
                0x00000000000055a6       0x14 ./Code/HAL/Wrapper/HAL_wrapper.o
                0x00000000000055a6                HAL_WRAPPER_GetCommMessage
 .text.HAL_WRAPPER_SendCommMessage
                0x00000000000055ba       0x20 ./Code/HAL/Wrapper/HAL_wrapper.o
                0x00000000000055ba                HAL_WRAPPER_SendCommMessage
 .text.HAL_WRAPPER_ReadPressure
                0x00000000000055da       0x12 ./Code/HAL/Wrapper/HAL_wrapper.o
                0x00000000000055da                HAL_WRAPPER_ReadPressure
 .text.HAL_WRAPPER_ReadTemperature
                0x00000000000055ec       0x12 ./Code/HAL/Wrapper/HAL_wrapper.o
                0x00000000000055ec                HAL_WRAPPER_ReadTemperature
 .text.HAL_WRAPPER_ReadAltitude
                0x00000000000055fe       0x1a ./Code/HAL/Wrapper/HAL_wrapper.o
                0x00000000000055fe                HAL_WRAPPER_ReadAltitude
 .text.HAL_WRAPPER_GetBatteryCharge
                0x0000000000005618       0xa8 ./Code/HAL/Wrapper/HAL_wrapper.o
                0x0000000000005618                HAL_WRAPPER_GetBatteryCharge
 .text.mpu6050_accel_setup
                0x00000000000056c0       0x58 ./Code/HAL/MPU6050/MPU6050.o
                0x00000000000056c0                mpu6050_accel_setup
 .text.mpu6050_accel_read
                0x0000000000005718       0xae ./Code/HAL/MPU6050/MPU6050.o
                0x0000000000005718                mpu6050_accel_read
 .text.mpu6050_gyro_read
                0x00000000000057c6      0x126 ./Code/HAL/MPU6050/MPU6050.o
                0x00000000000057c6                mpu6050_gyro_read
 .text.mpu6050_gyro_setup
                0x00000000000058ec       0xe2 ./Code/HAL/MPU6050/MPU6050.o
                0x00000000000058ec                mpu6050_gyro_setup
 .text.mpu6050_init
                0x00000000000059ce       0x10 ./Code/HAL/MPU6050/MPU6050.o
                0x00000000000059ce                mpu6050_init
 .text.hmc5883l_init
                0x00000000000059de       0xa8 ./Code/HAL/HMC5883L/HMC5883.o
                0x00000000000059de                hmc5883l_init
 .text.hmc5883l_read
                0x0000000000005a86       0x66 ./Code/HAL/HMC5883L/HMC5883.o
                0x0000000000005a86                hmc5883l_read
 .text.hmc5883l_normalize
                0x0000000000005aec       0x7c ./Code/HAL/HMC5883L/HMC5883.o
                0x0000000000005aec                hmc5883l_normalize
 .text.HAL_HCSR04_GetDistance
                0x0000000000005b68       0x4a ./Code/HAL/HC_SR04/HC_SR04.o
                0x0000000000005b68                HAL_HCSR04_GetDistance
 .text.HAL_ESC_init
                0x0000000000005bb2       0x36 ./Code/HAL/ESC/ESC.o
                0x0000000000005bb2                HAL_ESC_init
 .text.HAL_ESC_setSpeed
                0x0000000000005be8       0x5c ./Code/HAL/ESC/ESC.o
                0x0000000000005be8                HAL_ESC_setSpeed
 .text.HAL_Config_ConfigAllHW
                0x0000000000005c44       0x40 ./Code/HAL/Config/HAL_config.o
                0x0000000000005c44                HAL_Config_ConfigAllHW
 .text.BMP280_ReadRegister
                0x0000000000005c84       0x2e ./Code/HAL/BMP280/bmp.o
                0x0000000000005c84                BMP280_ReadRegister
 .text.BMP280_WriteRegister
                0x0000000000005cb2       0x2a ./Code/HAL/BMP280/bmp.o
                0x0000000000005cb2                BMP280_WriteRegister
 .text.BMP280_ReadUnsignedShort
                0x0000000000005cdc       0x24 ./Code/HAL/BMP280/bmp.o
                0x0000000000005cdc                BMP280_ReadUnsignedShort
 .text.BMP280_ReadSignedShort
                0x0000000000005d00       0x28 ./Code/HAL/BMP280/bmp.o
                0x0000000000005d00                BMP280_ReadSignedShort
 .text.BMP280_get_trimming_parameters
                0x0000000000005d28       0xa0 ./Code/HAL/BMP280/bmp.o
                0x0000000000005d28                BMP280_get_trimming_parameters
 .text.BMP280_ReadDataRegisters
                0x0000000000005dc8       0x34 ./Code/HAL/BMP280/bmp.o
                0x0000000000005dc8                BMP280_ReadDataRegisters
 .text.BMP280_GetTemperatureRawData
                0x0000000000005dfc       0x16 ./Code/HAL/BMP280/bmp.o
                0x0000000000005dfc                BMP280_GetTemperatureRawData
 .text.BMP280_GetPressureRawData
                0x0000000000005e12       0x16 ./Code/HAL/BMP280/bmp.o
                0x0000000000005e12                BMP280_GetPressureRawData
 .text.BMP280_CompensateTemperature
                0x0000000000005e28       0x62 ./Code/HAL/BMP280/bmp.o
                0x0000000000005e28                BMP280_CompensateTemperature
 .text.BMP280_CompensatePressure
                0x0000000000005e8a      0x20e ./Code/HAL/BMP280/bmp.o
                0x0000000000005e8a                BMP280_CompensatePressure
 .text.BMP280_Init
                0x0000000000006098       0x2e ./Code/HAL/BMP280/bmp.o
                0x0000000000006098                BMP280_Init
 .text.BMP280_get_temperature
                0x00000000000060c6       0x18 ./Code/HAL/BMP280/bmp.o
                0x00000000000060c6                BMP280_get_temperature
 .text.BMP280_get_pressure
                0x00000000000060de       0x1c ./Code/HAL/BMP280/bmp.o
                0x00000000000060de                BMP280_get_pressure
 .text.BMP280_get_altitude
                0x00000000000060fa       0x66 ./Code/HAL/BMP280/bmp.o
                0x00000000000060fa                BMP280_get_altitude
 .text.NMI_Handler
                0x0000000000006160        0x2 ./Code/APP/ch32v20x_it.o
                0x0000000000006160                NMI_Handler
 .text.HardFault_Handler
                0x0000000000006162        0x2 ./Code/APP/ch32v20x_it.o
                0x0000000000006162                HardFault_Handler
 .text.Task_CollectSensorData
                0x0000000000006164       0xce ./Code/APP/main.o
                0x0000000000006164                Task_CollectSensorData
 .text.Task_SensorFusion
                0x0000000000006232      0x14c ./Code/APP/main.o
                0x0000000000006232                Task_SensorFusion
 .text.Task_Master
                0x000000000000637e      0x336 ./Code/APP/main.o
                0x000000000000637e                Task_Master
 .text.UARTReceivedISR
                0x00000000000066b4       0x9c ./Code/APP/main.o
                0x00000000000066b4                UARTReceivedISR
 .text.Task_AppComm
                0x0000000000006750      0x11a ./Code/APP/main.o
                0x0000000000006750                Task_AppComm
 .text.main     0x000000000000686a       0xe2 ./Code/APP/main.o
                0x000000000000686a                main
 .text.atan     0x000000000000694c      0x33a c:/mounriver/mrs_community/toolchain/risc-v embedded gcc/bin/../lib/gcc/riscv-none-embed/8.2.0/../../../../riscv-none-embed/lib/rv32imac/ilp32\libm.a(lib_a-s_atan.o)
                0x000000000000694c                atan
 .text.cos      0x0000000000006c86       0x92 c:/mounriver/mrs_community/toolchain/risc-v embedded gcc/bin/../lib/gcc/riscv-none-embed/8.2.0/../../../../riscv-none-embed/lib/rv32imac/ilp32\libm.a(lib_a-s_cos.o)
                0x0000000000006c86                cos
 .text.fabs     0x0000000000006d18        0x6 c:/mounriver/mrs_community/toolchain/risc-v embedded gcc/bin/../lib/gcc/riscv-none-embed/8.2.0/../../../../riscv-none-embed/lib/rv32imac/ilp32\libm.a(lib_a-s_fabs.o)
                0x0000000000006d18                fabs
 .text.sin      0x0000000000006d1e       0x94 c:/mounriver/mrs_community/toolchain/risc-v embedded gcc/bin/../lib/gcc/riscv-none-embed/8.2.0/../../../../riscv-none-embed/lib/rv32imac/ilp32\libm.a(lib_a-s_sin.o)
                0x0000000000006d1e                sin
 .text.atan2    0x0000000000006db2        0x2 c:/mounriver/mrs_community/toolchain/risc-v embedded gcc/bin/../lib/gcc/riscv-none-embed/8.2.0/../../../../riscv-none-embed/lib/rv32imac/ilp32\libm.a(lib_a-w_atan2.o)
                0x0000000000006db2                atan2
 .text.pow      0x0000000000006db4      0x324 c:/mounriver/mrs_community/toolchain/risc-v embedded gcc/bin/../lib/gcc/riscv-none-embed/8.2.0/../../../../riscv-none-embed/lib/rv32imac/ilp32\libm.a(lib_a-w_pow.o)
                0x0000000000006db4                pow
 .text.sqrt     0x00000000000070d8       0xba c:/mounriver/mrs_community/toolchain/risc-v embedded gcc/bin/../lib/gcc/riscv-none-embed/8.2.0/../../../../riscv-none-embed/lib/rv32imac/ilp32\libm.a(lib_a-w_sqrt.o)
                0x00000000000070d8                sqrt
 .text.__ieee754_atan2
                0x0000000000007192      0x1e4 c:/mounriver/mrs_community/toolchain/risc-v embedded gcc/bin/../lib/gcc/riscv-none-embed/8.2.0/../../../../riscv-none-embed/lib/rv32imac/ilp32\libm.a(lib_a-e_atan2.o)
                0x0000000000007192                __ieee754_atan2
 .text.__ieee754_pow
                0x0000000000007376      0xad8 c:/mounriver/mrs_community/toolchain/risc-v embedded gcc/bin/../lib/gcc/riscv-none-embed/8.2.0/../../../../riscv-none-embed/lib/rv32imac/ilp32\libm.a(lib_a-e_pow.o)
                0x0000000000007376                __ieee754_pow
 .text.__ieee754_rem_pio2
                0x0000000000007e4e      0x466 c:/mounriver/mrs_community/toolchain/risc-v embedded gcc/bin/../lib/gcc/riscv-none-embed/8.2.0/../../../../riscv-none-embed/lib/rv32imac/ilp32\libm.a(lib_a-e_rem_pio2.o)
                0x0000000000007e4e                __ieee754_rem_pio2
 .text.__ieee754_sqrt
                0x00000000000082b4      0x1d6 c:/mounriver/mrs_community/toolchain/risc-v embedded gcc/bin/../lib/gcc/riscv-none-embed/8.2.0/../../../../riscv-none-embed/lib/rv32imac/ilp32\libm.a(lib_a-e_sqrt.o)
                0x00000000000082b4                __ieee754_sqrt
 .text.__kernel_cos
                0x000000000000848a      0x2b8 c:/mounriver/mrs_community/toolchain/risc-v embedded gcc/bin/../lib/gcc/riscv-none-embed/8.2.0/../../../../riscv-none-embed/lib/rv32imac/ilp32\libm.a(lib_a-k_cos.o)
                0x000000000000848a                __kernel_cos
 .text.__kernel_rem_pio2
                0x0000000000008742      0x952 c:/mounriver/mrs_community/toolchain/risc-v embedded gcc/bin/../lib/gcc/riscv-none-embed/8.2.0/../../../../riscv-none-embed/lib/rv32imac/ilp32\libm.a(lib_a-k_rem_pio2.o)
                0x0000000000008742                __kernel_rem_pio2
 .text.__kernel_sin
                0x0000000000009094      0x19a c:/mounriver/mrs_community/toolchain/risc-v embedded gcc/bin/../lib/gcc/riscv-none-embed/8.2.0/../../../../riscv-none-embed/lib/rv32imac/ilp32\libm.a(lib_a-k_sin.o)
                0x0000000000009094                __kernel_sin
 .text.finite   0x000000000000922e        0xe c:/mounriver/mrs_community/toolchain/risc-v embedded gcc/bin/../lib/gcc/riscv-none-embed/8.2.0/../../../../riscv-none-embed/lib/rv32imac/ilp32\libm.a(lib_a-s_finite.o)
                0x000000000000922e                finite
 .text.floor    0x000000000000923c      0x152 c:/mounriver/mrs_community/toolchain/risc-v embedded gcc/bin/../lib/gcc/riscv-none-embed/8.2.0/../../../../riscv-none-embed/lib/rv32imac/ilp32\libm.a(lib_a-s_floor.o)
                0x000000000000923c                floor
 .text.matherr  0x000000000000938e        0x4 c:/mounriver/mrs_community/toolchain/risc-v embedded gcc/bin/../lib/gcc/riscv-none-embed/8.2.0/../../../../riscv-none-embed/lib/rv32imac/ilp32\libm.a(lib_a-s_matherr.o)
                0x000000000000938e                matherr
 .text.nan      0x0000000000009392        0xe c:/mounriver/mrs_community/toolchain/risc-v embedded gcc/bin/../lib/gcc/riscv-none-embed/8.2.0/../../../../riscv-none-embed/lib/rv32imac/ilp32\libm.a(lib_a-s_nan.o)
                0x0000000000009392                nan
 .text.rint     0x00000000000093a0      0x186 c:/mounriver/mrs_community/toolchain/risc-v embedded gcc/bin/../lib/gcc/riscv-none-embed/8.2.0/../../../../riscv-none-embed/lib/rv32imac/ilp32\libm.a(lib_a-s_rint.o)
                0x00000000000093a0                rint
 .text.scalbn   0x0000000000009526      0x13e c:/mounriver/mrs_community/toolchain/risc-v embedded gcc/bin/../lib/gcc/riscv-none-embed/8.2.0/../../../../riscv-none-embed/lib/rv32imac/ilp32\libm.a(lib_a-s_scalbn.o)
                0x0000000000009526                scalbn
 .text.copysign
                0x0000000000009664       0x16 c:/mounriver/mrs_community/toolchain/risc-v embedded gcc/bin/../lib/gcc/riscv-none-embed/8.2.0/../../../../riscv-none-embed/lib/rv32imac/ilp32\libm.a(lib_a-s_copysign.o)
                0x0000000000009664                copysign
 .text.__divdi3
                0x000000000000967a      0x3d8 c:/mounriver/mrs_community/toolchain/risc-v embedded gcc/bin/../lib/gcc/riscv-none-embed/8.2.0/rv32imac/ilp32\libgcc.a(_divdi3.o)
                0x000000000000967a                __divdi3
 .text.__adddf3
                0x0000000000009a52      0x730 c:/mounriver/mrs_community/toolchain/risc-v embedded gcc/bin/../lib/gcc/riscv-none-embed/8.2.0/rv32imac/ilp32\libgcc.a(adddf3.o)
                0x0000000000009a52                __adddf3
 .text.__divdf3
                0x000000000000a182      0x5b4 c:/mounriver/mrs_community/toolchain/risc-v embedded gcc/bin/../lib/gcc/riscv-none-embed/8.2.0/rv32imac/ilp32\libgcc.a(divdf3.o)
                0x000000000000a182                __divdf3
 .text.__eqdf2  0x000000000000a736       0x6a c:/mounriver/mrs_community/toolchain/risc-v embedded gcc/bin/../lib/gcc/riscv-none-embed/8.2.0/rv32imac/ilp32\libgcc.a(eqdf2.o)
                0x000000000000a736                __nedf2
                0x000000000000a736                __eqdf2
 .text.__gedf2  0x000000000000a7a0       0xae c:/mounriver/mrs_community/toolchain/risc-v embedded gcc/bin/../lib/gcc/riscv-none-embed/8.2.0/rv32imac/ilp32\libgcc.a(gedf2.o)
                0x000000000000a7a0                __gedf2
                0x000000000000a7a0                __gtdf2
 .text.__ledf2  0x000000000000a84e       0xb6 c:/mounriver/mrs_community/toolchain/risc-v embedded gcc/bin/../lib/gcc/riscv-none-embed/8.2.0/rv32imac/ilp32\libgcc.a(ledf2.o)
                0x000000000000a84e                __ledf2
                0x000000000000a84e                __ltdf2
 .text.__muldf3
                0x000000000000a904      0x4b8 c:/mounriver/mrs_community/toolchain/risc-v embedded gcc/bin/../lib/gcc/riscv-none-embed/8.2.0/rv32imac/ilp32\libgcc.a(muldf3.o)
                0x000000000000a904                __muldf3
 .text.__subdf3
                0x000000000000adbc      0x73e c:/mounriver/mrs_community/toolchain/risc-v embedded gcc/bin/../lib/gcc/riscv-none-embed/8.2.0/rv32imac/ilp32\libgcc.a(subdf3.o)
                0x000000000000adbc                __subdf3
 .text.__unorddf2
                0x000000000000b4fa       0x3c c:/mounriver/mrs_community/toolchain/risc-v embedded gcc/bin/../lib/gcc/riscv-none-embed/8.2.0/rv32imac/ilp32\libgcc.a(unorddf2.o)
                0x000000000000b4fa                __unorddf2
 .text.__fixdfsi
                0x000000000000b536       0x68 c:/mounriver/mrs_community/toolchain/risc-v embedded gcc/bin/../lib/gcc/riscv-none-embed/8.2.0/rv32imac/ilp32\libgcc.a(fixdfsi.o)
                0x000000000000b536                __fixdfsi
 .text.__floatsidf
                0x000000000000b59e       0x72 c:/mounriver/mrs_community/toolchain/risc-v embedded gcc/bin/../lib/gcc/riscv-none-embed/8.2.0/rv32imac/ilp32\libgcc.a(floatsidf.o)
                0x000000000000b59e                __floatsidf
 .text.__floatunsidf
                0x000000000000b610       0x68 c:/mounriver/mrs_community/toolchain/risc-v embedded gcc/bin/../lib/gcc/riscv-none-embed/8.2.0/rv32imac/ilp32\libgcc.a(floatunsidf.o)
                0x000000000000b610                __floatunsidf
 .text.__addsf3
                0x000000000000b678      0x36a c:/mounriver/mrs_community/toolchain/risc-v embedded gcc/bin/../lib/gcc/riscv-none-embed/8.2.0/rv32imac/ilp32\libgcc.a(addsf3.o)
                0x000000000000b678                __addsf3
 .text.__divsf3
                0x000000000000b9e2      0x2b2 c:/mounriver/mrs_community/toolchain/risc-v embedded gcc/bin/../lib/gcc/riscv-none-embed/8.2.0/rv32imac/ilp32\libgcc.a(divsf3.o)
                0x000000000000b9e2                __divsf3
 .text.__gesf2  0x000000000000bc94       0x86 c:/mounriver/mrs_community/toolchain/risc-v embedded gcc/bin/../lib/gcc/riscv-none-embed/8.2.0/rv32imac/ilp32\libgcc.a(gesf2.o)
                0x000000000000bc94                __gesf2
                0x000000000000bc94                __gtsf2
 .text.__lesf2  0x000000000000bd1a       0x8c c:/mounriver/mrs_community/toolchain/risc-v embedded gcc/bin/../lib/gcc/riscv-none-embed/8.2.0/rv32imac/ilp32\libgcc.a(lesf2.o)
                0x000000000000bd1a                __ltsf2
                0x000000000000bd1a                __lesf2
 .text.__mulsf3
                0x000000000000bda6      0x294 c:/mounriver/mrs_community/toolchain/risc-v embedded gcc/bin/../lib/gcc/riscv-none-embed/8.2.0/rv32imac/ilp32\libgcc.a(mulsf3.o)
                0x000000000000bda6                __mulsf3
 .text.__subsf3
                0x000000000000c03a      0x388 c:/mounriver/mrs_community/toolchain/risc-v embedded gcc/bin/../lib/gcc/riscv-none-embed/8.2.0/rv32imac/ilp32\libgcc.a(subsf3.o)
                0x000000000000c03a                __subsf3
 .text.__fixunssfsi
                0x000000000000c3c2       0x56 c:/mounriver/mrs_community/toolchain/risc-v embedded gcc/bin/../lib/gcc/riscv-none-embed/8.2.0/rv32imac/ilp32\libgcc.a(fixunssfsi.o)
                0x000000000000c3c2                __fixunssfsi
 .text.__floatsisf
                0x000000000000c418       0xc6 c:/mounriver/mrs_community/toolchain/risc-v embedded gcc/bin/../lib/gcc/riscv-none-embed/8.2.0/rv32imac/ilp32\libgcc.a(floatsisf.o)
                0x000000000000c418                __floatsisf
 .text.__floatdisf
                0x000000000000c4de      0x142 c:/mounriver/mrs_community/toolchain/risc-v embedded gcc/bin/../lib/gcc/riscv-none-embed/8.2.0/rv32imac/ilp32\libgcc.a(floatdisf.o)
                0x000000000000c4de                __floatdisf
 .text.__extendsfdf2
                0x000000000000c620       0xac c:/mounriver/mrs_community/toolchain/risc-v embedded gcc/bin/../lib/gcc/riscv-none-embed/8.2.0/rv32imac/ilp32\libgcc.a(extendsfdf2.o)
                0x000000000000c620                __extendsfdf2
 .text.__truncdfsf2
                0x000000000000c6cc      0x16a c:/mounriver/mrs_community/toolchain/risc-v embedded gcc/bin/../lib/gcc/riscv-none-embed/8.2.0/rv32imac/ilp32\libgcc.a(truncdfsf2.o)
                0x000000000000c6cc                __truncdfsf2
 .text.__clzsi2
                0x000000000000c836       0x76 c:/mounriver/mrs_community/toolchain/risc-v embedded gcc/bin/../lib/gcc/riscv-none-embed/8.2.0/rv32imac/ilp32\libgcc.a(_clzsi2.o)
                0x000000000000c836                __clzsi2
 .text.__errno  0x000000000000c8ac        0x8 c:/mounriver/mrs_community/toolchain/risc-v embedded gcc/bin/../lib/gcc/riscv-none-embed/8.2.0/../../../../riscv-none-embed/lib/rv32imac/ilp32\libg_nano.a(lib_a-errno.o)
                0x000000000000c8ac                __errno
 .text.malloc   0x000000000000c8b4        0xa c:/mounriver/mrs_community/toolchain/risc-v embedded gcc/bin/../lib/gcc/riscv-none-embed/8.2.0/../../../../riscv-none-embed/lib/rv32imac/ilp32\libg_nano.a(lib_a-malloc.o)
                0x000000000000c8b4                malloc
 .text.free     0x000000000000c8be        0xa c:/mounriver/mrs_community/toolchain/risc-v embedded gcc/bin/../lib/gcc/riscv-none-embed/8.2.0/../../../../riscv-none-embed/lib/rv32imac/ilp32\libg_nano.a(lib_a-malloc.o)
                0x000000000000c8be                free
 .text.memcpy   0x000000000000c8c8       0xb6 c:/mounriver/mrs_community/toolchain/risc-v embedded gcc/bin/../lib/gcc/riscv-none-embed/8.2.0/../../../../riscv-none-embed/lib/rv32imac/ilp32\libg_nano.a(lib_a-memcpy.o)
                0x000000000000c8c8                memcpy
 .text._free_r  0x000000000000c97e       0xb0 c:/mounriver/mrs_community/toolchain/risc-v embedded gcc/bin/../lib/gcc/riscv-none-embed/8.2.0/../../../../riscv-none-embed/lib/rv32imac/ilp32\libg_nano.a(lib_a-nano-freer.o)
                0x000000000000c97e                _free_r
 .text._malloc_r
                0x000000000000ca2e       0xd4 c:/mounriver/mrs_community/toolchain/risc-v embedded gcc/bin/../lib/gcc/riscv-none-embed/8.2.0/../../../../riscv-none-embed/lib/rv32imac/ilp32\libg_nano.a(lib_a-nano-mallocr.o)
                0x000000000000ca2e                _malloc_r
 .text.printf   0x000000000000cb02       0x40 c:/mounriver/mrs_community/toolchain/risc-v embedded gcc/bin/../lib/gcc/riscv-none-embed/8.2.0/../../../../riscv-none-embed/lib/rv32imac/ilp32\libg_nano.a(lib_a-printf.o)
                0x000000000000cb02                iprintf
                0x000000000000cb02                printf
 .text._puts_r  0x000000000000cb42       0xda c:/mounriver/mrs_community/toolchain/risc-v embedded gcc/bin/../lib/gcc/riscv-none-embed/8.2.0/../../../../riscv-none-embed/lib/rv32imac/ilp32\libg_nano.a(lib_a-puts.o)
                0x000000000000cb42                _puts_r
 .text.puts     0x000000000000cc1c        0xc c:/mounriver/mrs_community/toolchain/risc-v embedded gcc/bin/../lib/gcc/riscv-none-embed/8.2.0/../../../../riscv-none-embed/lib/rv32imac/ilp32\libg_nano.a(lib_a-puts.o)
                0x000000000000cc1c                puts
 .text._sbrk_r  0x000000000000cc28       0x32 c:/mounriver/mrs_community/toolchain/risc-v embedded gcc/bin/../lib/gcc/riscv-none-embed/8.2.0/../../../../riscv-none-embed/lib/rv32imac/ilp32\libg_nano.a(lib_a-sbrkr.o)
                0x000000000000cc28                _sbrk_r
 .text.__swbuf_r
                0x000000000000cc5a       0xc0 c:/mounriver/mrs_community/toolchain/risc-v embedded gcc/bin/../lib/gcc/riscv-none-embed/8.2.0/../../../../riscv-none-embed/lib/rv32imac/ilp32\libg_nano.a(lib_a-wbuf.o)
                0x000000000000cc5a                __swbuf_r
 .text.__swsetup_r
                0x000000000000cd1a      0x10e c:/mounriver/mrs_community/toolchain/risc-v embedded gcc/bin/../lib/gcc/riscv-none-embed/8.2.0/../../../../riscv-none-embed/lib/rv32imac/ilp32\libg_nano.a(lib_a-wsetup.o)
                0x000000000000cd1a                __swsetup_r
 .text.__sflush_r
                0x000000000000ce28      0x13e c:/mounriver/mrs_community/toolchain/risc-v embedded gcc/bin/../lib/gcc/riscv-none-embed/8.2.0/../../../../riscv-none-embed/lib/rv32imac/ilp32\libg_nano.a(lib_a-fflush.o)
                0x000000000000ce28                __sflush_r
 .text._fflush_r
                0x000000000000cf66       0x66 c:/mounriver/mrs_community/toolchain/risc-v embedded gcc/bin/../lib/gcc/riscv-none-embed/8.2.0/../../../../riscv-none-embed/lib/rv32imac/ilp32\libg_nano.a(lib_a-fflush.o)
                0x000000000000cf66                _fflush_r
 .text.std      0x000000000000cfcc       0x6a c:/mounriver/mrs_community/toolchain/risc-v embedded gcc/bin/../lib/gcc/riscv-none-embed/8.2.0/../../../../riscv-none-embed/lib/rv32imac/ilp32\libg_nano.a(lib_a-findfp.o)
 .text._cleanup_r
                0x000000000000d036        0xa c:/mounriver/mrs_community/toolchain/risc-v embedded gcc/bin/../lib/gcc/riscv-none-embed/8.2.0/../../../../riscv-none-embed/lib/rv32imac/ilp32\libg_nano.a(lib_a-findfp.o)
                0x000000000000d036                _cleanup_r
 .text.__sfmoreglue
                0x000000000000d040       0x48 c:/mounriver/mrs_community/toolchain/risc-v embedded gcc/bin/../lib/gcc/riscv-none-embed/8.2.0/../../../../riscv-none-embed/lib/rv32imac/ilp32\libg_nano.a(lib_a-findfp.o)
                0x000000000000d040                __sfmoreglue
 .text.__sinit  0x000000000000d088       0x6c c:/mounriver/mrs_community/toolchain/risc-v embedded gcc/bin/../lib/gcc/riscv-none-embed/8.2.0/../../../../riscv-none-embed/lib/rv32imac/ilp32\libg_nano.a(lib_a-findfp.o)
                0x000000000000d088                __sinit
 .text.__sfp    0x000000000000d0f4       0xa0 c:/mounriver/mrs_community/toolchain/risc-v embedded gcc/bin/../lib/gcc/riscv-none-embed/8.2.0/../../../../riscv-none-embed/lib/rv32imac/ilp32\libg_nano.a(lib_a-findfp.o)
                0x000000000000d0f4                __sfp
 .text._fwalk_reent
                0x000000000000d194       0x6c c:/mounriver/mrs_community/toolchain/risc-v embedded gcc/bin/../lib/gcc/riscv-none-embed/8.2.0/../../../../riscv-none-embed/lib/rv32imac/ilp32\libg_nano.a(lib_a-fwalk.o)
                0x000000000000d194                _fwalk_reent
 .text.__swhatbuf_r
                0x000000000000d200       0x5a c:/mounriver/mrs_community/toolchain/risc-v embedded gcc/bin/../lib/gcc/riscv-none-embed/8.2.0/../../../../riscv-none-embed/lib/rv32imac/ilp32\libg_nano.a(lib_a-makebuf.o)
                0x000000000000d200                __swhatbuf_r
 .text.__smakebuf_r
                0x000000000000d25a       0xa2 c:/mounriver/mrs_community/toolchain/risc-v embedded gcc/bin/../lib/gcc/riscv-none-embed/8.2.0/../../../../riscv-none-embed/lib/rv32imac/ilp32\libg_nano.a(lib_a-makebuf.o)
                0x000000000000d25a                __smakebuf_r
 .text.__malloc_lock
                0x000000000000d2fc        0x2 c:/mounriver/mrs_community/toolchain/risc-v embedded gcc/bin/../lib/gcc/riscv-none-embed/8.2.0/../../../../riscv-none-embed/lib/rv32imac/ilp32\libg_nano.a(lib_a-mlock.o)
                0x000000000000d2fc                __malloc_lock
 .text.__malloc_unlock
                0x000000000000d2fe        0x2 c:/mounriver/mrs_community/toolchain/risc-v embedded gcc/bin/../lib/gcc/riscv-none-embed/8.2.0/../../../../riscv-none-embed/lib/rv32imac/ilp32\libg_nano.a(lib_a-mlock.o)
                0x000000000000d2fe                __malloc_unlock
 .text.__sfputc_r
                0x000000000000d300       0x2a c:/mounriver/mrs_community/toolchain/risc-v embedded gcc/bin/../lib/gcc/riscv-none-embed/8.2.0/../../../../riscv-none-embed/lib/rv32imac/ilp32\libg_nano.a(lib_a-nano-vfprintf.o)
 .text.__sfputs_r
                0x000000000000d32a       0x44 c:/mounriver/mrs_community/toolchain/risc-v embedded gcc/bin/../lib/gcc/riscv-none-embed/8.2.0/../../../../riscv-none-embed/lib/rv32imac/ilp32\libg_nano.a(lib_a-nano-vfprintf.o)
                0x000000000000d32a                __sfputs_r
 .text._vfprintf_r
                0x000000000000d36e      0x29c c:/mounriver/mrs_community/toolchain/risc-v embedded gcc/bin/../lib/gcc/riscv-none-embed/8.2.0/../../../../riscv-none-embed/lib/rv32imac/ilp32\libg_nano.a(lib_a-nano-vfprintf.o)
                0x000000000000d36e                _vfprintf_r
                0x000000000000d36e                _vfiprintf_r
 .text._printf_common
                0x000000000000d60a      0x10c c:/mounriver/mrs_community/toolchain/risc-v embedded gcc/bin/../lib/gcc/riscv-none-embed/8.2.0/../../../../riscv-none-embed/lib/rv32imac/ilp32\libg_nano.a(lib_a-nano-vfprintf_i.o)
                0x000000000000d60a                _printf_common
 .text._printf_i
                0x000000000000d716      0x2aa c:/mounriver/mrs_community/toolchain/risc-v embedded gcc/bin/../lib/gcc/riscv-none-embed/8.2.0/../../../../riscv-none-embed/lib/rv32imac/ilp32\libg_nano.a(lib_a-nano-vfprintf_i.o)
                0x000000000000d716                _printf_i
 .text.__sread  0x000000000000d9c0       0x30 c:/mounriver/mrs_community/toolchain/risc-v embedded gcc/bin/../lib/gcc/riscv-none-embed/8.2.0/../../../../riscv-none-embed/lib/rv32imac/ilp32\libg_nano.a(lib_a-stdio.o)
                0x000000000000d9c0                __sread
 .text.__swrite
                0x000000000000d9f0       0x4e c:/mounriver/mrs_community/toolchain/risc-v embedded gcc/bin/../lib/gcc/riscv-none-embed/8.2.0/../../../../riscv-none-embed/lib/rv32imac/ilp32\libg_nano.a(lib_a-stdio.o)
                0x000000000000d9f0                __swrite
 .text.__sseek  0x000000000000da3e       0x36 c:/mounriver/mrs_community/toolchain/risc-v embedded gcc/bin/../lib/gcc/riscv-none-embed/8.2.0/../../../../riscv-none-embed/lib/rv32imac/ilp32\libg_nano.a(lib_a-stdio.o)
                0x000000000000da3e                __sseek
 .text.__sclose
                0x000000000000da74        0x6 c:/mounriver/mrs_community/toolchain/risc-v embedded gcc/bin/../lib/gcc/riscv-none-embed/8.2.0/../../../../riscv-none-embed/lib/rv32imac/ilp32\libg_nano.a(lib_a-stdio.o)
                0x000000000000da74                __sclose
 .text._write_r
                0x000000000000da7a       0x36 c:/mounriver/mrs_community/toolchain/risc-v embedded gcc/bin/../lib/gcc/riscv-none-embed/8.2.0/../../../../riscv-none-embed/lib/rv32imac/ilp32\libg_nano.a(lib_a-writer.o)
                0x000000000000da7a                _write_r
 .text._close_r
                0x000000000000dab0       0x30 c:/mounriver/mrs_community/toolchain/risc-v embedded gcc/bin/../lib/gcc/riscv-none-embed/8.2.0/../../../../riscv-none-embed/lib/rv32imac/ilp32\libg_nano.a(lib_a-closer.o)
                0x000000000000dab0                _close_r
 .text._fstat_r
                0x000000000000dae0       0x32 c:/mounriver/mrs_community/toolchain/risc-v embedded gcc/bin/../lib/gcc/riscv-none-embed/8.2.0/../../../../riscv-none-embed/lib/rv32imac/ilp32\libg_nano.a(lib_a-fstatr.o)
                0x000000000000dae0                _fstat_r
 .text._isatty_r
                0x000000000000db12       0x30 c:/mounriver/mrs_community/toolchain/risc-v embedded gcc/bin/../lib/gcc/riscv-none-embed/8.2.0/../../../../riscv-none-embed/lib/rv32imac/ilp32\libg_nano.a(lib_a-isattyr.o)
                0x000000000000db12                _isatty_r
 .text._lseek_r
                0x000000000000db42       0x34 c:/mounriver/mrs_community/toolchain/risc-v embedded gcc/bin/../lib/gcc/riscv-none-embed/8.2.0/../../../../riscv-none-embed/lib/rv32imac/ilp32\libg_nano.a(lib_a-lseekr.o)
                0x000000000000db42                _lseek_r
 .text.memchr   0x000000000000db76       0x1a c:/mounriver/mrs_community/toolchain/risc-v embedded gcc/bin/../lib/gcc/riscv-none-embed/8.2.0/../../../../riscv-none-embed/lib/rv32imac/ilp32\libg_nano.a(lib_a-memchr.o)
                0x000000000000db76                memchr
 .text._read_r  0x000000000000db90       0x34 c:/mounriver/mrs_community/toolchain/risc-v embedded gcc/bin/../lib/gcc/riscv-none-embed/8.2.0/../../../../riscv-none-embed/lib/rv32imac/ilp32\libg_nano.a(lib_a-readr.o)
                0x000000000000db90                _read_r
 .text._close   0x000000000000dbc4       0x10 c:/mounriver/mrs_community/toolchain/risc-v embedded gcc/bin/../lib/gcc/riscv-none-embed/8.2.0/../../../../riscv-none-embed/lib/rv32imac/ilp32\libnosys.a(close.o)
                0x000000000000dbc4                _close
 .text._fstat   0x000000000000dbd4       0x10 c:/mounriver/mrs_community/toolchain/risc-v embedded gcc/bin/../lib/gcc/riscv-none-embed/8.2.0/../../../../riscv-none-embed/lib/rv32imac/ilp32\libnosys.a(fstat.o)
                0x000000000000dbd4                _fstat
 .text._isatty  0x000000000000dbe4       0x10 c:/mounriver/mrs_community/toolchain/risc-v embedded gcc/bin/../lib/gcc/riscv-none-embed/8.2.0/../../../../riscv-none-embed/lib/rv32imac/ilp32\libnosys.a(isatty.o)
                0x000000000000dbe4                _isatty
 .text._lseek   0x000000000000dbf4       0x10 c:/mounriver/mrs_community/toolchain/risc-v embedded gcc/bin/../lib/gcc/riscv-none-embed/8.2.0/../../../../riscv-none-embed/lib/rv32imac/ilp32\libnosys.a(lseek.o)
                0x000000000000dbf4                _lseek
 .text._read    0x000000000000dc04       0x10 c:/mounriver/mrs_community/toolchain/risc-v embedded gcc/bin/../lib/gcc/riscv-none-embed/8.2.0/../../../../riscv-none-embed/lib/rv32imac/ilp32\libnosys.a(read.o)
                0x000000000000dc04                _read
 *(.rodata)
 *(.rodata*)
 *fill*         0x000000000000dc14        0x0 
 .rodata.pvPortMalloc.str1.4
                0x000000000000dc14       0x55 ./Code/Service/FreeRTOS/portable/MemMang/heap_4.o
 *fill*         0x000000000000dc69        0x3 
 .rodata.xPortStartScheduler.str1.4
                0x000000000000dc6c       0x34 ./Code/Service/FreeRTOS/portable/GCC/RISC-V/port.o
                                         0x55 (size before relaxing)
 .rodata.xQueueGenericReset.str1.4
                0x000000000000dca0       0x21 ./Code/Service/FreeRTOS/queue.o
                                         0x45 (size before relaxing)
 *fill*         0x000000000000dcc1        0x3 
 .rodata.xTaskGenericNotify
                0x000000000000dcc4       0x14 ./Code/Service/FreeRTOS/tasks.o
 .rodata.prvTaskIsTaskSuspended.str1.4
                0x000000000000dcd8       0x21 ./Code/Service/FreeRTOS/tasks.o
                                         0x45 (size before relaxing)
 *fill*         0x000000000000dcf9        0x3 
 .rodata.vTaskStartScheduler.str1.4
                0x000000000000dcfc        0x5 ./Code/Service/FreeRTOS/tasks.o
 *fill*         0x000000000000dd01        0x3 
 .rodata.prvProcessReceivedCommands
                0x000000000000dd04       0x28 ./Code/Service/FreeRTOS/timers.o
 .rodata.prvCheckForValidListAndQueue.str1.4
                0x000000000000dd2c        0x5 ./Code/Service/FreeRTOS/timers.o
 *fill*         0x000000000000dd31        0x3 
 .rodata.prvProcessReceivedCommands.str1.4
                0x000000000000dd34       0x22 ./Code/Service/FreeRTOS/timers.o
                                         0x45 (size before relaxing)
 *fill*         0x000000000000dd56        0x2 
 .rodata.xTimerCreateTimerTask.str1.4
                0x000000000000dd58        0x8 ./Code/Service/FreeRTOS/timers.o
 .rodata.Altitude_Kalman_2D_init.cst4
                0x000000000000dd60        0x4 ./Code/Middleware/SensorFusion/SensorFusion.o
 *fill*         0x000000000000dd64        0x4 
 .rodata.Altitude_Kalman_2D_init.cst8
                0x000000000000dd68        0x8 ./Code/Middleware/SensorFusion/SensorFusion.o
 .rodata.SensorFuseWithKalman.cst4
                0x000000000000dd70        0x8 ./Code/Middleware/SensorFusion/SensorFusion.o
 .rodata.SensorFuseWithKalman.cst8
                0x000000000000dd78        0x8 ./Code/Middleware/SensorFusion/SensorFusion.o
 .rodata.YawRate.cst4
                0x000000000000dd80        0x4 ./Code/Middleware/SensorFusion/SensorFusion.o
 .rodata.compute_azimuth.cst4
                0x000000000000dd84        0x4 ./Code/Middleware/SensorFusion/SensorFusion.o
 .rodata.compute_azimuth.cst8
                0x000000000000dd88        0x8 ./Code/Middleware/SensorFusion/SensorFusion.o
 .rodata.kalman_filter.cst4
                0x000000000000dd90        0x4 ./Code/Middleware/SensorFusion/SensorFusion.o
 *fill*         0x000000000000dd94        0x4 
 .rodata.kalman_filter_2d.cst8
                0x000000000000dd98       0x10 ./Code/Middleware/SensorFusion/SensorFusion.o
 .rodata.HAL_WRAPPER_GetBatteryCharge.cst4
                0x000000000000dda8        0x8 ./Code/HAL/Wrapper/HAL_wrapper.o
 .rodata.HAL_WRAPPER_GetBatteryCharge.cst8
                0x000000000000ddb0       0x28 ./Code/HAL/Wrapper/HAL_wrapper.o
 .rodata.mpu6050_accel_read.cst4
                0x000000000000ddd8        0x4 ./Code/HAL/MPU6050/MPU6050.o
 *fill*         0x000000000000dddc        0x4 
 .rodata.mpu6050_gyro_read.cst8
                0x000000000000dde0        0x8 ./Code/HAL/MPU6050/MPU6050.o
 .rodata.mpu6050_gyro_setup.cst4
                0x000000000000dde8        0x4 ./Code/HAL/MPU6050/MPU6050.o
 *fill*         0x000000000000ddec        0x4 
 .rodata.hmc5883l_normalize.cst8
                0x000000000000ddf0       0x18 ./Code/HAL/HMC5883L/HMC5883.o
 .rodata.HAL_HCSR04_GetDistance.cst4
                0x000000000000de08        0x4 ./Code/HAL/HC_SR04/HC_SR04.o
 *fill*         0x000000000000de0c        0x4 
 .rodata.HAL_HCSR04_GetDistance.cst8
                0x000000000000de10        0x8 ./Code/HAL/HC_SR04/HC_SR04.o
 .rodata.BMP280_CompensatePressure.cst4
                0x000000000000de18        0x4 ./Code/HAL/BMP280/bmp.o
 .rodata.BMP280_CompensateTemperature.cst4
                0x000000000000de1c        0x4 ./Code/HAL/BMP280/bmp.o
 *fill*         0x000000000000de1c        0x4 
 .rodata.BMP280_get_altitude.cst8
                0x000000000000de20       0x10 ./Code/HAL/BMP280/bmp.o
                                         0x18 (size before relaxing)
 .rodata.Task_Master.cst4
                0x000000000000de30        0x8 ./Code/APP/main.o
 .rodata.Task_Master.str1.4
                0x000000000000de38       0x29 ./Code/APP/main.o
 *fill*         0x000000000000de61        0x3 
 .rodata.main.str1.4
                0x000000000000de64       0x58 ./Code/APP/main.o
 *fill*         0x000000000000debc        0x4 
 .rodata.atan.cst8
                0x000000000000dec0       0x88 c:/mounriver/mrs_community/toolchain/risc-v embedded gcc/bin/../lib/gcc/riscv-none-embed/8.2.0/../../../../riscv-none-embed/lib/rv32imac/ilp32\libm.a(lib_a-s_atan.o)
                                         0x90 (size before relaxing)
 .rodata.atanhi
                0x000000000000df48       0x20 c:/mounriver/mrs_community/toolchain/risc-v embedded gcc/bin/../lib/gcc/riscv-none-embed/8.2.0/../../../../riscv-none-embed/lib/rv32imac/ilp32\libm.a(lib_a-s_atan.o)
 .rodata.atanlo
                0x000000000000df68       0x20 c:/mounriver/mrs_community/toolchain/risc-v embedded gcc/bin/../lib/gcc/riscv-none-embed/8.2.0/../../../../riscv-none-embed/lib/rv32imac/ilp32\libm.a(lib_a-s_atan.o)
 .rodata.pow.cst8
                0x000000000000df88       0x20 c:/mounriver/mrs_community/toolchain/risc-v embedded gcc/bin/../lib/gcc/riscv-none-embed/8.2.0/../../../../riscv-none-embed/lib/rv32imac/ilp32\libm.a(lib_a-w_pow.o)
                                         0x30 (size before relaxing)
 .rodata.pow.str1.4
                0x000000000000dfa8        0x4 c:/mounriver/mrs_community/toolchain/risc-v embedded gcc/bin/../lib/gcc/riscv-none-embed/8.2.0/../../../../riscv-none-embed/lib/rv32imac/ilp32\libm.a(lib_a-w_pow.o)
 .rodata.sqrt.str1.4
                0x000000000000dfac        0x5 c:/mounriver/mrs_community/toolchain/risc-v embedded gcc/bin/../lib/gcc/riscv-none-embed/8.2.0/../../../../riscv-none-embed/lib/rv32imac/ilp32\libm.a(lib_a-w_sqrt.o)
 *fill*         0x000000000000dfb1        0x7 
 .rodata.__ieee754_atan2.cst8
                0x000000000000dfb8       0x40 c:/mounriver/mrs_community/toolchain/risc-v embedded gcc/bin/../lib/gcc/riscv-none-embed/8.2.0/../../../../riscv-none-embed/lib/rv32imac/ilp32\libm.a(lib_a-e_atan2.o)
                                         0x50 (size before relaxing)
 .rodata.__ieee754_pow.cst8
                0x000000000000dff8       0xe0 c:/mounriver/mrs_community/toolchain/risc-v embedded gcc/bin/../lib/gcc/riscv-none-embed/8.2.0/../../../../riscv-none-embed/lib/rv32imac/ilp32\libm.a(lib_a-e_pow.o)
                                        0x110 (size before relaxing)
 .rodata.__ieee754_pow.str1.4
                0x000000000000e0d8        0x5 c:/mounriver/mrs_community/toolchain/risc-v embedded gcc/bin/../lib/gcc/riscv-none-embed/8.2.0/../../../../riscv-none-embed/lib/rv32imac/ilp32\libm.a(lib_a-e_pow.o)
                                          0x1 (size before relaxing)
 .rodata.__ieee754_rem_pio2.cst8
                0x000000000000e0d8       0x40 c:/mounriver/mrs_community/toolchain/risc-v embedded gcc/bin/../lib/gcc/riscv-none-embed/8.2.0/../../../../riscv-none-embed/lib/rv32imac/ilp32\libm.a(lib_a-e_rem_pio2.o)
                                         0x48 (size before relaxing)
 .rodata.npio2_hw
                0x000000000000e118       0x80 c:/mounriver/mrs_community/toolchain/risc-v embedded gcc/bin/../lib/gcc/riscv-none-embed/8.2.0/../../../../riscv-none-embed/lib/rv32imac/ilp32\libm.a(lib_a-e_rem_pio2.o)
 .rodata.two_over_pi
                0x000000000000e198      0x108 c:/mounriver/mrs_community/toolchain/risc-v embedded gcc/bin/../lib/gcc/riscv-none-embed/8.2.0/../../../../riscv-none-embed/lib/rv32imac/ilp32\libm.a(lib_a-e_rem_pio2.o)
 .rodata.__kernel_cos.cst8
                0x000000000000e2a0       0x40 c:/mounriver/mrs_community/toolchain/risc-v embedded gcc/bin/../lib/gcc/riscv-none-embed/8.2.0/../../../../riscv-none-embed/lib/rv32imac/ilp32\libm.a(lib_a-k_cos.o)
                                         0x50 (size before relaxing)
 .rodata.PIo2   0x000000000000e2e0       0x40 c:/mounriver/mrs_community/toolchain/risc-v embedded gcc/bin/../lib/gcc/riscv-none-embed/8.2.0/../../../../riscv-none-embed/lib/rv32imac/ilp32\libm.a(lib_a-k_rem_pio2.o)
 .rodata.__kernel_rem_pio2.cst8
                0x000000000000e320       0x20 c:/mounriver/mrs_community/toolchain/risc-v embedded gcc/bin/../lib/gcc/riscv-none-embed/8.2.0/../../../../riscv-none-embed/lib/rv32imac/ilp32\libm.a(lib_a-k_rem_pio2.o)
                                         0x38 (size before relaxing)
 .rodata.init_jk
                0x000000000000e340       0x10 c:/mounriver/mrs_community/toolchain/risc-v embedded gcc/bin/../lib/gcc/riscv-none-embed/8.2.0/../../../../riscv-none-embed/lib/rv32imac/ilp32\libm.a(lib_a-k_rem_pio2.o)
 .rodata.__kernel_sin.cst8
                0x000000000000e350       0x30 c:/mounriver/mrs_community/toolchain/risc-v embedded gcc/bin/../lib/gcc/riscv-none-embed/8.2.0/../../../../riscv-none-embed/lib/rv32imac/ilp32\libm.a(lib_a-k_sin.o)
                                         0x38 (size before relaxing)
 .rodata.floor.cst8
                0x000000000000e380        0x8 c:/mounriver/mrs_community/toolchain/risc-v embedded gcc/bin/../lib/gcc/riscv-none-embed/8.2.0/../../../../riscv-none-embed/lib/rv32imac/ilp32\libm.a(lib_a-s_floor.o)
 .rodata.nan.cst8
                0x000000000000e380        0x8 c:/mounriver/mrs_community/toolchain/risc-v embedded gcc/bin/../lib/gcc/riscv-none-embed/8.2.0/../../../../riscv-none-embed/lib/rv32imac/ilp32\libm.a(lib_a-s_nan.o)
 .rodata.TWO52  0x000000000000e388       0x10 c:/mounriver/mrs_community/toolchain/risc-v embedded gcc/bin/../lib/gcc/riscv-none-embed/8.2.0/../../../../riscv-none-embed/lib/rv32imac/ilp32\libm.a(lib_a-s_rint.o)
 .rodata.scalbn.cst8
                0x000000000000e398       0x10 c:/mounriver/mrs_community/toolchain/risc-v embedded gcc/bin/../lib/gcc/riscv-none-embed/8.2.0/../../../../riscv-none-embed/lib/rv32imac/ilp32\libm.a(lib_a-s_scalbn.o)
                                         0x20 (size before relaxing)
 .rodata.__divdf3
                0x000000000000e3a8       0x40 c:/mounriver/mrs_community/toolchain/risc-v embedded gcc/bin/../lib/gcc/riscv-none-embed/8.2.0/rv32imac/ilp32\libgcc.a(divdf3.o)
 .rodata.__muldf3
                0x000000000000e3e8       0x40 c:/mounriver/mrs_community/toolchain/risc-v embedded gcc/bin/../lib/gcc/riscv-none-embed/8.2.0/rv32imac/ilp32\libgcc.a(muldf3.o)
 .rodata.__divsf3
                0x000000000000e428       0x80 c:/mounriver/mrs_community/toolchain/risc-v embedded gcc/bin/../lib/gcc/riscv-none-embed/8.2.0/rv32imac/ilp32\libgcc.a(divsf3.o)
 .rodata.__mulsf3
                0x000000000000e4a8       0x40 c:/mounriver/mrs_community/toolchain/risc-v embedded gcc/bin/../lib/gcc/riscv-none-embed/8.2.0/rv32imac/ilp32\libgcc.a(mulsf3.o)
 .rodata.__clz_tab
                0x000000000000e4e8      0x100 c:/mounriver/mrs_community/toolchain/risc-v embedded gcc/bin/../lib/gcc/riscv-none-embed/8.2.0/rv32imac/ilp32\libgcc.a(_clz.o)
                0x000000000000e4e8                __clz_tab
 .rodata.__sf_fake_stderr
                0x000000000000e5e8       0x20 c:/mounriver/mrs_community/toolchain/risc-v embedded gcc/bin/../lib/gcc/riscv-none-embed/8.2.0/../../../../riscv-none-embed/lib/rv32imac/ilp32\libg_nano.a(lib_a-findfp.o)
                0x000000000000e5e8                __sf_fake_stderr
 .rodata.__sf_fake_stdin
                0x000000000000e608       0x20 c:/mounriver/mrs_community/toolchain/risc-v embedded gcc/bin/../lib/gcc/riscv-none-embed/8.2.0/../../../../riscv-none-embed/lib/rv32imac/ilp32\libg_nano.a(lib_a-findfp.o)
                0x000000000000e608                __sf_fake_stdin
 .rodata.__sf_fake_stdout
                0x000000000000e628       0x20 c:/mounriver/mrs_community/toolchain/risc-v embedded gcc/bin/../lib/gcc/riscv-none-embed/8.2.0/../../../../riscv-none-embed/lib/rv32imac/ilp32\libg_nano.a(lib_a-findfp.o)
                0x000000000000e628                __sf_fake_stdout
 .rodata._vfprintf_r.str1.4
                0x000000000000e648       0x13 c:/mounriver/mrs_community/toolchain/risc-v embedded gcc/bin/../lib/gcc/riscv-none-embed/8.2.0/../../../../riscv-none-embed/lib/rv32imac/ilp32\libg_nano.a(lib_a-nano-vfprintf.o)
 *fill*         0x000000000000e65b        0x1 
 .rodata._printf_i.str1.4
                0x000000000000e65c       0x28 c:/mounriver/mrs_community/toolchain/risc-v embedded gcc/bin/../lib/gcc/riscv-none-embed/8.2.0/../../../../riscv-none-embed/lib/rv32imac/ilp32\libg_nano.a(lib_a-nano-vfprintf_i.o)
                                         0x25 (size before relaxing)
 *(.glue_7)
 *(.glue_7t)
 *(.gnu.linkonce.t.*)
                0x000000000000e684                . = ALIGN (0x4)

.rela.dyn       0x000000000000e684        0x0
 .rela.text.xPortStartScheduler
                0x000000000000e684        0x0 ./Code/Service/Wrapper/Service_RTOS_wrapper.o
 .rela.sdata2.xISRStackTop
                0x000000000000e684        0x0 ./Code/Service/Wrapper/Service_RTOS_wrapper.o
 .rela.init     0x000000000000e684        0x0 ./Code/Service/Wrapper/Service_RTOS_wrapper.o
 .rela.vector   0x000000000000e684        0x0 ./Code/Service/Wrapper/Service_RTOS_wrapper.o
 .rela.text.handle_reset
                0x000000000000e684        0x0 ./Code/Service/Wrapper/Service_RTOS_wrapper.o
 .rela.text._sbrk
                0x000000000000e684        0x0 ./Code/Service/Wrapper/Service_RTOS_wrapper.o
 .rela.sdata.curbrk.4666
                0x000000000000e684        0x0 ./Code/Service/Wrapper/Service_RTOS_wrapper.o
 .rela.text._sbrk_r
                0x000000000000e684        0x0 ./Code/Service/Wrapper/Service_RTOS_wrapper.o
 .rela.text._vfprintf_r
                0x000000000000e684        0x0 ./Code/Service/Wrapper/Service_RTOS_wrapper.o
 .rela.text._write_r
                0x000000000000e684        0x0 ./Code/Service/Wrapper/Service_RTOS_wrapper.o
 .rela.text._close_r
                0x000000000000e684        0x0 ./Code/Service/Wrapper/Service_RTOS_wrapper.o
 .rela.text._fstat_r
                0x000000000000e684        0x0 ./Code/Service/Wrapper/Service_RTOS_wrapper.o
 .rela.text._isatty_r
                0x000000000000e684        0x0 ./Code/Service/Wrapper/Service_RTOS_wrapper.o
 .rela.text._lseek_r
                0x000000000000e684        0x0 ./Code/Service/Wrapper/Service_RTOS_wrapper.o
 .rela.text._read_r
                0x000000000000e684        0x0 ./Code/Service/Wrapper/Service_RTOS_wrapper.o
 .rela.text._close
                0x000000000000e684        0x0 ./Code/Service/Wrapper/Service_RTOS_wrapper.o
 .rela.text._fstat
                0x000000000000e684        0x0 ./Code/Service/Wrapper/Service_RTOS_wrapper.o
 .rela.text._isatty
                0x000000000000e684        0x0 ./Code/Service/Wrapper/Service_RTOS_wrapper.o
 .rela.text._lseek
                0x000000000000e684        0x0 ./Code/Service/Wrapper/Service_RTOS_wrapper.o
 .rela.text._read
                0x000000000000e684        0x0 ./Code/Service/Wrapper/Service_RTOS_wrapper.o

.fini           0x000000000000e684        0x0
 *(SORT_NONE(.fini))
                0x000000000000e684                . = ALIGN (0x4)
                [!provide]                        PROVIDE (_etext = .)
                [!provide]                        PROVIDE (_eitcm = .)

.preinit_array  0x000000000000e684        0x0
                [!provide]                        PROVIDE (__preinit_array_start = .)
 *(.preinit_array)
                [!provide]                        PROVIDE (__preinit_array_end = .)

.init_array     0x000000000000e684        0x0
                [!provide]                        PROVIDE (__init_array_start = .)
 *(SORT_BY_INIT_PRIORITY(.init_array.*) SORT_BY_INIT_PRIORITY(.ctors.*))
 *(.init_array EXCLUDE_FILE(*crtend?.o *crtend.o *crtbegin?.o *crtbegin.o) .ctors)
                [!provide]                        PROVIDE (__init_array_end = .)

.fini_array     0x000000000000e684        0x0
                [!provide]                        PROVIDE (__fini_array_start = .)
 *(SORT_BY_INIT_PRIORITY(.fini_array.*) SORT_BY_INIT_PRIORITY(.dtors.*))
 *(.fini_array EXCLUDE_FILE(*crtend?.o *crtend.o *crtbegin?.o *crtbegin.o) .dtors)
                [!provide]                        PROVIDE (__fini_array_end = .)

.ctors
 *crtbegin.o(.ctors)
 *crtbegin?.o(.ctors)
 *(EXCLUDE_FILE(*crtend?.o *crtend.o) .ctors)
 *(SORT_BY_NAME(.ctors.*))
 *(.ctors)

.dtors
 *crtbegin.o(.dtors)
 *crtbegin?.o(.dtors)
 *(EXCLUDE_FILE(*crtend?.o *crtend.o) .dtors)
 *(SORT_BY_NAME(.dtors.*))
 *(.dtors)

.dalign         0x0000000020000000        0x0 load address 0x000000000000e684
                0x0000000020000000                . = ALIGN (0x4)
                0x0000000020000000                PROVIDE (_data_vma = .)

.dlalign        0x000000000000e684        0x0
                0x000000000000e684                . = ALIGN (0x4)
                0x000000000000e684                PROVIDE (_data_lma = .)

.data           0x0000000020000000       0xb0 load address 0x000000000000e684
 *(.gnu.linkonce.r.*)
 *(.data .data.*)
 .data.APBAHBPrescTable
                0x0000000020000000       0x10 ./Code/MCAL/Peripheral/src/ch32v20x_rcc.o
 .data.AHBPrescTable
                0x0000000020000010       0x10 ./Code/MCAL/Config/system_ch32v20x.o
                0x0000000020000010                AHBPrescTable
 .data.impure_data
                0x0000000020000020       0x60 c:/mounriver/mrs_community/toolchain/risc-v embedded gcc/bin/../lib/gcc/riscv-none-embed/8.2.0/../../../../riscv-none-embed/lib/rv32imac/ilp32\libg_nano.a(lib_a-impure.o)
 *(.gnu.linkonce.d.*)
                0x0000000020000080                . = ALIGN (0x8)
                0x0000000020000880                PROVIDE (__global_pointer$ = (. + 0x800))
 *(.sdata .sdata.*)
 .sdata.uxCriticalNesting
                0x0000000020000080        0x4 ./Code/Service/FreeRTOS/portable/GCC/RISC-V/port.o
 .sdata.uxTopUsedPriority
                0x0000000020000084        0x4 ./Code/Service/FreeRTOS/tasks.o
                0x0000000020000084                uxTopUsedPriority
 .sdata.Ts      0x0000000020000088        0x4 ./Code/Middleware/SensorFusion/SensorFusion.o
                0x0000000020000088                Ts
 .sdata.direction.2849
                0x000000002000008c        0x1 ./Code/Middleware/SensorFusion/SensorFusion.o
 *fill*         0x000000002000008d        0x3 
 .sdata.ADCPrescTable
                0x0000000020000090        0x4 ./Code/MCAL/Peripheral/src/ch32v20x_rcc.o
 .sdata.curbrk.4666
                0x0000000020000094        0x4 ./Code/MCAL/Debug/debug.o
 .sdata.SystemCoreClock
                0x0000000020000098        0x4 ./Code/MCAL/Config/system_ch32v20x.o
                0x0000000020000098                SystemCoreClock
 .sdata.__fdlib_version
                0x000000002000009c        0x4 c:/mounriver/mrs_community/toolchain/risc-v embedded gcc/bin/../lib/gcc/riscv-none-embed/8.2.0/../../../../riscv-none-embed/lib/rv32imac/ilp32\libm.a(lib_a-s_lib_ver.o)
                0x000000002000009c                __fdlib_version
 .sdata._impure_ptr
                0x00000000200000a0        0x4 c:/mounriver/mrs_community/toolchain/risc-v embedded gcc/bin/../lib/gcc/riscv-none-embed/8.2.0/../../../../riscv-none-embed/lib/rv32imac/ilp32\libg_nano.a(lib_a-impure.o)
                0x00000000200000a0                _impure_ptr
 *(.sdata2.*)
 .sdata2.xISRStackTop
                0x00000000200000a4        0x4 ./Code/Service/FreeRTOS/portable/GCC/RISC-V/port.o
                0x00000000200000a4                xISRStackTop
 .sdata2._global_impure_ptr
                0x00000000200000a8        0x4 c:/mounriver/mrs_community/toolchain/risc-v embedded gcc/bin/../lib/gcc/riscv-none-embed/8.2.0/../../../../riscv-none-embed/lib/rv32imac/ilp32\libg_nano.a(lib_a-impure.o)
                0x00000000200000a8                _global_impure_ptr
 *(.gnu.linkonce.s.*)
                0x00000000200000b0                . = ALIGN (0x8)
 *fill*         0x00000000200000ac        0x4 
 *(.srodata.cst16)
 *(.srodata.cst8)
 *(.srodata.cst4)
 *(.srodata.cst2)
 *(.srodata .srodata.*)
                0x00000000200000b0                . = ALIGN (0x4)
                0x00000000200000b0                PROVIDE (_edata = .)
