Archive member included to satisfy reference by file (symbol)

c:/mounriver/mrs_community/toolchain/risc-v embedded gcc/bin/../lib/gcc/riscv-none-embed/8.2.0/../../../../riscv-none-embed/lib/rv32imac/ilp32\libm.a(lib_a-s_atan.o)
                              ./Code/Middleware/SensorFusion/SensorFusion.o (atan)
c:/mounriver/mrs_community/toolchain/risc-v embedded gcc/bin/../lib/gcc/riscv-none-embed/8.2.0/../../../../riscv-none-embed/lib/rv32imac/ilp32\libm.a(lib_a-s_cos.o)
                              ./Code/Middleware/SensorFusion/SensorFusion.o (cos)
c:/mounriver/mrs_community/toolchain/risc-v embedded gcc/bin/../lib/gcc/riscv-none-embed/8.2.0/../../../../riscv-none-embed/lib/rv32imac/ilp32\libm.a(lib_a-s_fabs.o)
                              c:/mounriver/mrs_community/toolchain/risc-v embedded gcc/bin/../lib/gcc/riscv-none-embed/8.2.0/../../../../riscv-none-embed/lib/rv32imac/ilp32\libm.a(lib_a-s_atan.o) (fabs)
c:/mounriver/mrs_community/toolchain/risc-v embedded gcc/bin/../lib/gcc/riscv-none-embed/8.2.0/../../../../riscv-none-embed/lib/rv32imac/ilp32\libm.a(lib_a-s_sin.o)
                              ./Code/Middleware/SensorFusion/SensorFusion.o (sin)
c:/mounriver/mrs_community/toolchain/risc-v embedded gcc/bin/../lib/gcc/riscv-none-embed/8.2.0/../../../../riscv-none-embed/lib/rv32imac/ilp32\libm.a(lib_a-w_atan2.o)
                              ./Code/Middleware/SensorFusion/SensorFusion.o (atan2)
c:/mounriver/mrs_community/toolchain/risc-v embedded gcc/bin/../lib/gcc/riscv-none-embed/8.2.0/../../../../riscv-none-embed/lib/rv32imac/ilp32\libm.a(lib_a-w_pow.o)
                              ./Code/HAL/BMP280/bmp.o (pow)
c:/mounriver/mrs_community/toolchain/risc-v embedded gcc/bin/../lib/gcc/riscv-none-embed/8.2.0/../../../../riscv-none-embed/lib/rv32imac/ilp32\libm.a(lib_a-w_sqrt.o)
                              ./Code/Middleware/SensorFusion/SensorFusion.o (sqrt)
c:/mounriver/mrs_community/toolchain/risc-v embedded gcc/bin/../lib/gcc/riscv-none-embed/8.2.0/../../../../riscv-none-embed/lib/rv32imac/ilp32\libm.a(lib_a-e_atan2.o)
                              c:/mounriver/mrs_community/toolchain/risc-v embedded gcc/bin/../lib/gcc/riscv-none-embed/8.2.0/../../../../riscv-none-embed/lib/rv32imac/ilp32\libm.a(lib_a-w_atan2.o) (__ieee754_atan2)
c:/mounriver/mrs_community/toolchain/risc-v embedded gcc/bin/../lib/gcc/riscv-none-embed/8.2.0/../../../../riscv-none-embed/lib/rv32imac/ilp32\libm.a(lib_a-e_pow.o)
                              c:/mounriver/mrs_community/toolchain/risc-v embedded gcc/bin/../lib/gcc/riscv-none-embed/8.2.0/../../../../riscv-none-embed/lib/rv32imac/ilp32\libm.a(lib_a-w_pow.o) (__ieee754_pow)
c:/mounriver/mrs_community/toolchain/risc-v embedded gcc/bin/../lib/gcc/riscv-none-embed/8.2.0/../../../../riscv-none-embed/lib/rv32imac/ilp32\libm.a(lib_a-e_rem_pio2.o)
                              c:/mounriver/mrs_community/toolchain/risc-v embedded gcc/bin/../lib/gcc/riscv-none-embed/8.2.0/../../../../riscv-none-embed/lib/rv32imac/ilp32\libm.a(lib_a-s_cos.o) (__ieee754_rem_pio2)
c:/mounriver/mrs_community/toolchain/risc-v embedded gcc/bin/../lib/gcc/riscv-none-embed/8.2.0/../../../../riscv-none-embed/lib/rv32imac/ilp32\libm.a(lib_a-e_sqrt.o)
                              c:/mounriver/mrs_community/toolchain/risc-v embedded gcc/bin/../lib/gcc/riscv-none-embed/8.2.0/../../../../riscv-none-embed/lib/rv32imac/ilp32\libm.a(lib_a-w_sqrt.o) (__ieee754_sqrt)
c:/mounriver/mrs_community/toolchain/risc-v embedded gcc/bin/../lib/gcc/riscv-none-embed/8.2.0/../../../../riscv-none-embed/lib/rv32imac/ilp32\libm.a(lib_a-k_cos.o)
                              c:/mounriver/mrs_community/toolchain/risc-v embedded gcc/bin/../lib/gcc/riscv-none-embed/8.2.0/../../../../riscv-none-embed/lib/rv32imac/ilp32\libm.a(lib_a-s_cos.o) (__kernel_cos)
c:/mounriver/mrs_community/toolchain/risc-v embedded gcc/bin/../lib/gcc/riscv-none-embed/8.2.0/../../../../riscv-none-embed/lib/rv32imac/ilp32\libm.a(lib_a-k_rem_pio2.o)
                              c:/mounriver/mrs_community/toolchain/risc-v embedded gcc/bin/../lib/gcc/riscv-none-embed/8.2.0/../../../../riscv-none-embed/lib/rv32imac/ilp32\libm.a(lib_a-e_rem_pio2.o) (__kernel_rem_pio2)
c:/mounriver/mrs_community/toolchain/risc-v embedded gcc/bin/../lib/gcc/riscv-none-embed/8.2.0/../../../../riscv-none-embed/lib/rv32imac/ilp32\libm.a(lib_a-k_sin.o)
                              c:/mounriver/mrs_community/toolchain/risc-v embedded gcc/bin/../lib/gcc/riscv-none-embed/8.2.0/../../../../riscv-none-embed/lib/rv32imac/ilp32\libm.a(lib_a-s_cos.o) (__kernel_sin)
c:/mounriver/mrs_community/toolchain/risc-v embedded gcc/bin/../lib/gcc/riscv-none-embed/8.2.0/../../../../riscv-none-embed/lib/rv32imac/ilp32\libm.a(lib_a-s_finite.o)
                              c:/mounriver/mrs_community/toolchain/risc-v embedded gcc/bin/../lib/gcc/riscv-none-embed/8.2.0/../../../../riscv-none-embed/lib/rv32imac/ilp32\libm.a(lib_a-w_pow.o) (finite)
[...]
Memory Configuration

Name             Origin             Length             Attributes
FLASH            0x0000000000000000 0x0000000000010000 xr
RAM              0x0000000020000000 0x0000000000005000 xrw
*default*        0x0000000000000000 0xffffffffffffffff

Linker script and memory map

LOAD ./Code/Service/Wrapper/Service_RTOS_wrapper.o
LOAD ./Code/Service/FreeRTOS/portable/MemMang/heap_4.o
LOAD ./Code/Service/FreeRTOS/portable/GCC/RISC-V/port.o
LOAD ./Code/Service/FreeRTOS/portable/GCC/RISC-V/portASM.o
LOAD ./Code/Service/FreeRTOS/portable/Common/mpu_wrappers.o
LOAD ./Code/Service/FreeRTOS/croutine.o
LOAD ./Code/Service/FreeRTOS/event_groups.o
LOAD ./Code/Service/FreeRTOS/list.o
LOAD ./Code/Service/FreeRTOS/queue.o
LOAD ./Code/Service/FreeRTOS/stream_buffer.o
LOAD ./Code/Service/FreeRTOS/tasks.o
LOAD ./Code/Service/FreeRTOS/timers.o
LOAD ./Code/Middleware/SensorFusion/SensorFusion.o
LOAD ./Code/Middleware/PID/pid.o
LOAD ./Code/Middleware/Matrix/matrix.o
LOAD ./Code/MCAL/Wrapper/MCAL_wrapper.o
LOAD ./Code/MCAL/Startup/startup_ch32v20x_D6.o
LOAD ./Code/MCAL/Peripheral/src/ch32v20x_adc.o
LOAD ./Code/MCAL/Peripheral/src/ch32v20x_bkp.o
LOAD ./Code/MCAL/Peripheral/src/ch32v20x_can.o
LOAD ./Code/MCAL/Peripheral/src/ch32v20x_crc.o
LOAD ./Code/MCAL/Peripheral/src/ch32v20x_dbgmcu.o
LOAD ./Code/MCAL/Peripheral/src/ch32v20x_dma.o
LOAD ./Code/MCAL/Peripheral/src/ch32v20x_exti.o
LOAD ./Code/MCAL/Peripheral/src/ch32v20x_flash.o
LOAD ./Code/MCAL/Peripheral/src/ch32v20x_gpio.o
LOAD ./Code/MCAL/Peripheral/src/ch32v20x_i2c.o
LOAD ./Code/MCAL/Peripheral/src/ch32v20x_iwdg.o
LOAD ./Code/MCAL/Peripheral/src/ch32v20x_misc.o
LOAD ./Code/MCAL/Peripheral/src/ch32v20x_opa.o
LOAD ./Code/MCAL/Peripheral/src/ch32v20x_pwr.o
LOAD ./Code/MCAL/Peripheral/src/ch32v20x_rcc.o
LOAD ./Code/MCAL/Peripheral/src/ch32v20x_rtc.o
LOAD ./Code/MCAL/Peripheral/src/ch32v20x_spi.o
LOAD ./Code/MCAL/Peripheral/src/ch32v20x_tim.o
LOAD ./Code/MCAL/Peripheral/src/ch32v20x_usart.o
LOAD ./Code/MCAL/Peripheral/src/ch32v20x_wwdg.o
LOAD ./Code/MCAL/Debug/debug.o
LOAD ./Code/MCAL/Core/core_riscv.o
LOAD ./Code/MCAL/Config/MCAL_config.o
LOAD ./Code/MCAL/Config/system_ch32v20x.o
LOAD ./Code/HAL/Wrapper/HAL_wrapper.o
LOAD ./Code/HAL/MPU6050/MPU6050.o
LOAD ./Code/HAL/HMC5883L/HMC5883.o
LOAD ./Code/HAL/HC_SR04/HC_SR04.o
LOAD ./Code/HAL/ESC/ESC.o
LOAD ./Code/HAL/Config/HAL_config.o
LOAD ./Code/HAL/BMP280/bmp.o
LOAD ./Code/HAL/ADXL345/ADXL345.o
LOAD ./Code/APP/ch32v20x_it.o
LOAD ./Code/APP/main.o
LOAD ./template.o
LOAD c:/mounriver/mrs_community/toolchain/risc-v embedded gcc/bin/../lib/gcc/riscv-none-embed/8.2.0/../../../../riscv-none-embed/lib/rv32imac/ilp32\libm.a
LOAD c:/mounriver/mrs_community/toolchain/risc-v embedded gcc/bin/../lib/gcc/riscv-none-embed/8.2.0/rv32imac/ilp32\libgcc.a
LOAD c:/mounriver/mrs_community/toolchain/risc-v embedded gcc/bin/../lib/gcc/riscv-none-embed/8.2.0/../../../../riscv-none-embed/lib/rv32imac/ilp32\libg_nano.a
LOAD c:/mounriver/mrs_community/toolchain/risc-v embedded gcc/bin/../lib/gcc/riscv-none-embed/8.2.0/../../../../riscv-none-embed/lib/rv32imac/ilp32\libc_nano.a
LOAD c:/mounriver/mrs_community/toolchain/risc-v embedded gcc/bin/../lib/gcc/riscv-none-embed/8.2.0/rv32imac/ilp32\libgcc.a
START GROUP
LOAD c:/mounriver/mrs_community/toolchain/risc-v embedded gcc/bin/../lib/gcc/riscv-none-embed/8.2.0/rv32imac/ilp32\libgcc.a
LOAD c:/mounriver/mrs_community/toolchain/risc-v embedded gcc/bin/../lib/gcc/riscv-none-embed/8.2.0/../../../../riscv-none-embed/lib/rv32imac/ilp32\libc_nano.a
LOAD c:/mounriver/mrs_community/toolchain/risc-v embedded gcc/bin/../lib/gcc/riscv-none-embed/8.2.0/../../../../riscv-none-embed/lib/rv32imac/ilp32\libnosys.a
END GROUP
START GROUP
LOAD c:/mounriver/mrs_community/toolchain/risc-v embedded gcc/bin/../lib/gcc/riscv-none-embed/8.2.0/rv32imac/ilp32\libgcc.a
LOAD c:/mounriver/mrs_community/toolchain/risc-v embedded gcc/bin/../lib/gcc/riscv-none-embed/8.2.0/../../../../riscv-none-embed/lib/rv32imac/ilp32\libc_nano.a
LOAD c:/mounriver/mrs_community/toolchain/risc-v embedded gcc/bin/../lib/gcc/riscv-none-embed/8.2.0/../../../../riscv-none-embed/lib/rv32imac/ilp32\libnosys.a
END GROUP
                0x0000000000000800                __stack_size = 0x800
                [!provide]                        PROVIDE (_stack_size = __stack_size)

.init           0x0000000000000000       0x38
                0x0000000000000000                _sinit = .
                0x0000000000000000                . = ALIGN (0x4)
 *(SORT_NONE(.init))
 .init          0x0000000000000000       0x38 ./Code/MCAL/Startup/startup_ch32v20x_D6.o
                0x0000000000000000                _start
                0x0000000000000038                . = ALIGN (0x4)
                0x0000000000000038                _einit = .

.vector         0x0000000000000038      0x108
 *(.vector)
 .vector        0x0000000000000038       0xfc ./Code/MCAL/Startup/startup_ch32v20x_D6.o
                0x0000000000000140                . = ALIGN (0x40)
 *fill*         0x0000000000000134        0xc 

.text           0x0000000000000200     0xdc9c
                0x0000000000000200                . = ALIGN (0x4)
 *(.text)
 .text          0x0000000000000200      0x2ee ./Code/Service/FreeRTOS/portable/GCC/RISC-V/portASM.o
                0x0000000000000200                SW_Handler
                0x0000000000000300                xPortStartFirstTask
                0x0000000000000400                pxPortInitialiseStack
 .text          0x00000000000004ee       0x60 c:/mounriver/mrs_community/toolchain/risc-v embedded gcc/bin/../lib/gcc/riscv-none-embed/8.2.0/rv32imac/ilp32\libgcc.a(save-restore.o)
                0x00000000000004ee                __riscv_save_12
                0x00000000000004f6                __riscv_save_9
                0x00000000000004f6                __riscv_save_11
                0x00000000000004f6                __riscv_save_10
                0x00000000000004f6                __riscv_save_8
                0x0000000000000504                __riscv_save_4
                0x0000000000000504                __riscv_save_6
                0x0000000000000504                __riscv_save_5
                0x0000000000000504                __riscv_save_7
                0x000000000000051e                __riscv_save_3
                0x000000000000051e                __riscv_save_2
                0x000000000000051e                __riscv_save_1
                0x000000000000051e                __riscv_save_0
                0x000000000000052a                __riscv_restore_12
                0x000000000000052e                __riscv_restore_11
                0x000000000000052e                __riscv_restore_9
                0x000000000000052e                __riscv_restore_10
                0x000000000000052e                __riscv_restore_8
                0x0000000000000538                __riscv_restore_5
                0x0000000000000538                __riscv_restore_7
                0x0000000000000538                __riscv_restore_6
                0x0000000000000538                __riscv_restore_4
                0x0000000000000542                __riscv_restore_3
                0x0000000000000542                __riscv_restore_0
                0x0000000000000542                __riscv_restore_2
                0x0000000000000542                __riscv_restore_1
 .text          0x000000000000054e       0xa8 c:/mounriver/mrs_community/toolchain/risc-v embedded gcc/bin/../lib/gcc/riscv-none-embed/8.2.0/../../../../riscv-none-embed/lib/rv32imac/ilp32\libg_nano.a(lib_a-memset.o)
                0x000000000000054e                memset
 *(.text.*)
 .text.SERVICE_RTOS_TaskCreate
                0x00000000000005f6       0x22 ./Code/Service/Wrapper/Service_RTOS_wrapper.o
                0x00000000000005f6                SERVICE_RTOS_TaskCreate
 .text.SERVICE_RTOS_StartSchedular
                0x0000000000000618        0xc ./Code/Service/Wrapper/Service_RTOS_wrapper.o
                0x0000000000000618                SERVICE_RTOS_StartSchedular
 .text.SERVICE_RTOS_CreateBlockingQueue
                0x0000000000000624       0x22 ./Code/Service/Wrapper/Service_RTOS_wrapper.o
                0x0000000000000624                SERVICE_RTOS_CreateBlockingQueue
 .text.SERVICE_RTOS_AppendToBlockingQueue
                0x0000000000000646       0x2a ./Code/Service/Wrapper/Service_RTOS_wrapper.o
                0x0000000000000646                SERVICE_RTOS_AppendToBlockingQueue
 .text.SERVICE_RTOS_ReadFromBlockingQueue
                0x0000000000000670       0x36 ./Code/Service/Wrapper/Service_RTOS_wrapper.o
                0x0000000000000670                SERVICE_RTOS_ReadFromBlockingQueue
 .text.SERVICE_RTOS_BlockFor
                0x00000000000006a6        0xe ./Code/Service/Wrapper/Service_RTOS_wrapper.o
                0x00000000000006a6                SERVICE_RTOS_BlockFor
 .text.SERVICE_RTOS_WaitForNotification
                0x00000000000006b4       0x20 ./Code/Service/Wrapper/Service_RTOS_wrapper.o
                0x00000000000006b4                SERVICE_RTOS_WaitForNotification
 .text.SERVICE_RTOS_Notify
                0x00000000000006d4       0x2c ./Code/Service/Wrapper/Service_RTOS_wrapper.o
                0x00000000000006d4                SERVICE_RTOS_Notify
 .text.SERVICE_RTOS_CurrentMSTime
                0x0000000000000700       0x18 ./Code/Service/Wrapper/Service_RTOS_wrapper.o
                0x0000000000000700                SERVICE_RTOS_CurrentMSTime
 .text.SERVICE_RTOS_GetCurrentTaskHandle
                0x0000000000000718       0x16 ./Code/Service/Wrapper/Service_RTOS_wrapper.o
                0x0000000000000718                SERVICE_RTOS_GetCurrentTaskHandle
 .text.prvInsertBlockIntoFreeList
                0x000000000000072e       0x4c ./Code/Service/FreeRTOS/portable/MemMang/heap_4.o
 .text.pvPortMalloc
                0x000000000000077a      0x188 ./Code/Service/FreeRTOS/portable/MemMang/heap_4.o
                0x000000000000077a                pvPortMalloc
 .text.vPortFree
                0x0000000000000902       0xa4 ./Code/Service/FreeRTOS/portable/MemMang/heap_4.o
                0x0000000000000902                vPortFree
 .text.vPortSetupTimerInterrupt
                0x00000000000009a6       0x3a ./Code/Service/FreeRTOS/portable/GCC/RISC-V/port.o
                0x00000000000009a6                vPortSetupTimerInterrupt
 .text.xPortStartScheduler
                0x00000000000009e0       0x90 ./Code/Service/FreeRTOS/portable/GCC/RISC-V/port.o
                0x00000000000009e0                xPortStartScheduler
 .text.SysTick_Handler
                0x0000000000000a70       0x7c ./Code/Service/FreeRTOS/portable/GCC/RISC-V/port.o
                0x0000000000000a70                SysTick_Handler
 .text.vPortEnterCritical
                0x0000000000000aec       0x1a ./Code/Service/FreeRTOS/portable/GCC/RISC-V/port.o
                0x0000000000000aec                vPortEnterCritical
 .text.vPortExitCritical
                0x0000000000000b06       0x46 ./Code/Service/FreeRTOS/portable/GCC/RISC-V/port.o
                0x0000000000000b06                vPortExitCritical
 .text.xPortSetInterruptMask
                0x0000000000000b4c        0xc ./Code/Service/FreeRTOS/portable/GCC/RISC-V/port.o
                0x0000000000000b4c                xPortSetInterruptMask
 .text.vPortClearInterruptMask
                0x0000000000000b58        0x6 ./Code/Service/FreeRTOS/portable/GCC/RISC-V/port.o
                0x0000000000000b58                vPortClearInterruptMask
 .text.vListInitialise
                0x0000000000000b5e       0x14 ./Code/Service/FreeRTOS/list.o
                0x0000000000000b5e                vListInitialise
 .text.vListInitialiseItem
                0x0000000000000b72        0x6 ./Code/Service/FreeRTOS/list.o
                0x0000000000000b72                vListInitialiseItem
 .text.vListInsert
                0x0000000000000b78       0x2e ./Code/Service/FreeRTOS/list.o
                0x0000000000000b78                vListInsert
 .text.uxListRemove
                0x0000000000000ba6       0x20 ./Code/Service/FreeRTOS/list.o
                0x0000000000000ba6                uxListRemove
 .text.prvIsQueueEmpty
                0x0000000000000bc6       0x18 ./Code/Service/FreeRTOS/queue.o
 .text.prvCopyDataToQueue
                0x0000000000000bde       0x70 ./Code/Service/FreeRTOS/queue.o
 .text.prvCopyDataFromQueue
                0x0000000000000c4e       0x28 ./Code/Service/FreeRTOS/queue.o
 .text.prvUnlockQueue
                0x0000000000000c76       0x6e ./Code/Service/FreeRTOS/queue.o
 .text.xQueueGenericReset
                0x0000000000000ce4       0xbc ./Code/Service/FreeRTOS/queue.o
                0x0000000000000ce4                xQueueGenericReset
 .text.xQueueGenericCreate
                0x0000000000000da0       0x6a ./Code/Service/FreeRTOS/queue.o
                0x0000000000000da0                xQueueGenericCreate
 .text.xQueueGenericSend
                0x0000000000000e0a      0x18e ./Code/Service/FreeRTOS/queue.o
                0x0000000000000e0a                xQueueGenericSend
 .text.xQueueReceive
                0x0000000000000f98      0x14c ./Code/Service/FreeRTOS/queue.o
                0x0000000000000f98                xQueueReceive
 .text.uxQueueMessagesWaiting
                0x00000000000010e4       0x44 ./Code/Service/FreeRTOS/queue.o
                0x00000000000010e4                uxQueueMessagesWaiting
 .text.vQueueAddToRegistry
                0x0000000000001128       0x6c ./Code/Service/FreeRTOS/queue.o
                0x0000000000001128                vQueueAddToRegistry
 .text.vQueueWaitForMessageRestricted
                0x0000000000001194       0x5c ./Code/Service/FreeRTOS/queue.o
                0x0000000000001194                vQueueWaitForMessageRestricted
 .text.prvResetNextTaskUnblockTime
                0x00000000000011f0       0x24 ./Code/Service/FreeRTOS/tasks.o
 .text.prvAddCurrentTaskToDelayedList
                0x0000000000001214       0xa6 ./Code/Service/FreeRTOS/tasks.o
 .text.prvIdleTask
                0x00000000000012ba       0x52 ./Code/Service/FreeRTOS/tasks.o
 .text.xTaskCreate
                0x000000000000130c      0x232 ./Code/Service/FreeRTOS/tasks.o
                0x000000000000130c                xTaskCreate
 .text.vTaskStartScheduler
                0x000000000000153e       0x90 ./Code/Service/FreeRTOS/tasks.o
                0x000000000000153e                vTaskStartScheduler
 .text.vTaskSuspendAll
                0x00000000000015ce       0x10 ./Code/Service/FreeRTOS/tasks.o
                0x00000000000015ce                vTaskSuspendAll
 .text.xTaskGetTickCount
                0x00000000000015de        0xa ./Code/Service/FreeRTOS/tasks.o
                0x00000000000015de                xTaskGetTickCount
 .text.xTaskIncrementTick
                0x00000000000015e8      0x1aa ./Code/Service/FreeRTOS/tasks.o
                0x00000000000015e8                xTaskIncrementTick
 .text.xTaskResumeAll
                0x0000000000001792      0x166 ./Code/Service/FreeRTOS/tasks.o
                0x0000000000001792                xTaskResumeAll
 .text.vTaskDelay
                0x00000000000018f8       0x62 ./Code/Service/FreeRTOS/tasks.o
                0x00000000000018f8                vTaskDelay
 .text.vTaskSwitchContext
                0x000000000000195a       0x9a ./Code/Service/FreeRTOS/tasks.o
                0x000000000000195a                vTaskSwitchContext
 .text.vTaskPlaceOnEventList
                0x00000000000019f4       0x48 ./Code/Service/FreeRTOS/tasks.o
                0x00000000000019f4                vTaskPlaceOnEventList
 .text.vTaskPlaceOnEventListRestricted
                0x0000000000001a3c       0x76 ./Code/Service/FreeRTOS/tasks.o
                0x0000000000001a3c                vTaskPlaceOnEventListRestricted
 .text.xTaskRemoveFromEventList
                0x0000000000001ab2       0xec ./Code/Service/FreeRTOS/tasks.o
                0x0000000000001ab2                xTaskRemoveFromEventList
 .text.vTaskInternalSetTimeOutState
                0x0000000000001b9e       0x16 ./Code/Service/FreeRTOS/tasks.o
                0x0000000000001b9e                vTaskInternalSetTimeOutState
 .text.xTaskCheckForTimeOut
                0x0000000000001bb4       0xc8 ./Code/Service/FreeRTOS/tasks.o
                0x0000000000001bb4                xTaskCheckForTimeOut
 .text.vTaskMissedYield
                0x0000000000001c7c        0xc ./Code/Service/FreeRTOS/tasks.o
                0x0000000000001c7c                vTaskMissedYield
 .text.xTaskGetCurrentTaskHandle
                0x0000000000001c88        0xa ./Code/Service/FreeRTOS/tasks.o
                0x0000000000001c88                xTaskGetCurrentTaskHandle
 .text.xTaskGetSchedulerState
                0x0000000000001c92       0x1c ./Code/Service/FreeRTOS/tasks.o
                0x0000000000001c92                xTaskGetSchedulerState
 .text.xTaskPriorityDisinherit
                0x0000000000001cae       0xca ./Code/Service/FreeRTOS/tasks.o
                0x0000000000001cae                xTaskPriorityDisinherit
 .text.ulTaskGenericNotifyTake
                0x0000000000001d78       0x98 ./Code/Service/FreeRTOS/tasks.o
                0x0000000000001d78                ulTaskGenericNotifyTake
 .text.xTaskGenericNotify
                0x0000000000001e10      0x18e ./Code/Service/FreeRTOS/tasks.o
                0x0000000000001e10                xTaskGenericNotify
 .text.vTaskGenericNotifyGiveFromISR
                0x0000000000001f9e      0x158 ./Code/Service/FreeRTOS/tasks.o
                0x0000000000001f9e                vTaskGenericNotifyGiveFromISR
 .text.prvCheckForValidListAndQueue
                0x00000000000020f6       0x66 ./Code/Service/FreeRTOS/timers.o
 .text.prvInsertTimerInActiveList
                0x000000000000215c       0x46 ./Code/Service/FreeRTOS/timers.o
 .text.prvReloadTimer
                0x00000000000021a2       0x28 ./Code/Service/FreeRTOS/timers.o
 .text.prvProcessExpiredTimer
                0x00000000000021ca       0x44 ./Code/Service/FreeRTOS/timers.o
 .text.prvSwitchTimerLists
                0x000000000000220e       0x2e ./Code/Service/FreeRTOS/timers.o
 .text.prvTimerTask
                0x000000000000223c      0x18c ./Code/Service/FreeRTOS/timers.o
 .text.xTimerCreateTimerTask
                0x00000000000023c8       0x60 ./Code/Service/FreeRTOS/timers.o
                0x00000000000023c8                xTimerCreateTimerTask
 .text.compute_azimuth
                0x0000000000002428       0x4e ./Code/Middleware/SensorFusion/SensorFusion.o
                0x0000000000002428                compute_azimuth
 .text.kalman_filter
                0x0000000000002476       0x98 ./Code/Middleware/SensorFusion/SensorFusion.o
                0x0000000000002476                kalman_filter
 .text.kalman_filter_2d
                0x000000000000250e      0x1e8 ./Code/Middleware/SensorFusion/SensorFusion.o
                0x000000000000250e                kalman_filter_2d
 .text.YawRate  0x00000000000026f6      0x10e ./Code/Middleware/SensorFusion/SensorFusion.o
                0x00000000000026f6                YawRate
 .text.SensorFuseWithKalman
                0x0000000000002804      0x2c2 ./Code/Middleware/SensorFusion/SensorFusion.o
                0x0000000000002804                SensorFuseWithKalman
 .text.Altitude_Kalman_2D_init
                0x0000000000002ac6      0x1a6 ./Code/Middleware/SensorFusion/SensorFusion.o
                0x0000000000002ac6                Altitude_Kalman_2D_init
 .text.pid_ctrl
                0x0000000000002c6c       0x78 ./Code/Middleware/PID/pid.o
                0x0000000000002c6c                pid_ctrl
 .text.matrix_create
                0x0000000000002ce4        0x8 ./Code/Middleware/Matrix/matrix.o
                0x0000000000002ce4                matrix_create
 .text.matrix_add
                0x0000000000002cec       0x8c ./Code/Middleware/Matrix/matrix.o
                0x0000000000002cec                matrix_add
 .text.matrix_subtract
                0x0000000000002d78       0x8c ./Code/Middleware/Matrix/matrix.o
                0x0000000000002d78                matrix_subtract
 .text.matrix_multiply
                0x0000000000002e04       0xb0 ./Code/Middleware/Matrix/matrix.o
                0x0000000000002e04                matrix_multiply
 .text.matrix_transpose
                0x0000000000002eb4       0x5a ./Code/Middleware/Matrix/matrix.o
                0x0000000000002eb4                matrix_transpose
 .text.MCAL_WRAPEPR_SPI_POLL_TRANSFER
                0x0000000000002f0e       0x72 ./Code/MCAL/Wrapper/MCAL_wrapper.o
                0x0000000000002f0e                MCAL_WRAPEPR_SPI_POLL_TRANSFER
 .text.I2C_start_transmission
                0x0000000000002f80       0x7a ./Code/MCAL/Wrapper/MCAL_wrapper.o
                0x0000000000002f80                I2C_start_transmission
 .text.I2C_write
                0x0000000000002ffa       0x32 ./Code/MCAL/Wrapper/MCAL_wrapper.o
                0x0000000000002ffa                I2C_write
 .text.I2C_stop
                0x000000000000302c       0x30 ./Code/MCAL/Wrapper/MCAL_wrapper.o
                0x000000000000302c                I2C_stop
 .text.I2C_read
                0x000000000000305c       0x28 ./Code/MCAL/Wrapper/MCAL_wrapper.o
                0x000000000000305c                I2C_read
 .text.I2C_requestFrom
                0x0000000000003084       0x8a ./Code/MCAL/Wrapper/MCAL_wrapper.o
                0x0000000000003084                I2C_requestFrom
 .text.MCAL_WRAPEPR_TIM4_PWM_OUT
                0x000000000000310e       0x36 ./Code/MCAL/Wrapper/MCAL_wrapper.o
                0x000000000000310e                MCAL_WRAPEPR_TIM4_PWM_OUT
 .text.UART4_IRQHandler
                0x0000000000003144       0x26 ./Code/MCAL/Wrapper/MCAL_wrapper.o
                0x0000000000003144                UART4_IRQHandler
 .text.TIM1_UP_IRQHandler
                0x000000000000316a       0x94 ./Code/MCAL/Wrapper/MCAL_wrapper.o
                0x000000000000316a                TIM1_UP_IRQHandler
 .text.TIM1_CC_IRQHandler
                0x00000000000031fe       0xd6 ./Code/MCAL/Wrapper/MCAL_wrapper.o
                0x00000000000031fe                TIM1_CC_IRQHandler
 .text.MCAL_WRAPPER_TIM1GetWidthOfPulse
                0x00000000000032d4       0x64 ./Code/MCAL/Wrapper/MCAL_wrapper.o
                0x00000000000032d4                MCAL_WRAPPER_TIM1GetWidthOfPulse
 .text.MCAL_WRAPPER_SendDataThroughUART4
                0x0000000000003338       0x52 ./Code/MCAL/Wrapper/MCAL_wrapper.o
                0x0000000000003338                MCAL_WRAPPER_SendDataThroughUART4
 .text.MCAL_WRAPPER_ReceiveDataThroughUART4
                0x000000000000338a       0x50 ./Code/MCAL/Wrapper/MCAL_wrapper.o
                0x000000000000338a                MCAL_WRAPPER_ReceiveDataThroughUART4
 .text.MCAL_WRAPPER_DelayUS
                0x00000000000033da       0x68 ./Code/MCAL/Wrapper/MCAL_wrapper.o
                0x00000000000033da                MCAL_WRAPPER_DelayUS
 .text.MCAL_WRAPPER_HCSR04Trig
                0x0000000000003442       0x26 ./Code/MCAL/Wrapper/MCAL_wrapper.o
                0x0000000000003442                MCAL_WRAPPER_HCSR04Trig
 .text.MCAL_WRAPPER_GetADCBattery
                0x0000000000003468       0x3a ./Code/MCAL/Wrapper/MCAL_wrapper.o
                0x0000000000003468                MCAL_WRAPPER_GetADCBattery
 .text.vector_handler
                0x00000000000034a2       0x6c ./Code/MCAL/Startup/startup_ch32v20x_D6.o
                0x00000000000034a6                Ecall_M_Mode_Handler
                0x00000000000034a8                Ecall_U_Mode_Handler
                0x00000000000034aa                Break_Point_Handler
                0x00000000000034b0                WWDG_IRQHandler
                0x00000000000034b2                PVD_IRQHandler
                0x00000000000034b4                TAMPER_IRQHandler
                0x00000000000034b6                RTC_IRQHandler
                0x00000000000034b8                FLASH_IRQHandler
                0x00000000000034ba                RCC_IRQHandler
                0x00000000000034bc                EXTI0_IRQHandler
                0x00000000000034be                EXTI1_IRQHandler
                0x00000000000034c0                EXTI2_IRQHandler
                0x00000000000034c2                EXTI3_IRQHandler
                0x00000000000034c4                EXTI4_IRQHandler
                0x00000000000034c6                DMA1_Channel1_IRQHandler
                0x00000000000034c8                DMA1_Channel2_IRQHandler
                0x00000000000034ca                DMA1_Channel3_IRQHandler
                0x00000000000034cc                DMA1_Channel4_IRQHandler
                0x00000000000034ce                DMA1_Channel5_IRQHandler
                0x00000000000034d0                DMA1_Channel6_IRQHandler
                0x00000000000034d2                DMA1_Channel7_IRQHandler
                0x00000000000034d4                ADC1_2_IRQHandler
                0x00000000000034d6                USB_HP_CAN1_TX_IRQHandler
                0x00000000000034d8                USB_LP_CAN1_RX0_IRQHandler
                0x00000000000034da                CAN1_RX1_IRQHandler
                0x00000000000034dc                CAN1_SCE_IRQHandler
                0x00000000000034de                EXTI9_5_IRQHandler
                0x00000000000034e0                TIM1_BRK_IRQHandler
                0x00000000000034e4                TIM1_TRG_COM_IRQHandler
                0x00000000000034e8                TIM2_IRQHandler
                0x00000000000034ea                TIM3_IRQHandler
                0x00000000000034ec                TIM4_IRQHandler
                0x00000000000034ee                I2C1_EV_IRQHandler
                0x00000000000034f0                I2C1_ER_IRQHandler
                0x00000000000034f2                I2C2_EV_IRQHandler
                0x00000000000034f4                I2C2_ER_IRQHandler
                0x00000000000034f6                SPI1_IRQHandler
                0x00000000000034f8                SPI2_IRQHandler
                0x00000000000034fa                USART1_IRQHandler
                0x00000000000034fc                USART2_IRQHandler
                0x00000000000034fe                USART3_IRQHandler
                0x0000000000003500                EXTI15_10_IRQHandler
                0x0000000000003502                RTCAlarm_IRQHandler
                0x0000000000003504                USBWakeUp_IRQHandler
                0x0000000000003506                USBHD_IRQHandler
                0x0000000000003508                USBHDWakeUp_IRQHandler
                0x000000000000350c                DMA1_Channel8_IRQHandler
 .text.handle_reset
                0x000000000000350e       0x92 ./Code/MCAL/Startup/startup_ch32v20x_D6.o
                0x000000000000350e                handle_reset
 .text.ADC_Init
                0x00000000000035a0       0x58 ./Code/MCAL/Peripheral/src/ch32v20x_adc.o
                0x00000000000035a0                ADC_Init
 .text.ADC_Cmd  0x00000000000035f8       0x10 ./Code/MCAL/Peripheral/src/ch32v20x_adc.o
                0x00000000000035f8                ADC_Cmd
 .text.ADC_SoftwareStartConvCmd
                0x0000000000003608       0x18 ./Code/MCAL/Peripheral/src/ch32v20x_adc.o
                0x0000000000003608                ADC_SoftwareStartConvCmd
 .text.ADC_RegularChannelConfig
                0x0000000000003620       0xb8 ./Code/MCAL/Peripheral/src/ch32v20x_adc.o
                0x0000000000003620                ADC_RegularChannelConfig
 .text.ADC_GetConversionValue
                0x00000000000036d8        0x8 ./Code/MCAL/Peripheral/src/ch32v20x_adc.o
                0x00000000000036d8                ADC_GetConversionValue
 .text.ADC_GetFlagStatus
                0x00000000000036e0        0xa ./Code/MCAL/Peripheral/src/ch32v20x_adc.o
                0x00000000000036e0                ADC_GetFlagStatus
 .text.GPIO_Init
                0x00000000000036ea      0x100 ./Code/MCAL/Peripheral/src/ch32v20x_gpio.o
                0x00000000000036ea                GPIO_Init
 .text.GPIO_SetBits
                0x00000000000037ea       0x18 ./Code/MCAL/Peripheral/src/ch32v20x_gpio.o
                0x00000000000037ea                GPIO_SetBits
 .text.GPIO_ResetBits
                0x0000000000003802       0x18 ./Code/MCAL/Peripheral/src/ch32v20x_gpio.o
                0x0000000000003802                GPIO_ResetBits
 .text.I2C_Init
                0x000000000000381a      0x114 ./Code/MCAL/Peripheral/src/ch32v20x_i2c.o
                0x000000000000381a                I2C_Init
 .text.I2C_Cmd  0x000000000000392e       0x1c ./Code/MCAL/Peripheral/src/ch32v20x_i2c.o
                0x000000000000392e                I2C_Cmd
 .text.I2C_GenerateSTART
                0x000000000000394a       0x1e ./Code/MCAL/Peripheral/src/ch32v20x_i2c.o
                0x000000000000394a                I2C_GenerateSTART
 .text.I2C_GenerateSTOP
                0x0000000000003968       0x1e ./Code/MCAL/Peripheral/src/ch32v20x_i2c.o
                0x0000000000003968                I2C_GenerateSTOP
 .text.I2C_SendData
                0x0000000000003986        0x6 ./Code/MCAL/Peripheral/src/ch32v20x_i2c.o
                0x0000000000003986                I2C_SendData
 .text.I2C_ReceiveData
                0x000000000000398c        0xa ./Code/MCAL/Peripheral/src/ch32v20x_i2c.o
                0x000000000000398c                I2C_ReceiveData
 .text.I2C_Send7bitAddress
                0x0000000000003996       0x14 ./Code/MCAL/Peripheral/src/ch32v20x_i2c.o
                0x0000000000003996                I2C_Send7bitAddress
 .text.I2C_NACKPositionConfig
                0x00000000000039aa       0x26 ./Code/MCAL/Peripheral/src/ch32v20x_i2c.o
                0x00000000000039aa                I2C_NACKPositionConfig
 .text.I2C_CheckEvent
                0x00000000000039d0       0x1a ./Code/MCAL/Peripheral/src/ch32v20x_i2c.o
                0x00000000000039d0                I2C_CheckEvent
 .text.I2C_GetFlagStatus
                0x00000000000039ea       0x32 ./Code/MCAL/Peripheral/src/ch32v20x_i2c.o
                0x00000000000039ea                I2C_GetFlagStatus
 .text.NVIC_PriorityGroupConfig
                0x0000000000003a1c        0xa ./Code/MCAL/Peripheral/src/ch32v20x_misc.o
                0x0000000000003a1c                NVIC_PriorityGroupConfig
 .text.NVIC_Init
                0x0000000000003a26       0xbc ./Code/MCAL/Peripheral/src/ch32v20x_misc.o
                0x0000000000003a26                NVIC_Init
 .text.RCC_ADCCLKConfig
                0x0000000000003ae2       0x12 ./Code/MCAL/Peripheral/src/ch32v20x_rcc.o
                0x0000000000003ae2                RCC_ADCCLKConfig
 .text.RCC_GetClocksFreq
                0x0000000000003af4       0xc6 ./Code/MCAL/Peripheral/src/ch32v20x_rcc.o
                0x0000000000003af4                RCC_GetClocksFreq
 .text.RCC_AHBPeriphClockCmd
                0x0000000000003bba       0x1e ./Code/MCAL/Peripheral/src/ch32v20x_rcc.o
                0x0000000000003bba                RCC_AHBPeriphClockCmd
 .text.RCC_APB2PeriphClockCmd
                0x0000000000003bd8       0x1e ./Code/MCAL/Peripheral/src/ch32v20x_rcc.o
                0x0000000000003bd8                RCC_APB2PeriphClockCmd
 .text.RCC_APB1PeriphClockCmd
                0x0000000000003bf6       0x1e ./Code/MCAL/Peripheral/src/ch32v20x_rcc.o
                0x0000000000003bf6                RCC_APB1PeriphClockCmd
 .text.SPI_Init
                0x0000000000003c14       0x5a ./Code/MCAL/Peripheral/src/ch32v20x_spi.o
                0x0000000000003c14                SPI_Init
 .text.SPI_Cmd  0x0000000000003c6e       0x1e ./Code/MCAL/Peripheral/src/ch32v20x_spi.o
                0x0000000000003c6e                SPI_Cmd
 .text.SPI_I2S_SendData
                0x0000000000003c8c        0x6 ./Code/MCAL/Peripheral/src/ch32v20x_spi.o
                0x0000000000003c8c                SPI_I2S_SendData
 .text.SPI_I2S_ReceiveData
                0x0000000000003c92        0x6 ./Code/MCAL/Peripheral/src/ch32v20x_spi.o
                0x0000000000003c92                SPI_I2S_ReceiveData
 .text.SPI_I2S_GetFlagStatus
                0x0000000000003c98        0xc ./Code/MCAL/Peripheral/src/ch32v20x_spi.o
                0x0000000000003c98                SPI_I2S_GetFlagStatus
 .text.TI1_Config
                0x0000000000003ca4       0x76 ./Code/MCAL/Peripheral/src/ch32v20x_tim.o
 .text.TI2_Config
                0x0000000000003d1a       0x8c ./Code/MCAL/Peripheral/src/ch32v20x_tim.o
 .text.TIM_TimeBaseInit
                0x0000000000003da6       0x80 ./Code/MCAL/Peripheral/src/ch32v20x_tim.o
                0x0000000000003da6                TIM_TimeBaseInit
 .text.TIM_OC1Init
                0x0000000000003e26       0x88 ./Code/MCAL/Peripheral/src/ch32v20x_tim.o
                0x0000000000003e26                TIM_OC1Init
 .text.TIM_OC2Init
                0x0000000000003eae       0xb4 ./Code/MCAL/Peripheral/src/ch32v20x_tim.o
                0x0000000000003eae                TIM_OC2Init
 .text.TIM_OC3Init
                0x0000000000003f62       0xb2 ./Code/MCAL/Peripheral/src/ch32v20x_tim.o
                0x0000000000003f62                TIM_OC3Init
 .text.TIM_OC4Init
                0x0000000000004014       0x82 ./Code/MCAL/Peripheral/src/ch32v20x_tim.o
                0x0000000000004014                TIM_OC4Init
 .text.TIM_Cmd  0x0000000000004096       0x1c ./Code/MCAL/Peripheral/src/ch32v20x_tim.o
                0x0000000000004096                TIM_Cmd
 .text.TIM_CtrlPWMOutputs
                0x00000000000040b2       0x16 ./Code/MCAL/Peripheral/src/ch32v20x_tim.o
                0x00000000000040b2                TIM_CtrlPWMOutputs
 .text.TIM_ITConfig
                0x00000000000040c8       0x16 ./Code/MCAL/Peripheral/src/ch32v20x_tim.o
                0x00000000000040c8                TIM_ITConfig
 .text.TIM_SelectInputTrigger
                0x00000000000040de       0x14 ./Code/MCAL/Peripheral/src/ch32v20x_tim.o
                0x00000000000040de                TIM_SelectInputTrigger
 .text.TIM_ARRPreloadConfig
                0x00000000000040f2       0x1e ./Code/MCAL/Peripheral/src/ch32v20x_tim.o
                0x00000000000040f2                TIM_ARRPreloadConfig
 .text.TIM_OC1PreloadConfig
                0x0000000000004110       0x12 ./Code/MCAL/Peripheral/src/ch32v20x_tim.o
                0x0000000000004110                TIM_OC1PreloadConfig
 .text.TIM_OC2PreloadConfig
                0x0000000000004122       0x1a ./Code/MCAL/Peripheral/src/ch32v20x_tim.o
                0x0000000000004122                TIM_OC2PreloadConfig
 .text.TIM_OC3PreloadConfig
                0x000000000000413c       0x12 ./Code/MCAL/Peripheral/src/ch32v20x_tim.o
                0x000000000000413c                TIM_OC3PreloadConfig
 .text.TIM_OC4PreloadConfig
                0x000000000000414e       0x1a ./Code/MCAL/Peripheral/src/ch32v20x_tim.o
                0x000000000000414e                TIM_OC4PreloadConfig
 .text.TIM_UpdateDisableConfig
                0x0000000000004168       0x1c ./Code/MCAL/Peripheral/src/ch32v20x_tim.o
                0x0000000000004168                TIM_UpdateDisableConfig
 .text.TIM_UpdateRequestConfig
                0x0000000000004184       0x1c ./Code/MCAL/Peripheral/src/ch32v20x_tim.o
                0x0000000000004184                TIM_UpdateRequestConfig
 .text.TIM_SelectSlaveMode
                0x00000000000041a0       0x1e ./Code/MCAL/Peripheral/src/ch32v20x_tim.o
                0x00000000000041a0                TIM_SelectSlaveMode
 .text.TIM_SelectMasterSlaveMode
                0x00000000000041be       0x20 ./Code/MCAL/Peripheral/src/ch32v20x_tim.o
                0x00000000000041be                TIM_SelectMasterSlaveMode
 .text.TIM_SetCounter
                0x00000000000041de        0x6 ./Code/MCAL/Peripheral/src/ch32v20x_tim.o
                0x00000000000041de                TIM_SetCounter
 .text.TIM_SetCompare1
                0x00000000000041e4        0x6 ./Code/MCAL/Peripheral/src/ch32v20x_tim.o
                0x00000000000041e4                TIM_SetCompare1
 .text.TIM_SetIC1Prescaler
                0x00000000000041ea       0x1e ./Code/MCAL/Peripheral/src/ch32v20x_tim.o
                0x00000000000041ea                TIM_SetIC1Prescaler
 .text.TIM_SetIC2Prescaler
                0x0000000000004208       0x22 ./Code/MCAL/Peripheral/src/ch32v20x_tim.o
                0x0000000000004208                TIM_SetIC2Prescaler
 .text.TIM_PWMIConfig
                0x000000000000422a       0x7e ./Code/MCAL/Peripheral/src/ch32v20x_tim.o
                0x000000000000422a                TIM_PWMIConfig
 .text.TIM_GetCapture1
                0x00000000000042a8        0x6 ./Code/MCAL/Peripheral/src/ch32v20x_tim.o
                0x00000000000042a8                TIM_GetCapture1
 .text.TIM_GetCapture2
                0x00000000000042ae        0x6 ./Code/MCAL/Peripheral/src/ch32v20x_tim.o
                0x00000000000042ae                TIM_GetCapture2
 .text.TIM_GetCounter
                0x00000000000042b4        0x6 ./Code/MCAL/Peripheral/src/ch32v20x_tim.o
                0x00000000000042b4                TIM_GetCounter
 .text.TIM_ClearFlag
                0x00000000000042ba        0xe ./Code/MCAL/Peripheral/src/ch32v20x_tim.o
                0x00000000000042ba                TIM_ClearFlag
 .text.TIM_GetITStatus
                0x00000000000042c8       0x1c ./Code/MCAL/Peripheral/src/ch32v20x_tim.o
                0x00000000000042c8                TIM_GetITStatus
 .text.TIM_ClearITPendingBit
                0x00000000000042e4        0xe ./Code/MCAL/Peripheral/src/ch32v20x_tim.o
                0x00000000000042e4                TIM_ClearITPendingBit
 .text.USART_Init
                0x00000000000042f2       0xd8 ./Code/MCAL/Peripheral/src/ch32v20x_usart.o
                0x00000000000042f2                USART_Init
 .text.USART_Cmd
                0x00000000000043ca       0x1c ./Code/MCAL/Peripheral/src/ch32v20x_usart.o
                0x00000000000043ca                USART_Cmd
 .text.USART_SendData
                0x00000000000043e6        0xa ./Code/MCAL/Peripheral/src/ch32v20x_usart.o
                0x00000000000043e6                USART_SendData
 .text.USART_ReceiveData
                0x00000000000043f0        0xa ./Code/MCAL/Peripheral/src/ch32v20x_usart.o
                0x00000000000043f0                USART_ReceiveData
 .text.USART_GetFlagStatus
                0x00000000000043fa        0xc ./Code/MCAL/Peripheral/src/ch32v20x_usart.o
                0x00000000000043fa                USART_GetFlagStatus
 .text.USART_ClearFlag
                0x0000000000004406        0xe ./Code/MCAL/Peripheral/src/ch32v20x_usart.o
                0x0000000000004406                USART_ClearFlag
 .text.USART_GetITStatus
                0x0000000000004414       0x44 ./Code/MCAL/Peripheral/src/ch32v20x_usart.o
                0x0000000000004414                USART_GetITStatus
 .text.USART_Printf_Init
                0x0000000000004458       0x5c ./Code/MCAL/Debug/debug.o
                0x0000000000004458                USART_Printf_Init
 .text._write   0x00000000000044b4       0x3e ./Code/MCAL/Debug/debug.o
                0x00000000000044b4                _write
 .text._sbrk    0x00000000000044f2       0x2a ./Code/MCAL/Debug/debug.o
                0x00000000000044f2                _sbrk
 .text.MCAL_Config_ConfigAllPins
                0x000000000000451c      0x65e ./Code/MCAL/Config/MCAL_config.o
                0x000000000000451c                MCAL_Config_ConfigAllPins
 .text.SystemInit
                0x0000000000004b7a       0xe6 ./Code/MCAL/Config/system_ch32v20x.o
                0x0000000000004b7a                SystemInit
 .text.SystemCoreClockUpdate
                0x0000000000004c60       0x90 ./Code/MCAL/Config/system_ch32v20x.o
                0x0000000000004c60                SystemCoreClockUpdate
 .text.HAL_WRAPPER_ReadAcc
                0x0000000000004cf0       0x40 ./Code/HAL/Wrapper/HAL_wrapper.o
                0x0000000000004cf0                HAL_WRAPPER_ReadAcc
 .text.HAL_WRAPPER_ReadGyro
                0x0000000000004d30       0x3a ./Code/HAL/Wrapper/HAL_wrapper.o
                0x0000000000004d30                HAL_WRAPPER_ReadGyro
 .text.HAL_WRAPPER_ReadMagnet
                0x0000000000004d6a       0x46 ./Code/HAL/Wrapper/HAL_wrapper.o
                0x0000000000004d6a                HAL_WRAPPER_ReadMagnet
 .text.HAL_WRAPPER_SetESCSpeeds
                0x0000000000004db0       0x5e ./Code/HAL/Wrapper/HAL_wrapper.o
                0x0000000000004db0                HAL_WRAPPER_SetESCSpeeds
 .text.HAL_WRAPPER_GetCommMessage
                0x0000000000004e0e       0x12 ./Code/HAL/Wrapper/HAL_wrapper.o
                0x0000000000004e0e                HAL_WRAPPER_GetCommMessage
 .text.HAL_WRAPPER_SendCommMessage
                0x0000000000004e20       0x1e ./Code/HAL/Wrapper/HAL_wrapper.o
                0x0000000000004e20                HAL_WRAPPER_SendCommMessage
 .text.HAL_WRAPPER_ReadPressure
                0x0000000000004e3e       0x12 ./Code/HAL/Wrapper/HAL_wrapper.o
                0x0000000000004e3e                HAL_WRAPPER_ReadPressure
 .text.HAL_WRAPPER_ReadTemperature
                0x0000000000004e50       0x12 ./Code/HAL/Wrapper/HAL_wrapper.o
                0x0000000000004e50                HAL_WRAPPER_ReadTemperature
 .text.HAL_WRAPPER_ReadAltitude
                0x0000000000004e62       0x1a ./Code/HAL/Wrapper/HAL_wrapper.o
                0x0000000000004e62                HAL_WRAPPER_ReadAltitude
 .text.HAL_WRAPPER_GetBatteryCharge
                0x0000000000004e7c       0xa8 ./Code/HAL/Wrapper/HAL_wrapper.o
                0x0000000000004e7c                HAL_WRAPPER_GetBatteryCharge
 .text.mpu6050_accel_setup
                0x0000000000004f24       0x58 ./Code/HAL/MPU6050/MPU6050.o
                0x0000000000004f24                mpu6050_accel_setup
 .text.mpu6050_accel_read
                0x0000000000004f7c       0xa6 ./Code/HAL/MPU6050/MPU6050.o
                0x0000000000004f7c                mpu6050_accel_read
 .text.mpu6050_gyro_read
                0x0000000000005022      0x11a ./Code/HAL/MPU6050/MPU6050.o
                0x0000000000005022                mpu6050_gyro_read
 .text.mpu6050_gyro_setup
                0x000000000000513c       0xdc ./Code/HAL/MPU6050/MPU6050.o
                0x000000000000513c                mpu6050_gyro_setup
 .text.mpu6050_init
                0x0000000000005218       0x10 ./Code/HAL/MPU6050/MPU6050.o
                0x0000000000005218                mpu6050_init
 .text.hmc5883l_init
                0x0000000000005228       0xa8 ./Code/HAL/HMC5883L/HMC5883.o
                0x0000000000005228                hmc5883l_init
 .text.hmc5883l_read
                0x00000000000052d0       0x5c ./Code/HAL/HMC5883L/HMC5883.o
                0x00000000000052d0                hmc5883l_read
 .text.hmc5883l_normalize
                0x000000000000532c       0x7c ./Code/HAL/HMC5883L/HMC5883.o
                0x000000000000532c                hmc5883l_normalize
 .text.HAL_HCSR04_GetDistance
                0x00000000000053a8       0x4a ./Code/HAL/HC_SR04/HC_SR04.o
                0x00000000000053a8                HAL_HCSR04_GetDistance
 .text.HAL_ESC_init
                0x00000000000053f2       0x36 ./Code/HAL/ESC/ESC.o
                0x00000000000053f2                HAL_ESC_init
 .text.HAL_ESC_setSpeed
                0x0000000000005428       0x38 ./Code/HAL/ESC/ESC.o
                0x0000000000005428                HAL_ESC_setSpeed
 .text.HAL_Config_ConfigAllHW
                0x0000000000005460       0x32 ./Code/HAL/Config/HAL_config.o
                0x0000000000005460                HAL_Config_ConfigAllHW
 .text.BMP280_ReadRegister
                0x0000000000005492       0x2e ./Code/HAL/BMP280/bmp.o
                0x0000000000005492                BMP280_ReadRegister
 .text.BMP280_WriteRegister
                0x00000000000054c0       0x2a ./Code/HAL/BMP280/bmp.o
                0x00000000000054c0                BMP280_WriteRegister
 .text.BMP280_ReadUnsignedShort
                0x00000000000054ea       0x24 ./Code/HAL/BMP280/bmp.o
                0x00000000000054ea                BMP280_ReadUnsignedShort
 .text.BMP280_ReadSignedShort
                0x000000000000550e       0x24 ./Code/HAL/BMP280/bmp.o
                0x000000000000550e                BMP280_ReadSignedShort
 .text.BMP280_get_trimming_parameters
                0x0000000000005532       0xa0 ./Code/HAL/BMP280/bmp.o
                0x0000000000005532                BMP280_get_trimming_parameters
 .text.BMP280_ReadDataRegisters
                0x00000000000055d2       0x34 ./Code/HAL/BMP280/bmp.o
                0x00000000000055d2                BMP280_ReadDataRegisters
 .text.BMP280_GetTemperatureRawData
                0x0000000000005606       0x16 ./Code/HAL/BMP280/bmp.o
                0x0000000000005606                BMP280_GetTemperatureRawData
 .text.BMP280_GetPressureRawData
                0x000000000000561c       0x16 ./Code/HAL/BMP280/bmp.o
                0x000000000000561c                BMP280_GetPressureRawData
 .text.BMP280_CompensateTemperature
                0x0000000000005632       0x60 ./Code/HAL/BMP280/bmp.o
                0x0000000000005632                BMP280_CompensateTemperature
 .text.BMP280_CompensatePressure
                0x0000000000005692      0x20c ./Code/HAL/BMP280/bmp.o
                0x0000000000005692                BMP280_CompensatePressure
 .text.BMP280_Init
                0x000000000000589e       0x2e ./Code/HAL/BMP280/bmp.o
                0x000000000000589e                BMP280_Init
 .text.BMP280_get_temperature
                0x00000000000058cc       0x18 ./Code/HAL/BMP280/bmp.o
                0x00000000000058cc                BMP280_get_temperature
 .text.BMP280_get_pressure
                0x00000000000058e4       0x1c ./Code/HAL/BMP280/bmp.o
                0x00000000000058e4                BMP280_get_pressure
 .text.BMP280_get_altitude
                0x0000000000005900       0x68 ./Code/HAL/BMP280/bmp.o
                0x0000000000005900                BMP280_get_altitude
 .text.NMI_Handler
                0x0000000000005968        0x2 ./Code/APP/ch32v20x_it.o
                0x0000000000005968                NMI_Handler
 .text.HardFault_Handler
                0x000000000000596a        0x2 ./Code/APP/ch32v20x_it.o
                0x000000000000596a                HardFault_Handler
 .text.Task_CollectSensorData
                0x000000000000596c       0xb8 ./Code/APP/main.o
                0x000000000000596c                Task_CollectSensorData
 .text.Task_SensorFusion
                0x0000000000005a24      0x13c ./Code/APP/main.o
                0x0000000000005a24                Task_SensorFusion
 .text.Task_Master
                0x0000000000005b60      0x38e ./Code/APP/main.o
                0x0000000000005b60                Task_Master
 .text.UARTReceivedISR
                0x0000000000005eee       0x7a ./Code/APP/main.o
                0x0000000000005eee                UARTReceivedISR
 .text.Task_AppComm
                0x0000000000005f68       0xe4 ./Code/APP/main.o
                0x0000000000005f68                Task_AppComm
 .text.startup.main
                0x000000000000604c       0xe2 ./Code/APP/main.o
                0x000000000000604c                main
 .text.atan     0x000000000000612e      0x33a c:/mounriver/mrs_community/toolchain/risc-v embedded gcc/bin/../lib/gcc/riscv-none-embed/8.2.0/../../../../riscv-none-embed/lib/rv32imac/ilp32\libm.a(lib_a-s_atan.o)
                0x000000000000612e                atan
 .text.cos      0x0000000000006468       0x92 c:/mounriver/mrs_community/toolchain/risc-v embedded gcc/bin/../lib/gcc/riscv-none-embed/8.2.0/../../../../riscv-none-embed/lib/rv32imac/ilp32\libm.a(lib_a-s_cos.o)
                0x0000000000006468                cos
 .text.fabs     0x00000000000064fa        0x6 c:/mounriver/mrs_community/toolchain/risc-v embedded gcc/bin/../lib/gcc/riscv-none-embed/8.2.0/../../../../riscv-none-embed/lib/rv32imac/ilp32\libm.a(lib_a-s_fabs.o)
                0x00000000000064fa                fabs
 .text.sin      0x0000000000006500       0x94 c:/mounriver/mrs_community/toolchain/risc-v embedded gcc/bin/../lib/gcc/riscv-none-embed/8.2.0/../../../../riscv-none-embed/lib/rv32imac/ilp32\libm.a(lib_a-s_sin.o)
                0x0000000000006500                sin
 .text.atan2    0x0000000000006594        0x2 c:/mounriver/mrs_community/toolchain/risc-v embedded gcc/bin/../lib/gcc/riscv-none-embed/8.2.0/../../../../riscv-none-embed/lib/rv32imac/ilp32\libm.a(lib_a-w_atan2.o)
                0x0000000000006594                atan2
 .text.pow      0x0000000000006596      0x324 c:/mounriver/mrs_community/toolchain/risc-v embedded gcc/bin/../lib/gcc/riscv-none-embed/8.2.0/../../../../riscv-none-embed/lib/rv32imac/ilp32\libm.a(lib_a-w_pow.o)
                0x0000000000006596                pow
 .text.sqrt     0x00000000000068ba       0xba c:/mounriver/mrs_community/toolchain/risc-v embedded gcc/bin/../lib/gcc/riscv-none-embed/8.2.0/../../../../riscv-none-embed/lib/rv32imac/ilp32\libm.a(lib_a-w_sqrt.o)
                0x00000000000068ba                sqrt
 .text.__ieee754_atan2
                0x0000000000006974      0x1e4 c:/mounriver/mrs_community/toolchain/risc-v embedded gcc/bin/../lib/gcc/riscv-none-embed/8.2.0/../../../../riscv-none-embed/lib/rv32imac/ilp32\libm.a(lib_a-e_atan2.o)
                0x0000000000006974                __ieee754_atan2
 .text.__ieee754_pow
                0x0000000000006b58      0xad8 c:/mounriver/mrs_community/toolchain/risc-v embedded gcc/bin/../lib/gcc/riscv-none-embed/8.2.0/../../../../riscv-none-embed/lib/rv32imac/ilp32\libm.a(lib_a-e_pow.o)
                0x0000000000006b58                __ieee754_pow
 .text.__ieee754_rem_pio2
                0x0000000000007630      0x466 c:/mounriver/mrs_community/toolchain/risc-v embedded gcc/bin/../lib/gcc/riscv-none-embed/8.2.0/../../../../riscv-none-embed/lib/rv32imac/ilp32\libm.a(lib_a-e_rem_pio2.o)
                0x0000000000007630                __ieee754_rem_pio2
 .text.__ieee754_sqrt
                0x0000000000007a96      0x1d6 c:/mounriver/mrs_community/toolchain/risc-v embedded gcc/bin/../lib/gcc/riscv-none-embed/8.2.0/../../../../riscv-none-embed/lib/rv32imac/ilp32\libm.a(lib_a-e_sqrt.o)
                0x0000000000007a96                __ieee754_sqrt
 .text.__kernel_cos
                0x0000000000007c6c      0x2b8 c:/mounriver/mrs_community/toolchain/risc-v embedded gcc/bin/../lib/gcc/riscv-none-embed/8.2.0/../../../../riscv-none-embed/lib/rv32imac/ilp32\libm.a(lib_a-k_cos.o)
                0x0000000000007c6c                __kernel_cos
 .text.__kernel_rem_pio2
                0x0000000000007f24      0x952 c:/mounriver/mrs_community/toolchain/risc-v embedded gcc/bin/../lib/gcc/riscv-none-embed/8.2.0/../../../../riscv-none-embed/lib/rv32imac/ilp32\libm.a(lib_a-k_rem_pio2.o)
                0x0000000000007f24                __kernel_rem_pio2
 .text.__kernel_sin
                0x0000000000008876      0x19a c:/mounriver/mrs_community/toolchain/risc-v embedded gcc/bin/../lib/gcc/riscv-none-embed/8.2.0/../../../../riscv-none-embed/lib/rv32imac/ilp32\libm.a(lib_a-k_sin.o)
                0x0000000000008876                __kernel_sin
 .text.finite   0x0000000000008a10        0xe c:/mounriver/mrs_community/toolchain/risc-v embedded gcc/bin/../lib/gcc/riscv-none-embed/8.2.0/../../../../riscv-none-embed/lib/rv32imac/ilp32\libm.a(lib_a-s_finite.o)
                0x0000000000008a10                finite
 .text.floor    0x0000000000008a1e      0x152 c:/mounriver/mrs_community/toolchain/risc-v embedded gcc/bin/../lib/gcc/riscv-none-embed/8.2.0/../../../../riscv-none-embed/lib/rv32imac/ilp32\libm.a(lib_a-s_floor.o)
                0x0000000000008a1e                floor
 .text.matherr  0x0000000000008b70        0x4 c:/mounriver/mrs_community/toolchain/risc-v embedded gcc/bin/../lib/gcc/riscv-none-embed/8.2.0/../../../../riscv-none-embed/lib/rv32imac/ilp32\libm.a(lib_a-s_matherr.o)
                0x0000000000008b70                matherr
 .text.nan      0x0000000000008b74        0xe c:/mounriver/mrs_community/toolchain/risc-v embedded gcc/bin/../lib/gcc/riscv-none-embed/8.2.0/../../../../riscv-none-embed/lib/rv32imac/ilp32\libm.a(lib_a-s_nan.o)
                0x0000000000008b74                nan
 .text.rint     0x0000000000008b82      0x186 c:/mounriver/mrs_community/toolchain/risc-v embedded gcc/bin/../lib/gcc/riscv-none-embed/8.2.0/../../../../riscv-none-embed/lib/rv32imac/ilp32\libm.a(lib_a-s_rint.o)
                0x0000000000008b82                rint
 .text.scalbn   0x0000000000008d08      0x13e c:/mounriver/mrs_community/toolchain/risc-v embedded gcc/bin/../lib/gcc/riscv-none-embed/8.2.0/../../../../riscv-none-embed/lib/rv32imac/ilp32\libm.a(lib_a-s_scalbn.o)
                0x0000000000008d08                scalbn
 .text.copysign
                0x0000000000008e46       0x16 c:/mounriver/mrs_community/toolchain/risc-v embedded gcc/bin/../lib/gcc/riscv-none-embed/8.2.0/../../../../riscv-none-embed/lib/rv32imac/ilp32\libm.a(lib_a-s_copysign.o)
                0x0000000000008e46                copysign
 .text.__divdi3
                0x0000000000008e5c      0x3d8 c:/mounriver/mrs_community/toolchain/risc-v embedded gcc/bin/../lib/gcc/riscv-none-embed/8.2.0/rv32imac/ilp32\libgcc.a(_divdi3.o)
                0x0000000000008e5c                __divdi3
 .text.__adddf3
                0x0000000000009234      0x730 c:/mounriver/mrs_community/toolchain/risc-v embedded gcc/bin/../lib/gcc/riscv-none-embed/8.2.0/rv32imac/ilp32\libgcc.a(adddf3.o)
                0x0000000000009234                __adddf3
 .text.__divdf3
                0x0000000000009964      0x5b4 c:/mounriver/mrs_community/toolchain/risc-v embedded gcc/bin/../lib/gcc/riscv-none-embed/8.2.0/rv32imac/ilp32\libgcc.a(divdf3.o)
                0x0000000000009964                __divdf3
 .text.__eqdf2  0x0000000000009f18       0x6a c:/mounriver/mrs_community/toolchain/risc-v embedded gcc/bin/../lib/gcc/riscv-none-embed/8.2.0/rv32imac/ilp32\libgcc.a(eqdf2.o)
                0x0000000000009f18                __nedf2
                0x0000000000009f18                __eqdf2
 .text.__gedf2  0x0000000000009f82       0xae c:/mounriver/mrs_community/toolchain/risc-v embedded gcc/bin/../lib/gcc/riscv-none-embed/8.2.0/rv32imac/ilp32\libgcc.a(gedf2.o)
                0x0000000000009f82                __gedf2
                0x0000000000009f82                __gtdf2
 .text.__ledf2  0x000000000000a030       0xb6 c:/mounriver/mrs_community/toolchain/risc-v embedded gcc/bin/../lib/gcc/riscv-none-embed/8.2.0/rv32imac/ilp32\libgcc.a(ledf2.o)
                0x000000000000a030                __ledf2
                0x000000000000a030                __ltdf2
 .text.__muldf3
                0x000000000000a0e6      0x4b8 c:/mounriver/mrs_community/toolchain/risc-v embedded gcc/bin/../lib/gcc/riscv-none-embed/8.2.0/rv32imac/ilp32\libgcc.a(muldf3.o)
                0x000000000000a0e6                __muldf3
 .text.__subdf3
                0x000000000000a59e      0x73e c:/mounriver/mrs_community/toolchain/risc-v embedded gcc/bin/../lib/gcc/riscv-none-embed/8.2.0/rv32imac/ilp32\libgcc.a(subdf3.o)
                0x000000000000a59e                __subdf3
 .text.__unorddf2
                0x000000000000acdc       0x3c c:/mounriver/mrs_community/toolchain/risc-v embedded gcc/bin/../lib/gcc/riscv-none-embed/8.2.0/rv32imac/ilp32\libgcc.a(unorddf2.o)
                0x000000000000acdc                __unorddf2
 .text.__fixdfsi
                0x000000000000ad18       0x68 c:/mounriver/mrs_community/toolchain/risc-v embedded gcc/bin/../lib/gcc/riscv-none-embed/8.2.0/rv32imac/ilp32\libgcc.a(fixdfsi.o)
                0x000000000000ad18                __fixdfsi
 .text.__floatsidf
                0x000000000000ad80       0x72 c:/mounriver/mrs_community/toolchain/risc-v embedded gcc/bin/../lib/gcc/riscv-none-embed/8.2.0/rv32imac/ilp32\libgcc.a(floatsidf.o)
                0x000000000000ad80                __floatsidf
 .text.__floatunsidf
                0x000000000000adf2       0x68 c:/mounriver/mrs_community/toolchain/risc-v embedded gcc/bin/../lib/gcc/riscv-none-embed/8.2.0/rv32imac/ilp32\libgcc.a(floatunsidf.o)
                0x000000000000adf2                __floatunsidf
 .text.__addsf3
                0x000000000000ae5a      0x36a c:/mounriver/mrs_community/toolchain/risc-v embedded gcc/bin/../lib/gcc/riscv-none-embed/8.2.0/rv32imac/ilp32\libgcc.a(addsf3.o)
                0x000000000000ae5a                __addsf3
 .text.__divsf3
                0x000000000000b1c4      0x2b2 c:/mounriver/mrs_community/toolchain/risc-v embedded gcc/bin/../lib/gcc/riscv-none-embed/8.2.0/rv32imac/ilp32\libgcc.a(divsf3.o)
                0x000000000000b1c4                __divsf3
 .text.__gesf2  0x000000000000b476       0x86 c:/mounriver/mrs_community/toolchain/risc-v embedded gcc/bin/../lib/gcc/riscv-none-embed/8.2.0/rv32imac/ilp32\libgcc.a(gesf2.o)
                0x000000000000b476                __gesf2
                0x000000000000b476                __gtsf2
 .text.__lesf2  0x000000000000b4fc       0x8c c:/mounriver/mrs_community/toolchain/risc-v embedded gcc/bin/../lib/gcc/riscv-none-embed/8.2.0/rv32imac/ilp32\libgcc.a(lesf2.o)
                0x000000000000b4fc                __ltsf2
                0x000000000000b4fc                __lesf2
 .text.__mulsf3
                0x000000000000b588      0x294 c:/mounriver/mrs_community/toolchain/risc-v embedded gcc/bin/../lib/gcc/riscv-none-embed/8.2.0/rv32imac/ilp32\libgcc.a(mulsf3.o)
                0x000000000000b588                __mulsf3
 .text.__subsf3
                0x000000000000b81c      0x388 c:/mounriver/mrs_community/toolchain/risc-v embedded gcc/bin/../lib/gcc/riscv-none-embed/8.2.0/rv32imac/ilp32\libgcc.a(subsf3.o)
                0x000000000000b81c                __subsf3
 .text.__fixunssfsi
                0x000000000000bba4       0x56 c:/mounriver/mrs_community/toolchain/risc-v embedded gcc/bin/../lib/gcc/riscv-none-embed/8.2.0/rv32imac/ilp32\libgcc.a(fixunssfsi.o)
                0x000000000000bba4                __fixunssfsi
 .text.__floatsisf
                0x000000000000bbfa       0xc6 c:/mounriver/mrs_community/toolchain/risc-v embedded gcc/bin/../lib/gcc/riscv-none-embed/8.2.0/rv32imac/ilp32\libgcc.a(floatsisf.o)
                0x000000000000bbfa                __floatsisf
 .text.__floatdisf
                0x000000000000bcc0      0x142 c:/mounriver/mrs_community/toolchain/risc-v embedded gcc/bin/../lib/gcc/riscv-none-embed/8.2.0/rv32imac/ilp32\libgcc.a(floatdisf.o)
                0x000000000000bcc0                __floatdisf
 .text.__extendsfdf2
                0x000000000000be02       0xac c:/mounriver/mrs_community/toolchain/risc-v embedded gcc/bin/../lib/gcc/riscv-none-embed/8.2.0/rv32imac/ilp32\libgcc.a(extendsfdf2.o)
                0x000000000000be02                __extendsfdf2
 .text.__truncdfsf2
                0x000000000000beae      0x16a c:/mounriver/mrs_community/toolchain/risc-v embedded gcc/bin/../lib/gcc/riscv-none-embed/8.2.0/rv32imac/ilp32\libgcc.a(truncdfsf2.o)
                0x000000000000beae                __truncdfsf2
 .text.__clzsi2
                0x000000000000c018       0x76 c:/mounriver/mrs_community/toolchain/risc-v embedded gcc/bin/../lib/gcc/riscv-none-embed/8.2.0/rv32imac/ilp32\libgcc.a(_clzsi2.o)
                0x000000000000c018                __clzsi2
 .text.__errno  0x000000000000c08e        0x8 c:/mounriver/mrs_community/toolchain/risc-v embedded gcc/bin/../lib/gcc/riscv-none-embed/8.2.0/../../../../riscv-none-embed/lib/rv32imac/ilp32\libg_nano.a(lib_a-errno.o)
                0x000000000000c08e                __errno
 .text.malloc   0x000000000000c096        0xa c:/mounriver/mrs_community/toolchain/risc-v embedded gcc/bin/../lib/gcc/riscv-none-embed/8.2.0/../../../../riscv-none-embed/lib/rv32imac/ilp32\libg_nano.a(lib_a-malloc.o)
                0x000000000000c096                malloc
 .text.free     0x000000000000c0a0        0xa c:/mounriver/mrs_community/toolchain/risc-v embedded gcc/bin/../lib/gcc/riscv-none-embed/8.2.0/../../../../riscv-none-embed/lib/rv32imac/ilp32\libg_nano.a(lib_a-malloc.o)
                0x000000000000c0a0                free
 .text.memcpy   0x000000000000c0aa       0xb6 c:/mounriver/mrs_community/toolchain/risc-v embedded gcc/bin/../lib/gcc/riscv-none-embed/8.2.0/../../../../riscv-none-embed/lib/rv32imac/ilp32\libg_nano.a(lib_a-memcpy.o)
                0x000000000000c0aa                memcpy
 .text._free_r  0x000000000000c160       0xb0 c:/mounriver/mrs_community/toolchain/risc-v embedded gcc/bin/../lib/gcc/riscv-none-embed/8.2.0/../../../../riscv-none-embed/lib/rv32imac/ilp32\libg_nano.a(lib_a-nano-freer.o)
                0x000000000000c160                _free_r
 .text._malloc_r
                0x000000000000c210       0xd4 c:/mounriver/mrs_community/toolchain/risc-v embedded gcc/bin/../lib/gcc/riscv-none-embed/8.2.0/../../../../riscv-none-embed/lib/rv32imac/ilp32\libg_nano.a(lib_a-nano-mallocr.o)
                0x000000000000c210                _malloc_r
 .text.printf   0x000000000000c2e4       0x40 c:/mounriver/mrs_community/toolchain/risc-v embedded gcc/bin/../lib/gcc/riscv-none-embed/8.2.0/../../../../riscv-none-embed/lib/rv32imac/ilp32\libg_nano.a(lib_a-printf.o)
                0x000000000000c2e4                iprintf
                0x000000000000c2e4                printf
 .text._puts_r  0x000000000000c324       0xda c:/mounriver/mrs_community/toolchain/risc-v embedded gcc/bin/../lib/gcc/riscv-none-embed/8.2.0/../../../../riscv-none-embed/lib/rv32imac/ilp32\libg_nano.a(lib_a-puts.o)
                0x000000000000c324                _puts_r
 .text.puts     0x000000000000c3fe        0xc c:/mounriver/mrs_community/toolchain/risc-v embedded gcc/bin/../lib/gcc/riscv-none-embed/8.2.0/../../../../riscv-none-embed/lib/rv32imac/ilp32\libg_nano.a(lib_a-puts.o)
                0x000000000000c3fe                puts
 .text._sbrk_r  0x000000000000c40a       0x32 c:/mounriver/mrs_community/toolchain/risc-v embedded gcc/bin/../lib/gcc/riscv-none-embed/8.2.0/../../../../riscv-none-embed/lib/rv32imac/ilp32\libg_nano.a(lib_a-sbrkr.o)
                0x000000000000c40a                _sbrk_r
 .text.__swbuf_r
                0x000000000000c43c       0xc0 c:/mounriver/mrs_community/toolchain/risc-v embedded gcc/bin/../lib/gcc/riscv-none-embed/8.2.0/../../../../riscv-none-embed/lib/rv32imac/ilp32\libg_nano.a(lib_a-wbuf.o)
                0x000000000000c43c                __swbuf_r
 .text.__swsetup_r
                0x000000000000c4fc      0x10e c:/mounriver/mrs_community/toolchain/risc-v embedded gcc/bin/../lib/gcc/riscv-none-embed/8.2.0/../../../../riscv-none-embed/lib/rv32imac/ilp32\libg_nano.a(lib_a-wsetup.o)
                0x000000000000c4fc                __swsetup_r
 .text.__sflush_r
                0x000000000000c60a      0x13e c:/mounriver/mrs_community/toolchain/risc-v embedded gcc/bin/../lib/gcc/riscv-none-embed/8.2.0/../../../../riscv-none-embed/lib/rv32imac/ilp32\libg_nano.a(lib_a-fflush.o)
                0x000000000000c60a                __sflush_r
 .text._fflush_r
                0x000000000000c748       0x66 c:/mounriver/mrs_community/toolchain/risc-v embedded gcc/bin/../lib/gcc/riscv-none-embed/8.2.0/../../../../riscv-none-embed/lib/rv32imac/ilp32\libg_nano.a(lib_a-fflush.o)
                0x000000000000c748                _fflush_r
 .text.std      0x000000000000c7ae       0x6a c:/mounriver/mrs_community/toolchain/risc-v embedded gcc/bin/../lib/gcc/riscv-none-embed/8.2.0/../../../../riscv-none-embed/lib/rv32imac/ilp32\libg_nano.a(lib_a-findfp.o)
 .text._cleanup_r
                0x000000000000c818        0xa c:/mounriver/mrs_community/toolchain/risc-v embedded gcc/bin/../lib/gcc/riscv-none-embed/8.2.0/../../../../riscv-none-embed/lib/rv32imac/ilp32\libg_nano.a(lib_a-findfp.o)
                0x000000000000c818                _cleanup_r
 .text.__sfmoreglue
                0x000000000000c822       0x48 c:/mounriver/mrs_community/toolchain/risc-v embedded gcc/bin/../lib/gcc/riscv-none-embed/8.2.0/../../../../riscv-none-embed/lib/rv32imac/ilp32\libg_nano.a(lib_a-findfp.o)
                0x000000000000c822                __sfmoreglue
 .text.__sinit  0x000000000000c86a       0x6c c:/mounriver/mrs_community/toolchain/risc-v embedded gcc/bin/../lib/gcc/riscv-none-embed/8.2.0/../../../../riscv-none-embed/lib/rv32imac/ilp32\libg_nano.a(lib_a-findfp.o)
                0x000000000000c86a                __sinit
 .text.__sfp    0x000000000000c8d6       0xa0 c:/mounriver/mrs_community/toolchain/risc-v embedded gcc/bin/../lib/gcc/riscv-none-embed/8.2.0/../../../../riscv-none-embed/lib/rv32imac/ilp32\libg_nano.a(lib_a-findfp.o)
                0x000000000000c8d6                __sfp
 .text._fwalk_reent
                0x000000000000c976       0x6c c:/mounriver/mrs_community/toolchain/risc-v embedded gcc/bin/../lib/gcc/riscv-none-embed/8.2.0/../../../../riscv-none-embed/lib/rv32imac/ilp32\libg_nano.a(lib_a-fwalk.o)
                0x000000000000c976                _fwalk_reent
 .text.__swhatbuf_r
                0x000000000000c9e2       0x5a c:/mounriver/mrs_community/toolchain/risc-v embedded gcc/bin/../lib/gcc/riscv-none-embed/8.2.0/../../../../riscv-none-embed/lib/rv32imac/ilp32\libg_nano.a(lib_a-makebuf.o)
                0x000000000000c9e2                __swhatbuf_r
 .text.__smakebuf_r
                0x000000000000ca3c       0xa2 c:/mounriver/mrs_community/toolchain/risc-v embedded gcc/bin/../lib/gcc/riscv-none-embed/8.2.0/../../../../riscv-none-embed/lib/rv32imac/ilp32\libg_nano.a(lib_a-makebuf.o)
                0x000000000000ca3c                __smakebuf_r
 .text.__malloc_lock
                0x000000000000cade        0x2 c:/mounriver/mrs_community/toolchain/risc-v embedded gcc/bin/../lib/gcc/riscv-none-embed/8.2.0/../../../../riscv-none-embed/lib/rv32imac/ilp32\libg_nano.a(lib_a-mlock.o)
                0x000000000000cade                __malloc_lock
 .text.__malloc_unlock
                0x000000000000cae0        0x2 c:/mounriver/mrs_community/toolchain/risc-v embedded gcc/bin/../lib/gcc/riscv-none-embed/8.2.0/../../../../riscv-none-embed/lib/rv32imac/ilp32\libg_nano.a(lib_a-mlock.o)
                0x000000000000cae0                __malloc_unlock
 .text.__sfputc_r
                0x000000000000cae2       0x2a c:/mounriver/mrs_community/toolchain/risc-v embedded gcc/bin/../lib/gcc/riscv-none-embed/8.2.0/../../../../riscv-none-embed/lib/rv32imac/ilp32\libg_nano.a(lib_a-nano-vfprintf.o)
 .text.__sfputs_r
                0x000000000000cb0c       0x44 c:/mounriver/mrs_community/toolchain/risc-v embedded gcc/bin/../lib/gcc/riscv-none-embed/8.2.0/../../../../riscv-none-embed/lib/rv32imac/ilp32\libg_nano.a(lib_a-nano-vfprintf.o)
                0x000000000000cb0c                __sfputs_r
 .text._vfprintf_r
                0x000000000000cb50      0x29c c:/mounriver/mrs_community/toolchain/risc-v embedded gcc/bin/../lib/gcc/riscv-none-embed/8.2.0/../../../../riscv-none-embed/lib/rv32imac/ilp32\libg_nano.a(lib_a-nano-vfprintf.o)
                0x000000000000cb50                _vfprintf_r
                0x000000000000cb50                _vfiprintf_r
 .text._printf_common
                0x000000000000cdec      0x10c c:/mounriver/mrs_community/toolchain/risc-v embedded gcc/bin/../lib/gcc/riscv-none-embed/8.2.0/../../../../riscv-none-embed/lib/rv32imac/ilp32\libg_nano.a(lib_a-nano-vfprintf_i.o)
                0x000000000000cdec                _printf_common
 .text._printf_i
                0x000000000000cef8      0x2aa c:/mounriver/mrs_community/toolchain/risc-v embedded gcc/bin/../lib/gcc/riscv-none-embed/8.2.0/../../../../riscv-none-embed/lib/rv32imac/ilp32\libg_nano.a(lib_a-nano-vfprintf_i.o)
                0x000000000000cef8                _printf_i
 .text.__sread  0x000000000000d1a2       0x30 c:/mounriver/mrs_community/toolchain/risc-v embedded gcc/bin/../lib/gcc/riscv-none-embed/8.2.0/../../../../riscv-none-embed/lib/rv32imac/ilp32\libg_nano.a(lib_a-stdio.o)
                0x000000000000d1a2                __sread
 .text.__swrite
                0x000000000000d1d2       0x4e c:/mounriver/mrs_community/toolchain/risc-v embedded gcc/bin/../lib/gcc/riscv-none-embed/8.2.0/../../../../riscv-none-embed/lib/rv32imac/ilp32\libg_nano.a(lib_a-stdio.o)
                0x000000000000d1d2                __swrite
 .text.__sseek  0x000000000000d220       0x36 c:/mounriver/mrs_community/toolchain/risc-v embedded gcc/bin/../lib/gcc/riscv-none-embed/8.2.0/../../../../riscv-none-embed/lib/rv32imac/ilp32\libg_nano.a(lib_a-stdio.o)
                0x000000000000d220                __sseek
 .text.__sclose
                0x000000000000d256        0x6 c:/mounriver/mrs_community/toolchain/risc-v embedded gcc/bin/../lib/gcc/riscv-none-embed/8.2.0/../../../../riscv-none-embed/lib/rv32imac/ilp32\libg_nano.a(lib_a-stdio.o)
                0x000000000000d256                __sclose
 .text._write_r
                0x000000000000d25c       0x36 c:/mounriver/mrs_community/toolchain/risc-v embedded gcc/bin/../lib/gcc/riscv-none-embed/8.2.0/../../../../riscv-none-embed/lib/rv32imac/ilp32\libg_nano.a(lib_a-writer.o)
                0x000000000000d25c                _write_r
 .text._close_r
                0x000000000000d292       0x30 c:/mounriver/mrs_community/toolchain/risc-v embedded gcc/bin/../lib/gcc/riscv-none-embed/8.2.0/../../../../riscv-none-embed/lib/rv32imac/ilp32\libg_nano.a(lib_a-closer.o)
                0x000000000000d292                _close_r
 .text._fstat_r
                0x000000000000d2c2       0x32 c:/mounriver/mrs_community/toolchain/risc-v embedded gcc/bin/../lib/gcc/riscv-none-embed/8.2.0/../../../../riscv-none-embed/lib/rv32imac/ilp32\libg_nano.a(lib_a-fstatr.o)
                0x000000000000d2c2                _fstat_r
 .text._isatty_r
                0x000000000000d2f4       0x30 c:/mounriver/mrs_community/toolchain/risc-v embedded gcc/bin/../lib/gcc/riscv-none-embed/8.2.0/../../../../riscv-none-embed/lib/rv32imac/ilp32\libg_nano.a(lib_a-isattyr.o)
                0x000000000000d2f4                _isatty_r
 .text._lseek_r
                0x000000000000d324       0x34 c:/mounriver/mrs_community/toolchain/risc-v embedded gcc/bin/../lib/gcc/riscv-none-embed/8.2.0/../../../../riscv-none-embed/lib/rv32imac/ilp32\libg_nano.a(lib_a-lseekr.o)
                0x000000000000d324                _lseek_r
 .text.memchr   0x000000000000d358       0x1a c:/mounriver/mrs_community/toolchain/risc-v embedded gcc/bin/../lib/gcc/riscv-none-embed/8.2.0/../../../../riscv-none-embed/lib/rv32imac/ilp32\libg_nano.a(lib_a-memchr.o)
                0x000000000000d358                memchr
 .text._read_r  0x000000000000d372       0x34 c:/mounriver/mrs_community/toolchain/risc-v embedded gcc/bin/../lib/gcc/riscv-none-embed/8.2.0/../../../../riscv-none-embed/lib/rv32imac/ilp32\libg_nano.a(lib_a-readr.o)
                0x000000000000d372                _read_r
 .text._close   0x000000000000d3a6       0x10 c:/mounriver/mrs_community/toolchain/risc-v embedded gcc/bin/../lib/gcc/riscv-none-embed/8.2.0/../../../../riscv-none-embed/lib/rv32imac/ilp32\libnosys.a(close.o)
                0x000000000000d3a6                _close
 .text._fstat   0x000000000000d3b6       0x10 c:/mounriver/mrs_community/toolchain/risc-v embedded gcc/bin/../lib/gcc/riscv-none-embed/8.2.0/../../../../riscv-none-embed/lib/rv32imac/ilp32\libnosys.a(fstat.o)
                0x000000000000d3b6                _fstat
 .text._isatty  0x000000000000d3c6       0x10 c:/mounriver/mrs_community/toolchain/risc-v embedded gcc/bin/../lib/gcc/riscv-none-embed/8.2.0/../../../../riscv-none-embed/lib/rv32imac/ilp32\libnosys.a(isatty.o)
                0x000000000000d3c6                _isatty
 .text._lseek   0x000000000000d3d6       0x10 c:/mounriver/mrs_community/toolchain/risc-v embedded gcc/bin/../lib/gcc/riscv-none-embed/8.2.0/../../../../riscv-none-embed/lib/rv32imac/ilp32\libnosys.a(lseek.o)
                0x000000000000d3d6                _lseek
 .text._read    0x000000000000d3e6       0x10 c:/mounriver/mrs_community/toolchain/risc-v embedded gcc/bin/../lib/gcc/riscv-none-embed/8.2.0/../../../../riscv-none-embed/lib/rv32imac/ilp32\libnosys.a(read.o)
                0x000000000000d3e6                _read
 *(.rodata)
 *fill*         0x000000000000d3f6        0x2 
 .rodata        0x000000000000d3f8        0xc ./Code/MCAL/Config/MCAL_config.o
 *(.rodata*)
 .rodata.pvPortMalloc.str1.4
                0x000000000000d404       0x55 ./Code/Service/FreeRTOS/portable/MemMang/heap_4.o
 *fill*         0x000000000000d459        0x3 
 .rodata.xPortStartScheduler.str1.4
                0x000000000000d45c       0x34 ./Code/Service/FreeRTOS/portable/GCC/RISC-V/port.o
                                         0x55 (size before relaxing)
 .rodata.xQueueGenericReset.str1.4
                0x000000000000d490       0x21 ./Code/Service/FreeRTOS/queue.o
                                         0x45 (size before relaxing)
 *fill*         0x000000000000d4b1        0x3 
 .rodata.xTaskGenericNotify
                0x000000000000d4b4       0x14 ./Code/Service/FreeRTOS/tasks.o
 .rodata.prvTaskIsTaskSuspended.str1.4
                0x000000000000d4c8       0x21 ./Code/Service/FreeRTOS/tasks.o
                                         0x45 (size before relaxing)
 *fill*         0x000000000000d4e9        0x3 
 .rodata.vTaskStartScheduler.str1.4
                0x000000000000d4ec        0x5 ./Code/Service/FreeRTOS/tasks.o
 *fill*         0x000000000000d4f1        0x3 
 .rodata.prvTimerTask
                0x000000000000d4f4       0x24 ./Code/Service/FreeRTOS/timers.o
 .rodata.prvCheckForValidListAndQueue.str1.4
                0x000000000000d518        0x5 ./Code/Service/FreeRTOS/timers.o
 *fill*         0x000000000000d51d        0x3 
 .rodata.prvTimerTask.str1.4
                0x000000000000d520       0x22 ./Code/Service/FreeRTOS/timers.o
                                         0x45 (size before relaxing)
 *fill*         0x000000000000d542        0x2 
 .rodata.xTimerCreateTimerTask.str1.4
                0x000000000000d544        0x8 ./Code/Service/FreeRTOS/timers.o
 .rodata.Altitude_Kalman_2D_init.cst4
                0x000000000000d54c        0x4 ./Code/Middleware/SensorFusion/SensorFusion.o
 *fill*         0x000000000000d550        0x0 
 .rodata.Altitude_Kalman_2D_init.cst8
                0x000000000000d550        0x8 ./Code/Middleware/SensorFusion/SensorFusion.o
 .rodata.SensorFuseWithKalman.cst4
                0x000000000000d558        0x8 ./Code/Middleware/SensorFusion/SensorFusion.o
 .rodata.SensorFuseWithKalman.cst8
                0x000000000000d560        0x8 ./Code/Middleware/SensorFusion/SensorFusion.o
 .rodata.YawRate.cst4
                0x000000000000d568        0x4 ./Code/Middleware/SensorFusion/SensorFusion.o
 .rodata.compute_azimuth.cst4
                0x000000000000d56c        0x4 ./Code/Middleware/SensorFusion/SensorFusion.o
 .rodata.compute_azimuth.cst8
                0x000000000000d570        0x8 ./Code/Middleware/SensorFusion/SensorFusion.o
 .rodata.kalman_filter.cst4
                0x000000000000d578        0x4 ./Code/Middleware/SensorFusion/SensorFusion.o
 *fill*         0x000000000000d57c        0x4 
 .rodata.kalman_filter_2d.cst8
                0x000000000000d580       0x10 ./Code/Middleware/SensorFusion/SensorFusion.o
 .rodata.HAL_WRAPPER_GetBatteryCharge.cst4
                0x000000000000d590        0x8 ./Code/HAL/Wrapper/HAL_wrapper.o
 .rodata.HAL_WRAPPER_GetBatteryCharge.cst8
                0x000000000000d598       0x28 ./Code/HAL/Wrapper/HAL_wrapper.o
 .rodata.mpu6050_accel_read.cst4
                0x000000000000d5c0        0x4 ./Code/HAL/MPU6050/MPU6050.o
 *fill*         0x000000000000d5c4        0x4 
 .rodata.mpu6050_gyro_read.cst8
                0x000000000000d5c8        0x8 ./Code/HAL/MPU6050/MPU6050.o
 .rodata.mpu6050_gyro_setup.cst4
                0x000000000000d5d0        0x4 ./Code/HAL/MPU6050/MPU6050.o
 *fill*         0x000000000000d5d4        0x4 
 .rodata.hmc5883l_normalize.cst8
                0x000000000000d5d8       0x18 ./Code/HAL/HMC5883L/HMC5883.o
 .rodata.HAL_HCSR04_GetDistance.cst4
                0x000000000000d5f0        0x4 ./Code/HAL/HC_SR04/HC_SR04.o
 *fill*         0x000000000000d5f4        0x4 
 .rodata.HAL_HCSR04_GetDistance.cst8
                0x000000000000d5f8        0x8 ./Code/HAL/HC_SR04/HC_SR04.o
 .rodata.BMP280_CompensatePressure.cst4
                0x000000000000d600        0x4 ./Code/HAL/BMP280/bmp.o
 .rodata.BMP280_CompensateTemperature.cst4
                0x000000000000d604        0x4 ./Code/HAL/BMP280/bmp.o
 *fill*         0x000000000000d604        0x4 
 .rodata.BMP280_get_altitude.cst8
                0x000000000000d608       0x10 ./Code/HAL/BMP280/bmp.o
                                         0x18 (size before relaxing)
 .rodata.Task_Master.cst4
                0x000000000000d618       0x38 ./Code/APP/main.o
                                         0x3c (size before relaxing)
 .rodata.Task_Master.str1.4
                0x000000000000d650       0x29 ./Code/APP/main.o
 .rodata.Task_SensorFusion.cst4
                0x000000000000d679        0x4 ./Code/APP/main.o
 *fill*         0x000000000000d679        0x3 
 .rodata.main.str1.4
                0x000000000000d67c       0x58 ./Code/APP/main.o
 *fill*         0x000000000000d6d4        0x4 
 .rodata.atan.cst8
                0x000000000000d6d8       0x88 c:/mounriver/mrs_community/toolchain/risc-v embedded gcc/bin/../lib/gcc/riscv-none-embed/8.2.0/../../../../riscv-none-embed/lib/rv32imac/ilp32\libm.a(lib_a-s_atan.o)
                                         0x90 (size before relaxing)
 .rodata.atanhi
                0x000000000000d760       0x20 c:/mounriver/mrs_community/toolchain/risc-v embedded gcc/bin/../lib/gcc/riscv-none-embed/8.2.0/../../../../riscv-none-embed/lib/rv32imac/ilp32\libm.a(lib_a-s_atan.o)
 .rodata.atanlo
                0x000000000000d780       0x20 c:/mounriver/mrs_community/toolchain/risc-v embedded gcc/bin/../lib/gcc/riscv-none-embed/8.2.0/../../../../riscv-none-embed/lib/rv32imac/ilp32\libm.a(lib_a-s_atan.o)
 .rodata.pow.cst8
                0x000000000000d7a0       0x20 c:/mounriver/mrs_community/toolchain/risc-v embedded gcc/bin/../lib/gcc/riscv-none-embed/8.2.0/../../../../riscv-none-embed/lib/rv32imac/ilp32\libm.a(lib_a-w_pow.o)
                                         0x30 (size before relaxing)
 .rodata.pow.str1.4
                0x000000000000d7c0        0x4 c:/mounriver/mrs_community/toolchain/risc-v embedded gcc/bin/../lib/gcc/riscv-none-embed/8.2.0/../../../../riscv-none-embed/lib/rv32imac/ilp32\libm.a(lib_a-w_pow.o)
 .rodata.sqrt.str1.4
                0x000000000000d7c4        0x5 c:/mounriver/mrs_community/toolchain/risc-v embedded gcc/bin/../lib/gcc/riscv-none-embed/8.2.0/../../../../riscv-none-embed/lib/rv32imac/ilp32\libm.a(lib_a-w_sqrt.o)
 *fill*         0x000000000000d7c9        0x7 
 .rodata.__ieee754_atan2.cst8
                0x000000000000d7d0       0x40 c:/mounriver/mrs_community/toolchain/risc-v embedded gcc/bin/../lib/gcc/riscv-none-embed/8.2.0/../../../../riscv-none-embed/lib/rv32imac/ilp32\libm.a(lib_a-e_atan2.o)
                                         0x50 (size before relaxing)
 .rodata.__ieee754_pow.cst8
                0x000000000000d810       0xe0 c:/mounriver/mrs_community/toolchain/risc-v embedded gcc/bin/../lib/gcc/riscv-none-embed/8.2.0/../../../../riscv-none-embed/lib/rv32imac/ilp32\libm.a(lib_a-e_pow.o)
                                        0x110 (size before relaxing)
 .rodata.__ieee754_pow.str1.4
                0x000000000000d8f0        0x5 c:/mounriver/mrs_community/toolchain/risc-v embedded gcc/bin/../lib/gcc/riscv-none-embed/8.2.0/../../../../riscv-none-embed/lib/rv32imac/ilp32\libm.a(lib_a-e_pow.o)
                                          0x1 (size before relaxing)
 .rodata.__ieee754_rem_pio2.cst8
                0x000000000000d8f0       0x40 c:/mounriver/mrs_community/toolchain/risc-v embedded gcc/bin/../lib/gcc/riscv-none-embed/8.2.0/../../../../riscv-none-embed/lib/rv32imac/ilp32\libm.a(lib_a-e_rem_pio2.o)
                                         0x48 (size before relaxing)
 .rodata.npio2_hw
                0x000000000000d930       0x80 c:/mounriver/mrs_community/toolchain/risc-v embedded gcc/bin/../lib/gcc/riscv-none-embed/8.2.0/../../../../riscv-none-embed/lib/rv32imac/ilp32\libm.a(lib_a-e_rem_pio2.o)
 .rodata.two_over_pi
                0x000000000000d9b0      0x108 c:/mounriver/mrs_community/toolchain/risc-v embedded gcc/bin/../lib/gcc/riscv-none-embed/8.2.0/../../../../riscv-none-embed/lib/rv32imac/ilp32\libm.a(lib_a-e_rem_pio2.o)
 .rodata.__kernel_cos.cst8
                0x000000000000dab8       0x40 c:/mounriver/mrs_community/toolchain/risc-v embedded gcc/bin/../lib/gcc/riscv-none-embed/8.2.0/../../../../riscv-none-embed/lib/rv32imac/ilp32\libm.a(lib_a-k_cos.o)
                                         0x50 (size before relaxing)
 .rodata.PIo2   0x000000000000daf8       0x40 c:/mounriver/mrs_community/toolchain/risc-v embedded gcc/bin/../lib/gcc/riscv-none-embed/8.2.0/../../../../riscv-none-embed/lib/rv32imac/ilp32\libm.a(lib_a-k_rem_pio2.o)
 .rodata.__kernel_rem_pio2.cst8
                0x000000000000db38       0x20 c:/mounriver/mrs_community/toolchain/risc-v embedded gcc/bin/../lib/gcc/riscv-none-embed/8.2.0/../../../../riscv-none-embed/lib/rv32imac/ilp32\libm.a(lib_a-k_rem_pio2.o)
                                         0x38 (size before relaxing)
 .rodata.init_jk
                0x000000000000db58       0x10 c:/mounriver/mrs_community/toolchain/risc-v embedded gcc/bin/../lib/gcc/riscv-none-embed/8.2.0/../../../../riscv-none-embed/lib/rv32imac/ilp32\libm.a(lib_a-k_rem_pio2.o)
 .rodata.__kernel_sin.cst8
                0x000000000000db68       0x30 c:/mounriver/mrs_community/toolchain/risc-v embedded gcc/bin/../lib/gcc/riscv-none-embed/8.2.0/../../../../riscv-none-embed/lib/rv32imac/ilp32\libm.a(lib_a-k_sin.o)
                                         0x38 (size before relaxing)
 .rodata.floor.cst8
                0x000000000000db98        0x8 c:/mounriver/mrs_community/toolchain/risc-v embedded gcc/bin/../lib/gcc/riscv-none-embed/8.2.0/../../../../riscv-none-embed/lib/rv32imac/ilp32\libm.a(lib_a-s_floor.o)
 .rodata.nan.cst8
                0x000000000000db98        0x8 c:/mounriver/mrs_community/toolchain/risc-v embedded gcc/bin/../lib/gcc/riscv-none-embed/8.2.0/../../../../riscv-none-embed/lib/rv32imac/ilp32\libm.a(lib_a-s_nan.o)
 .rodata.TWO52  0x000000000000dba0       0x10 c:/mounriver/mrs_community/toolchain/risc-v embedded gcc/bin/../lib/gcc/riscv-none-embed/8.2.0/../../../../riscv-none-embed/lib/rv32imac/ilp32\libm.a(lib_a-s_rint.o)
 .rodata.scalbn.cst8
                0x000000000000dbb0       0x10 c:/mounriver/mrs_community/toolchain/risc-v embedded gcc/bin/../lib/gcc/riscv-none-embed/8.2.0/../../../../riscv-none-embed/lib/rv32imac/ilp32\libm.a(lib_a-s_scalbn.o)
                                         0x20 (size before relaxing)
 .rodata.__divdf3
                0x000000000000dbc0       0x40 c:/mounriver/mrs_community/toolchain/risc-v embedded gcc/bin/../lib/gcc/riscv-none-embed/8.2.0/rv32imac/ilp32\libgcc.a(divdf3.o)
 .rodata.__muldf3
                0x000000000000dc00       0x40 c:/mounriver/mrs_community/toolchain/risc-v embedded gcc/bin/../lib/gcc/riscv-none-embed/8.2.0/rv32imac/ilp32\libgcc.a(muldf3.o)
 .rodata.__divsf3
                0x000000000000dc40       0x80 c:/mounriver/mrs_community/toolchain/risc-v embedded gcc/bin/../lib/gcc/riscv-none-embed/8.2.0/rv32imac/ilp32\libgcc.a(divsf3.o)
 .rodata.__mulsf3
                0x000000000000dcc0       0x40 c:/mounriver/mrs_community/toolchain/risc-v embedded gcc/bin/../lib/gcc/riscv-none-embed/8.2.0/rv32imac/ilp32\libgcc.a(mulsf3.o)
 .rodata.__clz_tab
                0x000000000000dd00      0x100 c:/mounriver/mrs_community/toolchain/risc-v embedded gcc/bin/../lib/gcc/riscv-none-embed/8.2.0/rv32imac/ilp32\libgcc.a(_clz.o)
                0x000000000000dd00                __clz_tab
 .rodata.__sf_fake_stderr
                0x000000000000de00       0x20 c:/mounriver/mrs_community/toolchain/risc-v embedded gcc/bin/../lib/gcc/riscv-none-embed/8.2.0/../../../../riscv-none-embed/lib/rv32imac/ilp32\libg_nano.a(lib_a-findfp.o)
                0x000000000000de00                __sf_fake_stderr
 .rodata.__sf_fake_stdin
                0x000000000000de20       0x20 c:/mounriver/mrs_community/toolchain/risc-v embedded gcc/bin/../lib/gcc/riscv-none-embed/8.2.0/../../../../riscv-none-embed/lib/rv32imac/ilp32\libg_nano.a(lib_a-findfp.o)
                0x000000000000de20                __sf_fake_stdin
 .rodata.__sf_fake_stdout
                0x000000000000de40       0x20 c:/mounriver/mrs_community/toolchain/risc-v embedded gcc/bin/../lib/gcc/riscv-none-embed/8.2.0/../../../../riscv-none-embed/lib/rv32imac/ilp32\libg_nano.a(lib_a-findfp.o)
                0x000000000000de40                __sf_fake_stdout
 .rodata._vfprintf_r.str1.4
                0x000000000000de60       0x13 c:/mounriver/mrs_community/toolchain/risc-v embedded gcc/bin/../lib/gcc/riscv-none-embed/8.2.0/../../../../riscv-none-embed/lib/rv32imac/ilp32\libg_nano.a(lib_a-nano-vfprintf.o)
 *fill*         0x000000000000de73        0x1 
 .rodata._printf_i.str1.4
                0x000000000000de74       0x28 c:/mounriver/mrs_community/toolchain/risc-v embedded gcc/bin/../lib/gcc/riscv-none-embed/8.2.0/../../../../riscv-none-embed/lib/rv32imac/ilp32\libg_nano.a(lib_a-nano-vfprintf_i.o)
                                         0x25 (size before relaxing)
 *(.glue_7)
 *(.glue_7t)
 *(.gnu.linkonce.t.*)
                0x000000000000de9c                . = ALIGN (0x4)

.rela.dyn       0x000000000000de9c        0x0
 .rela.text.xPortStartScheduler
                0x000000000000de9c        0x0 ./Code/Service/Wrapper/Service_RTOS_wrapper.o
 .rela.sdata2.xISRStackTop
                0x000000000000de9c        0x0 ./Code/Service/Wrapper/Service_RTOS_wrapper.o
 .rela.init     0x000000000000de9c        0x0 ./Code/Service/Wrapper/Service_RTOS_wrapper.o
 .rela.vector   0x000000000000de9c        0x0 ./Code/Service/Wrapper/Service_RTOS_wrapper.o
 .rela.text.handle_reset
                0x000000000000de9c        0x0 ./Code/Service/Wrapper/Service_RTOS_wrapper.o
 .rela.text._sbrk
                0x000000000000de9c        0x0 ./Code/Service/Wrapper/Service_RTOS_wrapper.o
 .rela.sdata.curbrk.4666
                0x000000000000de9c        0x0 ./Code/Service/Wrapper/Service_RTOS_wrapper.o
 .rela.text._sbrk_r
                0x000000000000de9c        0x0 ./Code/Service/Wrapper/Service_RTOS_wrapper.o
 .rela.text._vfprintf_r
                0x000000000000de9c        0x0 ./Code/Service/Wrapper/Service_RTOS_wrapper.o
 .rela.text._write_r
                0x000000000000de9c        0x0 ./Code/Service/Wrapper/Service_RTOS_wrapper.o
 .rela.text._close_r
                0x000000000000de9c        0x0 ./Code/Service/Wrapper/Service_RTOS_wrapper.o
 .rela.text._fstat_r
                0x000000000000de9c        0x0 ./Code/Service/Wrapper/Service_RTOS_wrapper.o
 .rela.text._isatty_r
                0x000000000000de9c        0x0 ./Code/Service/Wrapper/Service_RTOS_wrapper.o
 .rela.text._lseek_r
                0x000000000000de9c        0x0 ./Code/Service/Wrapper/Service_RTOS_wrapper.o
 .rela.text._read_r
                0x000000000000de9c        0x0 ./Code/Service/Wrapper/Service_RTOS_wrapper.o
 .rela.text._close
                0x000000000000de9c        0x0 ./Code/Service/Wrapper/Service_RTOS_wrapper.o
 .rela.text._fstat
                0x000000000000de9c        0x0 ./Code/Service/Wrapper/Service_RTOS_wrapper.o
 .rela.text._isatty
                0x000000000000de9c        0x0 ./Code/Service/Wrapper/Service_RTOS_wrapper.o
 .rela.text._lseek
                0x000000000000de9c        0x0 ./Code/Service/Wrapper/Service_RTOS_wrapper.o
 .rela.text._read
                0x000000000000de9c        0x0 ./Code/Service/Wrapper/Service_RTOS_wrapper.o

.fini           0x000000000000de9c        0x0
 *(SORT_NONE(.fini))
                0x000000000000de9c                . = ALIGN (0x4)
                [!provide]                        PROVIDE (_etext = .)
                [!provide]                        PROVIDE (_eitcm = .)

.preinit_array  0x000000000000de9c        0x0
                [!provide]                        PROVIDE (__preinit_array_start = .)
 *(.preinit_array)
                [!provide]                        PROVIDE (__preinit_array_end = .)

.init_array     0x000000000000de9c        0x0
                [!provide]                        PROVIDE (__init_array_start = .)
 *(SORT_BY_INIT_PRIORITY(.init_array.*) SORT_BY_INIT_PRIORITY(.ctors.*))
 *(.init_array EXCLUDE_FILE(*crtend?.o *crtend.o *crtbegin?.o *crtbegin.o) .ctors)
                [!provide]                        PROVIDE (__init_array_end = .)

.fini_array     0x000000000000de9c        0x0
                [!provide]                        PROVIDE (__fini_array_start = .)
 *(SORT_BY_INIT_PRIORITY(.fini_array.*) SORT_BY_INIT_PRIORITY(.dtors.*))
 *(.fini_array EXCLUDE_FILE(*crtend?.o *crtend.o *crtbegin?.o *crtbegin.o) .dtors)
                [!provide]                        PROVIDE (__fini_array_end = .)

.ctors
 *crtbegin.o(.ctors)
 *crtbegin?.o(.ctors)
 *(EXCLUDE_FILE(*crtend?.o *crtend.o) .ctors)
 *(SORT_BY_NAME(.ctors.*))
 *(.ctors)

.dtors
 *crtbegin.o(.dtors)
 *crtbegin?.o(.dtors)
 *(EXCLUDE_FILE(*crtend?.o *crtend.o) .dtors)
 *(SORT_BY_NAME(.dtors.*))
 *(.dtors)

.dalign         0x0000000020000000        0x0 load address 0x000000000000de9c
                0x0000000020000000                . = ALIGN (0x4)
                0x0000000020000000                PROVIDE (_data_vma = .)

.dlalign        0x000000000000de9c        0x0
                0x000000000000de9c                . = ALIGN (0x4)
                0x000000000000de9c                PROVIDE (_data_lma = .)

.data           0x0000000020000000       0xb0 load address 0x000000000000de9c
 *(.gnu.linkonce.r.*)
 *(.data .data.*)
 .data.APBAHBPrescTable
                0x0000000020000000       0x10 ./Code/MCAL/Peripheral/src/ch32v20x_rcc.o
 .data.AHBPrescTable
                0x0000000020000010       0x10 ./Code/MCAL/Config/system_ch32v20x.o
                0x0000000020000010                AHBPrescTable
 .data.impure_data
                0x0000000020000020       0x60 c:/mounriver/mrs_community/toolchain/risc-v embedded gcc/bin/../lib/gcc/riscv-none-embed/8.2.0/../../../../riscv-none-embed/lib/rv32imac/ilp32\libg_nano.a(lib_a-impure.o)
 *(.gnu.linkonce.d.*)
                0x0000000020000080                . = ALIGN (0x8)
                0x0000000020000880                PROVIDE (__global_pointer$ = (. + 0x800))
 *(.sdata .sdata.*)
 .sdata.uxCriticalNesting
                0x0000000020000080        0x4 ./Code/Service/FreeRTOS/portable/GCC/RISC-V/port.o
 .sdata.uxTopUsedPriority
                0x0000000020000084        0x4 ./Code/Service/FreeRTOS/tasks.o
                0x0000000020000084                uxTopUsedPriority
 .sdata.Ts      0x0000000020000088        0x4 ./Code/Middleware/SensorFusion/SensorFusion.o
                0x0000000020000088                Ts
 .sdata.direction.2849
                0x000000002000008c        0x1 ./Code/Middleware/SensorFusion/SensorFusion.o
 *fill*         0x000000002000008d        0x3 
 .sdata.ADCPrescTable
                0x0000000020000090        0x4 ./Code/MCAL/Peripheral/src/ch32v20x_rcc.o
 .sdata.curbrk.4666
                0x0000000020000094        0x4 ./Code/MCAL/Debug/debug.o
 .sdata.SystemCoreClock
                0x0000000020000098        0x4 ./Code/MCAL/Config/system_ch32v20x.o
                0x0000000020000098                SystemCoreClock
 .sdata.__fdlib_version
                0x000000002000009c        0x4 c:/mounriver/mrs_community/toolchain/risc-v embedded gcc/bin/../lib/gcc/riscv-none-embed/8.2.0/../../../../riscv-none-embed/lib/rv32imac/ilp32\libm.a(lib_a-s_lib_ver.o)
                0x000000002000009c                __fdlib_version
 .sdata._impure_ptr
                0x00000000200000a0        0x4 c:/mounriver/mrs_community/toolchain/risc-v embedded gcc/bin/../lib/gcc/riscv-none-embed/8.2.0/../../../../riscv-none-embed/lib/rv32imac/ilp32\libg_nano.a(lib_a-impure.o)
                0x00000000200000a0                _impure_ptr
 *(.sdata2.*)
 .sdata2.xISRStackTop
                0x00000000200000a4        0x4 ./Code/Service/FreeRTOS/portable/GCC/RISC-V/port.o
                0x00000000200000a4                xISRStackTop
 .sdata2._global_impure_ptr
                0x00000000200000a8        0x4 c:/mounriver/mrs_community/toolchain/risc-v embedded gcc/bin/../lib/gcc/riscv-none-embed/8.2.0/../../../../riscv-none-embed/lib/rv32imac/ilp32\libg_nano.a(lib_a-impure.o)
                0x00000000200000a8                _global_impure_ptr
 *(.gnu.linkonce.s.*)
                0x00000000200000b0                . = ALIGN (0x8)
 *fill*         0x00000000200000ac        0x4 
 *(.srodata.cst16)
 *(.srodata.cst8)
 *(.srodata.cst4)
 *(.srodata.cst2)
 *(.srodata .srodata.*)
                0x00000000200000b0                . = ALIGN (0x4)
                0x00000000200000b0                PROVIDE (_edata = .)

.bss            0x00000000200000b0     0x3368 load address 0x000000000000df4c
                0x00000000200000b0                . = ALIGN (0x4)
                0x00000000200000b0                PROVIDE (_sbss = .)
 *(.sbss*)
 .sbss.pxEnd    0x00000000200000b0        0x4 ./Code/Service/FreeRTOS/portable/MemMang/heap_4.o
 .sbss.xBlockAllocatedBit
                0x00000000200000b4        0x4 ./Code/Service/FreeRTOS/portable/MemMang/heap_4.o
 .sbss.xFreeBytesRemaining
                0x00000000200000b8        0x4 ./Code/Service/FreeRTOS/portable/MemMang/heap_4.o
 .sbss.xMinimumEverFreeBytesRemaining
                0x00000000200000bc        0x4 ./Code/Service/FreeRTOS/portable/MemMang/heap_4.o
 .sbss.xNumberOfSuccessfulAllocations
                0x00000000200000c0        0x4 ./Code/Service/FreeRTOS/portable/MemMang/heap_4.o
 .sbss.xNumberOfSuccessfulFrees
                0x00000000200000c4        0x4 ./Code/Service/FreeRTOS/portable/MemMang/heap_4.o
 .sbss.xStart   0x00000000200000c8        0x8 ./Code/Service/FreeRTOS/portable/MemMang/heap_4.o
 .sbss.pxCurrentTCB
                0x00000000200000d0        0x4 ./Code/Service/FreeRTOS/tasks.o
                0x00000000200000d0                pxCurrentTCB
 .sbss.pxDelayedTaskList