Archive member included to satisfy reference by file (symbol)

c:/mounriver/mrs_community/toolchain/risc-v embedded gcc/bin/../lib/gcc/riscv-none-embed/8.2.0/rv32imac/ilp32\libgcc.a(save-restore.o)
                              ./Code/MCAL/Config/MCAL_config.o (__riscv_save_12)
c:/mounriver/mrs_community/toolchain/risc-v embedded gcc/bin/../lib/gcc/riscv-none-embed/8.2.0/../../../../riscv-none-embed/lib/rv32imac/ilp32\libg_nano.a(lib_a-memcpy.o)
                              ./Code/Service/FreeRTOS/queue.o (memcpy)
c:/mounriver/mrs_community/toolchain/risc-v embedded gcc/bin/../lib/gcc/riscv-none-embed/8.2.0/../../../../riscv-none-embed/lib/rv32imac/ilp32\libg_nano.a(lib_a-memset.o)
                              ./Code/Service/FreeRTOS/stream_buffer.o (memset)
c:/mounriver/mrs_community/toolchain/risc-v embedded gcc/bin/../lib/gcc/riscv-none-embed/8.2.0/../../../../riscv-none-embed/lib/rv32imac/ilp32\libg_nano.a(lib_a-nano-vfprintf_float.o)
                              (_printf_float)
c:/mounriver/mrs_community/toolchain/risc-v embedded gcc/bin/../lib/gcc/riscv-none-embed/8.2.0/../../../../riscv-none-embed/lib/rv32imac/ilp32\libg_nano.a(lib_a-nano-vfprintf_i.o)
                              c:/mounriver/mrs_community/toolchain/risc-v embedded gcc/bin/../lib/gcc/riscv-none-embed/8.2.0/../../../../riscv-none-embed/lib/rv32imac/ilp32\libg_nano.a(lib_a-nano-vfprintf_float.o) (_printf_common)
c:/mounriver/mrs_community/toolchain/risc-v embedded gcc/bin/../lib/gcc/riscv-none-embed/8.2.0/../../../../riscv-none-embed/lib/rv32imac/ilp32\libg_nano.a(lib_a-printf.o)
                              ./Code/Service/FreeRTOS/portable/MemMang/heap_4.o (printf)
c:/mounriver/mrs_community/toolchain/risc-v embedded gcc/bin/../lib/gcc/riscv-none-embed/8.2.0/../../../../riscv-none-embed/lib/rv32imac/ilp32\libg_nano.a(lib_a-puts.o)
                              ./Code/APP/main.o (puts)
c:/mounriver/mrs_community/toolchain/risc-v embedded gcc/bin/../lib/gcc/riscv-none-embed/8.2.0/../../../../riscv-none-embed/lib/rv32imac/ilp32\libg_nano.a(lib_a-strlen.o)
                              ./Code/Service/FreeRTOS/tasks.o (strlen)
c:/mounriver/mrs_community/toolchain/risc-v embedded gcc/bin/../lib/gcc/riscv-none-embed/8.2.0/../../../../riscv-none-embed/lib/rv32imac/ilp32\libg_nano.a(lib_a-wbuf.o)
                              c:/mounriver/mrs_community/toolchain/risc-v embedded gcc/bin/../lib/gcc/riscv-none-embed/8.2.0/../../../../riscv-none-embed/lib/rv32imac/ilp32\libg_nano.a(lib_a-puts.o) (__swbuf_r)
c:/mounriver/mrs_community/toolchain/risc-v embedded gcc/bin/../lib/gcc/riscv-none-embed/8.2.0/../../../../riscv-none-embed/lib/rv32imac/ilp32\libg_nano.a(lib_a-wsetup.o)
                              c:/mounriver/mrs_community/toolchain/risc-v embedded gcc/bin/../lib/gcc/riscv-none-embed/8.2.0/../../../../riscv-none-embed/lib/rv32imac/ilp32\libg_nano.a(lib_a-puts.o) (__swsetup_r)
c:/mounriver/mrs_community/toolchain/risc-v embedded gcc/bin/../lib/gcc/riscv-none-embed/8.2.0/../../../../riscv-none-embed/lib/rv32imac/ilp32\libg_nano.a(lib_a-dtoa.o)
                              c:/mounriver/mrs_community/toolchain/risc-v embedded gcc/bin/../lib/gcc/riscv-none-embed/8.2.0/../../../../riscv-none-embed/lib/rv32imac/ilp32\libg_nano.a(lib_a-nano-vfprintf_float.o) (_dtoa_r)
c:/mounriver/mrs_community/toolchain/risc-v embedded gcc/bin/../lib/gcc/riscv-none-embed/8.2.0/../../../../riscv-none-embed/lib/rv32imac/ilp32\libg_nano.a(lib_a-fflush.o)
                              c:/mounriver/mrs_community/toolchain/risc-v embedded gcc/bin/../lib/gcc/riscv-none-embed/8.2.0/../../../../riscv-none-embed/lib/rv32imac/ilp32\libg_nano.a(lib_a-wbuf.o) (_fflush_r)
c:/mounriver/mrs_community/toolchain/risc-v embedded gcc/bin/../lib/gcc/riscv-none-embed/8.2.0/../../../../riscv-none-embed/lib/rv32imac/ilp32\libg_nano.a(lib_a-findfp.o)
                              c:/mounriver/mrs_community/toolchain/risc-v embedded gcc/bin/../lib/gcc/riscv-none-embed/8.2.0/../../../../riscv-none-embed/lib/rv32imac/ilp32\libg_nano.a(lib_a-printf.o) (__sinit)
c:/mounriver/mrs_community/toolchain/risc-v embedded gcc/bin/../lib/gcc/riscv-none-embed/8.2.0/../../../../riscv-none-embed/lib/rv32imac/ilp32\libg_nano.a(lib_a-fwalk.o)
                              c:/mounriver/mrs_community/toolchain/risc-v embedded gcc/bin/../lib/gcc/riscv-none-embed/8.2.0/../../../../riscv-none-embed/lib/rv32imac/ilp32\libg_nano.a(lib_a-findfp.o) (_fwalk)
c:/mounriver/mrs_community/toolchain/risc-v embedded gcc/bin/../lib/gcc/riscv-none-embed/8.2.0/../../../../riscv-none-embed/lib/rv32imac/ilp32\libg_nano.a(lib_a-impure.o)
                              c:/mounriver/mrs_community/toolchain/risc-v embedded gcc/bin/../lib/gcc/riscv-none-embed/8.2.0/../../../../riscv-none-embed/lib/rv32imac/ilp32\libg_nano.a(lib_a-fflush.o) (_global_impure_ptr)
[...]
Memory Configuration

Name             Origin             Length             Attributes
FLASH            0x0000000000000000 0x0000000000010000 xr
RAM              0x0000000020000000 0x0000000000005000 xrw
*default*        0x0000000000000000 0xffffffffffffffff

Linker script and memory map

LOAD ./Code/Service/Wrapper/Service_RTOS_wrapper.o
LOAD ./Code/Service/FreeRTOS/portable/MemMang/heap_4.o
LOAD ./Code/Service/FreeRTOS/portable/GCC/RISC-V/port.o
LOAD ./Code/Service/FreeRTOS/portable/GCC/RISC-V/portASM.o
LOAD ./Code/Service/FreeRTOS/portable/Common/mpu_wrappers.o
LOAD ./Code/Service/FreeRTOS/croutine.o
LOAD ./Code/Service/FreeRTOS/event_groups.o
LOAD ./Code/Service/FreeRTOS/list.o
LOAD ./Code/Service/FreeRTOS/queue.o
LOAD ./Code/Service/FreeRTOS/stream_buffer.o
LOAD ./Code/Service/FreeRTOS/tasks.o
LOAD ./Code/Service/FreeRTOS/timers.o
LOAD ./Code/MCAL/Wrapper/MCAL_wrapper.o
LOAD ./Code/MCAL/Startup/startup_ch32v20x_D6.o
LOAD ./Code/MCAL/Peripheral/src/ch32v20x_adc.o
LOAD ./Code/MCAL/Peripheral/src/ch32v20x_bkp.o
LOAD ./Code/MCAL/Peripheral/src/ch32v20x_can.o
LOAD ./Code/MCAL/Peripheral/src/ch32v20x_crc.o
LOAD ./Code/MCAL/Peripheral/src/ch32v20x_dbgmcu.o
LOAD ./Code/MCAL/Peripheral/src/ch32v20x_dma.o
LOAD ./Code/MCAL/Peripheral/src/ch32v20x_exti.o
LOAD ./Code/MCAL/Peripheral/src/ch32v20x_flash.o
LOAD ./Code/MCAL/Peripheral/src/ch32v20x_gpio.o
LOAD ./Code/MCAL/Peripheral/src/ch32v20x_i2c.o
LOAD ./Code/MCAL/Peripheral/src/ch32v20x_iwdg.o
LOAD ./Code/MCAL/Peripheral/src/ch32v20x_misc.o
LOAD ./Code/MCAL/Peripheral/src/ch32v20x_opa.o
LOAD ./Code/MCAL/Peripheral/src/ch32v20x_pwr.o
LOAD ./Code/MCAL/Peripheral/src/ch32v20x_rcc.o
LOAD ./Code/MCAL/Peripheral/src/ch32v20x_rtc.o
LOAD ./Code/MCAL/Peripheral/src/ch32v20x_spi.o
LOAD ./Code/MCAL/Peripheral/src/ch32v20x_tim.o
LOAD ./Code/MCAL/Peripheral/src/ch32v20x_usart.o
LOAD ./Code/MCAL/Peripheral/src/ch32v20x_wwdg.o
LOAD ./Code/MCAL/Debug/debug.o
LOAD ./Code/MCAL/Core/core_riscv.o
LOAD ./Code/MCAL/Config/MCAL_config.o
LOAD ./Code/MCAL/Config/system_ch32v20x.o
LOAD ./Code/HAL/Wrapper/HAL_wrapper.o
LOAD ./Code/HAL/NRF2401/nrf.o
LOAD ./Code/HAL/Config/HAL_config.o
LOAD ./Code/APP/ch32v20x_it.o
LOAD ./Code/APP/main.o
LOAD ./template.o
LOAD c:/mounriver/mrs_community/toolchain/risc-v embedded gcc/bin/../lib/gcc/riscv-none-embed/8.2.0/../../../../riscv-none-embed/lib/rv32imac/ilp32\libm.a
LOAD c:/mounriver/mrs_community/toolchain/risc-v embedded gcc/bin/../lib/gcc/riscv-none-embed/8.2.0/rv32imac/ilp32\libgcc.a
LOAD c:/mounriver/mrs_community/toolchain/risc-v embedded gcc/bin/../lib/gcc/riscv-none-embed/8.2.0/../../../../riscv-none-embed/lib/rv32imac/ilp32\libg_nano.a
LOAD c:/mounriver/mrs_community/toolchain/risc-v embedded gcc/bin/../lib/gcc/riscv-none-embed/8.2.0/../../../../riscv-none-embed/lib/rv32imac/ilp32\libc_nano.a
LOAD c:/mounriver/mrs_community/toolchain/risc-v embedded gcc/bin/../lib/gcc/riscv-none-embed/8.2.0/rv32imac/ilp32\libgcc.a
START GROUP
LOAD c:/mounriver/mrs_community/toolchain/risc-v embedded gcc/bin/../lib/gcc/riscv-none-embed/8.2.0/rv32imac/ilp32\libgcc.a
LOAD c:/mounriver/mrs_community/toolchain/risc-v embedded gcc/bin/../lib/gcc/riscv-none-embed/8.2.0/../../../../riscv-none-embed/lib/rv32imac/ilp32\libc_nano.a
LOAD c:/mounriver/mrs_community/toolchain/risc-v embedded gcc/bin/../lib/gcc/riscv-none-embed/8.2.0/../../../../riscv-none-embed/lib/rv32imac/ilp32\libnosys.a
END GROUP
START GROUP
LOAD c:/mounriver/mrs_community/toolchain/risc-v embedded gcc/bin/../lib/gcc/riscv-none-embed/8.2.0/rv32imac/ilp32\libgcc.a
LOAD c:/mounriver/mrs_community/toolchain/risc-v embedded gcc/bin/../lib/gcc/riscv-none-embed/8.2.0/../../../../riscv-none-embed/lib/rv32imac/ilp32\libc_nano.a
LOAD c:/mounriver/mrs_community/toolchain/risc-v embedded gcc/bin/../lib/gcc/riscv-none-embed/8.2.0/../../../../riscv-none-embed/lib/rv32imac/ilp32\libnosys.a
END GROUP
                0x0000000000000800                __stack_size = 0x800
                [!provide]                        PROVIDE (_stack_size = __stack_size)

.init           0x0000000000000000       0x38
                0x0000000000000000                _sinit = .
                0x0000000000000000                . = ALIGN (0x4)
 *(SORT_NONE(.init))
 .init          0x0000000000000000       0x38 ./Code/MCAL/Startup/startup_ch32v20x_D6.o
                0x0000000000000000                _start
                0x0000000000000038                . = ALIGN (0x4)
                0x0000000000000038                _einit = .

.vector         0x0000000000000038      0x108
 *(.vector)
 .vector        0x0000000000000038       0xfc ./Code/MCAL/Startup/startup_ch32v20x_D6.o
                0x0000000000000140                . = ALIGN (0x40)
 *fill*         0x0000000000000134        0xc 

.text           0x0000000000000200     0x8a5c
                0x0000000000000200                . = ALIGN (0x4)
 *(.text)
 .text          0x0000000000000200      0x2ee ./Code/Service/FreeRTOS/portable/GCC/RISC-V/portASM.o
                0x0000000000000200                SW_Handler
                0x0000000000000300                xPortStartFirstTask
                0x0000000000000400                pxPortInitialiseStack
 .text          0x00000000000004ee       0x60 c:/mounriver/mrs_community/toolchain/risc-v embedded gcc/bin/../lib/gcc/riscv-none-embed/8.2.0/rv32imac/ilp32\libgcc.a(save-restore.o)
                0x00000000000004ee                __riscv_save_12
                0x00000000000004f6                __riscv_save_9
                0x00000000000004f6                __riscv_save_11
                0x00000000000004f6                __riscv_save_10
                0x00000000000004f6                __riscv_save_8
                0x0000000000000504                __riscv_save_4
                0x0000000000000504                __riscv_save_6
                0x0000000000000504                __riscv_save_5
                0x0000000000000504                __riscv_save_7
                0x000000000000051e                __riscv_save_3
                0x000000000000051e                __riscv_save_2
                0x000000000000051e                __riscv_save_1
                0x000000000000051e                __riscv_save_0
                0x000000000000052a                __riscv_restore_12
                0x000000000000052e                __riscv_restore_11
                0x000000000000052e                __riscv_restore_9
                0x000000000000052e                __riscv_restore_10
                0x000000000000052e                __riscv_restore_8
                0x0000000000000538                __riscv_restore_5
                0x0000000000000538                __riscv_restore_7
                0x0000000000000538                __riscv_restore_6
                0x0000000000000538                __riscv_restore_4
                0x0000000000000542                __riscv_restore_3
                0x0000000000000542                __riscv_restore_0
                0x0000000000000542                __riscv_restore_2
                0x0000000000000542                __riscv_restore_1
 .text          0x000000000000054e       0xa8 c:/mounriver/mrs_community/toolchain/risc-v embedded gcc/bin/../lib/gcc/riscv-none-embed/8.2.0/../../../../riscv-none-embed/lib/rv32imac/ilp32\libg_nano.a(lib_a-memset.o)
                0x000000000000054e                memset
 *(.text.*)
 .text.SERVICE_RTOS_TaskCreate
                0x00000000000005f6       0x22 ./Code/Service/Wrapper/Service_RTOS_wrapper.o
                0x00000000000005f6                SERVICE_RTOS_TaskCreate
 .text.SERVICE_RTOS_StartSchedular
                0x0000000000000618        0xc ./Code/Service/Wrapper/Service_RTOS_wrapper.o
                0x0000000000000618                SERVICE_RTOS_StartSchedular
 .text.SERVICE_RTOS_CreateBlockingQueue
                0x0000000000000624       0x22 ./Code/Service/Wrapper/Service_RTOS_wrapper.o
                0x0000000000000624                SERVICE_RTOS_CreateBlockingQueue
 .text.SERVICE_RTOS_AppendToBlockingQueue
                0x0000000000000646       0x2a ./Code/Service/Wrapper/Service_RTOS_wrapper.o
                0x0000000000000646                SERVICE_RTOS_AppendToBlockingQueue
 .text.SERVICE_RTOS_ReadFromBlockingQueue
                0x0000000000000670       0x36 ./Code/Service/Wrapper/Service_RTOS_wrapper.o
                0x0000000000000670                SERVICE_RTOS_ReadFromBlockingQueue
 .text.SERVICE_RTOS_BlockFor
                0x00000000000006a6        0xe ./Code/Service/Wrapper/Service_RTOS_wrapper.o
                0x00000000000006a6                SERVICE_RTOS_BlockFor
 .text.SERVICE_RTOS_WaitForNotification
                0x00000000000006b4       0x20 ./Code/Service/Wrapper/Service_RTOS_wrapper.o
                0x00000000000006b4                SERVICE_RTOS_WaitForNotification
 .text.SERVICE_RTOS_Notify
                0x00000000000006d4       0x2c ./Code/Service/Wrapper/Service_RTOS_wrapper.o
                0x00000000000006d4                SERVICE_RTOS_Notify
 .text.prvInsertBlockIntoFreeList
                0x0000000000000700       0x4c ./Code/Service/FreeRTOS/portable/MemMang/heap_4.o
 .text.pvPortMalloc
                0x000000000000074c      0x188 ./Code/Service/FreeRTOS/portable/MemMang/heap_4.o
                0x000000000000074c                pvPortMalloc
 .text.vPortFree
                0x00000000000008d4       0xa4 ./Code/Service/FreeRTOS/portable/MemMang/heap_4.o
                0x00000000000008d4                vPortFree
 .text.vPortSetupTimerInterrupt
                0x0000000000000978       0x3a ./Code/Service/FreeRTOS/portable/GCC/RISC-V/port.o
                0x0000000000000978                vPortSetupTimerInterrupt
 .text.xPortStartScheduler
                0x00000000000009b2       0x90 ./Code/Service/FreeRTOS/portable/GCC/RISC-V/port.o
                0x00000000000009b2                xPortStartScheduler
 .text.SysTick_Handler
                0x0000000000000a42       0x7c ./Code/Service/FreeRTOS/portable/GCC/RISC-V/port.o
                0x0000000000000a42                SysTick_Handler
 .text.vPortEnterCritical
                0x0000000000000abe       0x1a ./Code/Service/FreeRTOS/portable/GCC/RISC-V/port.o
                0x0000000000000abe                vPortEnterCritical
 .text.vPortExitCritical
                0x0000000000000ad8       0x46 ./Code/Service/FreeRTOS/portable/GCC/RISC-V/port.o
                0x0000000000000ad8                vPortExitCritical
 .text.xPortSetInterruptMask
                0x0000000000000b1e        0xc ./Code/Service/FreeRTOS/portable/GCC/RISC-V/port.o
                0x0000000000000b1e                xPortSetInterruptMask
 .text.vPortClearInterruptMask
                0x0000000000000b2a        0x6 ./Code/Service/FreeRTOS/portable/GCC/RISC-V/port.o
                0x0000000000000b2a                vPortClearInterruptMask
 .text.vListInitialise
                0x0000000000000b30       0x14 ./Code/Service/FreeRTOS/list.o
                0x0000000000000b30                vListInitialise
 .text.vListInitialiseItem
                0x0000000000000b44        0x6 ./Code/Service/FreeRTOS/list.o
                0x0000000000000b44                vListInitialiseItem
 .text.vListInsert
                0x0000000000000b4a       0x2e ./Code/Service/FreeRTOS/list.o
                0x0000000000000b4a                vListInsert
 .text.uxListRemove
                0x0000000000000b78       0x20 ./Code/Service/FreeRTOS/list.o
                0x0000000000000b78                uxListRemove
 .text.prvIsQueueEmpty
                0x0000000000000b98       0x18 ./Code/Service/FreeRTOS/queue.o
 .text.prvCopyDataToQueue
                0x0000000000000bb0       0x70 ./Code/Service/FreeRTOS/queue.o
 .text.prvCopyDataFromQueue
                0x0000000000000c20       0x28 ./Code/Service/FreeRTOS/queue.o
 .text.prvUnlockQueue
                0x0000000000000c48       0x6e ./Code/Service/FreeRTOS/queue.o
 .text.xQueueGenericReset
                0x0000000000000cb6       0xbc ./Code/Service/FreeRTOS/queue.o
                0x0000000000000cb6                xQueueGenericReset
 .text.xQueueGenericCreate
                0x0000000000000d72       0x6a ./Code/Service/FreeRTOS/queue.o
                0x0000000000000d72                xQueueGenericCreate
 .text.xQueueGenericSend
                0x0000000000000ddc      0x18e ./Code/Service/FreeRTOS/queue.o
                0x0000000000000ddc                xQueueGenericSend
 .text.xQueueReceive
                0x0000000000000f6a      0x14c ./Code/Service/FreeRTOS/queue.o
                0x0000000000000f6a                xQueueReceive
 .text.uxQueueMessagesWaiting
                0x00000000000010b6       0x44 ./Code/Service/FreeRTOS/queue.o
                0x00000000000010b6                uxQueueMessagesWaiting
 .text.vQueueAddToRegistry
                0x00000000000010fa       0x6c ./Code/Service/FreeRTOS/queue.o
                0x00000000000010fa                vQueueAddToRegistry
 .text.vQueueWaitForMessageRestricted
                0x0000000000001166       0x5c ./Code/Service/FreeRTOS/queue.o
                0x0000000000001166                vQueueWaitForMessageRestricted
 .text.prvResetNextTaskUnblockTime
                0x00000000000011c2       0x24 ./Code/Service/FreeRTOS/tasks.o
 .text.prvAddCurrentTaskToDelayedList
                0x00000000000011e6       0xa6 ./Code/Service/FreeRTOS/tasks.o
 .text.prvIdleTask
                0x000000000000128c       0x52 ./Code/Service/FreeRTOS/tasks.o
 .text.xTaskCreate
                0x00000000000012de      0x232 ./Code/Service/FreeRTOS/tasks.o
                0x00000000000012de                xTaskCreate
 .text.vTaskStartScheduler
                0x0000000000001510       0x90 ./Code/Service/FreeRTOS/tasks.o
                0x0000000000001510                vTaskStartScheduler
 .text.vTaskSuspendAll
                0x00000000000015a0       0x10 ./Code/Service/FreeRTOS/tasks.o
                0x00000000000015a0                vTaskSuspendAll
 .text.xTaskGetTickCount
                0x00000000000015b0        0xa ./Code/Service/FreeRTOS/tasks.o
                0x00000000000015b0                xTaskGetTickCount
 .text.xTaskIncrementTick
                0x00000000000015ba      0x1aa ./Code/Service/FreeRTOS/tasks.o
                0x00000000000015ba                xTaskIncrementTick
 .text.xTaskResumeAll
                0x0000000000001764      0x166 ./Code/Service/FreeRTOS/tasks.o
                0x0000000000001764                xTaskResumeAll
 .text.vTaskDelay
                0x00000000000018ca       0x62 ./Code/Service/FreeRTOS/tasks.o
                0x00000000000018ca                vTaskDelay
 .text.vTaskSwitchContext
                0x000000000000192c       0x9a ./Code/Service/FreeRTOS/tasks.o
                0x000000000000192c                vTaskSwitchContext
 .text.vTaskPlaceOnEventList
                0x00000000000019c6       0x48 ./Code/Service/FreeRTOS/tasks.o
                0x00000000000019c6                vTaskPlaceOnEventList
 .text.vTaskPlaceOnEventListRestricted
                0x0000000000001a0e       0x76 ./Code/Service/FreeRTOS/tasks.o
                0x0000000000001a0e                vTaskPlaceOnEventListRestricted
 .text.xTaskRemoveFromEventList
                0x0000000000001a84       0xec ./Code/Service/FreeRTOS/tasks.o
                0x0000000000001a84                xTaskRemoveFromEventList
 .text.vTaskInternalSetTimeOutState
                0x0000000000001b70       0x16 ./Code/Service/FreeRTOS/tasks.o
                0x0000000000001b70                vTaskInternalSetTimeOutState
 .text.xTaskCheckForTimeOut
                0x0000000000001b86       0xc8 ./Code/Service/FreeRTOS/tasks.o
                0x0000000000001b86                xTaskCheckForTimeOut
 .text.vTaskMissedYield
                0x0000000000001c4e        0xc ./Code/Service/FreeRTOS/tasks.o
                0x0000000000001c4e                vTaskMissedYield
 .text.xTaskGetSchedulerState
                0x0000000000001c5a       0x1c ./Code/Service/FreeRTOS/tasks.o
                0x0000000000001c5a                xTaskGetSchedulerState
 .text.xTaskPriorityDisinherit
                0x0000000000001c76       0xca ./Code/Service/FreeRTOS/tasks.o
                0x0000000000001c76                xTaskPriorityDisinherit
 .text.ulTaskGenericNotifyTake
                0x0000000000001d40       0x98 ./Code/Service/FreeRTOS/tasks.o
                0x0000000000001d40                ulTaskGenericNotifyTake
 .text.xTaskGenericNotify
                0x0000000000001dd8      0x18e ./Code/Service/FreeRTOS/tasks.o
                0x0000000000001dd8                xTaskGenericNotify
 .text.vTaskGenericNotifyGiveFromISR
                0x0000000000001f66      0x158 ./Code/Service/FreeRTOS/tasks.o
                0x0000000000001f66                vTaskGenericNotifyGiveFromISR
 .text.prvCheckForValidListAndQueue
                0x00000000000020be       0x66 ./Code/Service/FreeRTOS/timers.o
 .text.prvInsertTimerInActiveList
                0x0000000000002124       0x46 ./Code/Service/FreeRTOS/timers.o
 .text.prvReloadTimer
                0x000000000000216a       0x28 ./Code/Service/FreeRTOS/timers.o
 .text.prvProcessExpiredTimer
                0x0000000000002192       0x44 ./Code/Service/FreeRTOS/timers.o
 .text.prvSwitchTimerLists
                0x00000000000021d6       0x2e ./Code/Service/FreeRTOS/timers.o
 .text.prvTimerTask
                0x0000000000002204      0x18c ./Code/Service/FreeRTOS/timers.o
 .text.xTimerCreateTimerTask
                0x0000000000002390       0x60 ./Code/Service/FreeRTOS/timers.o
                0x0000000000002390                xTimerCreateTimerTask
 .text.UART4_IRQHandler
                0x00000000000023f0       0x26 ./Code/MCAL/Wrapper/MCAL_wrapper.o
                0x00000000000023f0                UART4_IRQHandler
 .text.MCAL_WRAPPER_SendDataThroughUART4
                0x0000000000002416       0x4e ./Code/MCAL/Wrapper/MCAL_wrapper.o
                0x0000000000002416                MCAL_WRAPPER_SendDataThroughUART4
 .text.MCAL_WRAPPER_ReceiveDataThroughUART4
                0x0000000000002464       0x4a ./Code/MCAL/Wrapper/MCAL_wrapper.o
                0x0000000000002464                MCAL_WRAPPER_ReceiveDataThroughUART4
 .text.CSN_LOW  0x00000000000024ae       0x10 ./Code/MCAL/Wrapper/MCAL_wrapper.o
                0x00000000000024ae                CSN_LOW
 .text.CSN_HIGH
                0x00000000000024be       0x10 ./Code/MCAL/Wrapper/MCAL_wrapper.o
                0x00000000000024be                CSN_HIGH
 .text.CE_HIGH  0x00000000000024ce       0x10 ./Code/MCAL/Wrapper/MCAL_wrapper.o
                0x00000000000024ce                CE_HIGH
 .text.CE_LOW   0x00000000000024de       0x10 ./Code/MCAL/Wrapper/MCAL_wrapper.o
                0x00000000000024de                CE_LOW
 .text.SPI_transfer
                0x00000000000024ee       0x30 ./Code/MCAL/Wrapper/MCAL_wrapper.o
                0x00000000000024ee                SPI_transfer
 .text.MCAL_WRAPPER_DelayUS
                0x000000000000251e       0x5e ./Code/MCAL/Wrapper/MCAL_wrapper.o
                0x000000000000251e                MCAL_WRAPPER_DelayUS
 .text.vector_handler
                0x000000000000257c       0x6c ./Code/MCAL/Startup/startup_ch32v20x_D6.o
                0x0000000000002580                Ecall_M_Mode_Handler
                0x0000000000002582                Ecall_U_Mode_Handler
                0x0000000000002584                Break_Point_Handler
                0x000000000000258a                WWDG_IRQHandler
                0x000000000000258c                PVD_IRQHandler
                0x000000000000258e                TAMPER_IRQHandler
                0x0000000000002590                RTC_IRQHandler
                0x0000000000002592                FLASH_IRQHandler
                0x0000000000002594                RCC_IRQHandler
                0x0000000000002596                EXTI0_IRQHandler
                0x0000000000002598                EXTI1_IRQHandler
                0x000000000000259a                EXTI2_IRQHandler
                0x000000000000259c                EXTI3_IRQHandler
                0x000000000000259e                EXTI4_IRQHandler
                0x00000000000025a0                DMA1_Channel1_IRQHandler
                0x00000000000025a2                DMA1_Channel2_IRQHandler
                0x00000000000025a4                DMA1_Channel3_IRQHandler
                0x00000000000025a6                DMA1_Channel4_IRQHandler
                0x00000000000025a8                DMA1_Channel5_IRQHandler
                0x00000000000025aa                DMA1_Channel6_IRQHandler
                0x00000000000025ac                DMA1_Channel7_IRQHandler
                0x00000000000025ae                ADC1_2_IRQHandler
                0x00000000000025b0                USB_HP_CAN1_TX_IRQHandler
                0x00000000000025b2                USB_LP_CAN1_RX0_IRQHandler
                0x00000000000025b4                CAN1_RX1_IRQHandler
                0x00000000000025b6                CAN1_SCE_IRQHandler
                0x00000000000025b8                EXTI9_5_IRQHandler
                0x00000000000025ba                TIM1_BRK_IRQHandler
                0x00000000000025bc                TIM1_UP_IRQHandler
                0x00000000000025be                TIM1_TRG_COM_IRQHandler
                0x00000000000025c0                TIM1_CC_IRQHandler
                0x00000000000025c2                TIM2_IRQHandler
                0x00000000000025c4                TIM3_IRQHandler
                0x00000000000025c6                TIM4_IRQHandler
                0x00000000000025c8                I2C1_EV_IRQHandler
                0x00000000000025ca                I2C1_ER_IRQHandler
                0x00000000000025cc                I2C2_EV_IRQHandler
                0x00000000000025ce                I2C2_ER_IRQHandler
                0x00000000000025d0                SPI1_IRQHandler
                0x00000000000025d2                SPI2_IRQHandler
                0x00000000000025d4                USART1_IRQHandler
                0x00000000000025d6                USART2_IRQHandler
                0x00000000000025d8                USART3_IRQHandler
                0x00000000000025da                EXTI15_10_IRQHandler
                0x00000000000025dc                RTCAlarm_IRQHandler
                0x00000000000025de                USBWakeUp_IRQHandler
                0x00000000000025e0                USBHD_IRQHandler
                0x00000000000025e2                USBHDWakeUp_IRQHandler
                0x00000000000025e6                DMA1_Channel8_IRQHandler
 .text.handle_reset
                0x00000000000025e8       0x92 ./Code/MCAL/Startup/startup_ch32v20x_D6.o
                0x00000000000025e8                handle_reset
 .text.GPIO_Init
                0x000000000000267a      0x100 ./Code/MCAL/Peripheral/src/ch32v20x_gpio.o
                0x000000000000267a                GPIO_Init
 .text.GPIO_SetBits
                0x000000000000277a       0x18 ./Code/MCAL/Peripheral/src/ch32v20x_gpio.o
                0x000000000000277a                GPIO_SetBits
 .text.GPIO_ResetBits
                0x0000000000002792       0x18 ./Code/MCAL/Peripheral/src/ch32v20x_gpio.o
                0x0000000000002792                GPIO_ResetBits
 .text.NVIC_PriorityGroupConfig
                0x00000000000027aa        0xa ./Code/MCAL/Peripheral/src/ch32v20x_misc.o
                0x00000000000027aa                NVIC_PriorityGroupConfig
 .text.RCC_GetClocksFreq
                0x00000000000027b4       0xc6 ./Code/MCAL/Peripheral/src/ch32v20x_rcc.o
                0x00000000000027b4                RCC_GetClocksFreq
 .text.RCC_AHBPeriphClockCmd
                0x000000000000287a       0x1e ./Code/MCAL/Peripheral/src/ch32v20x_rcc.o
                0x000000000000287a                RCC_AHBPeriphClockCmd
 .text.RCC_APB2PeriphClockCmd
                0x0000000000002898       0x1e ./Code/MCAL/Peripheral/src/ch32v20x_rcc.o
                0x0000000000002898                RCC_APB2PeriphClockCmd
 .text.RCC_APB1PeriphClockCmd
                0x00000000000028b6       0x1e ./Code/MCAL/Peripheral/src/ch32v20x_rcc.o
                0x00000000000028b6                RCC_APB1PeriphClockCmd
 .text.SPI_Init
                0x00000000000028d4       0x5a ./Code/MCAL/Peripheral/src/ch32v20x_spi.o
                0x00000000000028d4                SPI_Init
 .text.SPI_Cmd  0x000000000000292e       0x1e ./Code/MCAL/Peripheral/src/ch32v20x_spi.o
                0x000000000000292e                SPI_Cmd
 .text.SPI_I2S_SendData
                0x000000000000294c        0x6 ./Code/MCAL/Peripheral/src/ch32v20x_spi.o
                0x000000000000294c                SPI_I2S_SendData
 .text.SPI_I2S_ReceiveData
                0x0000000000002952        0x6 ./Code/MCAL/Peripheral/src/ch32v20x_spi.o
                0x0000000000002952                SPI_I2S_ReceiveData
 .text.SPI_I2S_GetFlagStatus
                0x0000000000002958        0xc ./Code/MCAL/Peripheral/src/ch32v20x_spi.o
                0x0000000000002958                SPI_I2S_GetFlagStatus
 .text.TIM_TimeBaseInit
                0x0000000000002964       0x80 ./Code/MCAL/Peripheral/src/ch32v20x_tim.o
                0x0000000000002964                TIM_TimeBaseInit
 .text.TIM_Cmd  0x00000000000029e4       0x1c ./Code/MCAL/Peripheral/src/ch32v20x_tim.o
                0x00000000000029e4                TIM_Cmd
 .text.TIM_ARRPreloadConfig
                0x0000000000002a00       0x1e ./Code/MCAL/Peripheral/src/ch32v20x_tim.o
                0x0000000000002a00                TIM_ARRPreloadConfig
 .text.TIM_UpdateDisableConfig
                0x0000000000002a1e       0x1c ./Code/MCAL/Peripheral/src/ch32v20x_tim.o
                0x0000000000002a1e                TIM_UpdateDisableConfig
 .text.TIM_UpdateRequestConfig
                0x0000000000002a3a       0x1c ./Code/MCAL/Peripheral/src/ch32v20x_tim.o
                0x0000000000002a3a                TIM_UpdateRequestConfig
 .text.TIM_SetCounter
                0x0000000000002a56        0x6 ./Code/MCAL/Peripheral/src/ch32v20x_tim.o
                0x0000000000002a56                TIM_SetCounter
 .text.TIM_GetCounter
                0x0000000000002a5c        0x6 ./Code/MCAL/Peripheral/src/ch32v20x_tim.o
                0x0000000000002a5c                TIM_GetCounter
 .text.TIM_ClearFlag
                0x0000000000002a62        0xe ./Code/MCAL/Peripheral/src/ch32v20x_tim.o
                0x0000000000002a62                TIM_ClearFlag
 .text.USART_Init
                0x0000000000002a70       0xd8 ./Code/MCAL/Peripheral/src/ch32v20x_usart.o
                0x0000000000002a70                USART_Init
 .text.USART_Cmd
                0x0000000000002b48       0x1c ./Code/MCAL/Peripheral/src/ch32v20x_usart.o
                0x0000000000002b48                USART_Cmd
 .text.USART_SendData
                0x0000000000002b64        0xa ./Code/MCAL/Peripheral/src/ch32v20x_usart.o
                0x0000000000002b64                USART_SendData
 .text.USART_ReceiveData
                0x0000000000002b6e        0xa ./Code/MCAL/Peripheral/src/ch32v20x_usart.o
                0x0000000000002b6e                USART_ReceiveData
 .text.USART_GetFlagStatus
                0x0000000000002b78        0xc ./Code/MCAL/Peripheral/src/ch32v20x_usart.o
                0x0000000000002b78                USART_GetFlagStatus
 .text.USART_ClearFlag
                0x0000000000002b84        0xe ./Code/MCAL/Peripheral/src/ch32v20x_usart.o
                0x0000000000002b84                USART_ClearFlag
 .text.USART_GetITStatus
                0x0000000000002b92       0x44 ./Code/MCAL/Peripheral/src/ch32v20x_usart.o
                0x0000000000002b92                USART_GetITStatus
 .text.USART_Printf_Init
                0x0000000000002bd6       0x58 ./Code/MCAL/Debug/debug.o
                0x0000000000002bd6                USART_Printf_Init
 .text._write   0x0000000000002c2e       0x3a ./Code/MCAL/Debug/debug.o
                0x0000000000002c2e                _write
 .text._sbrk    0x0000000000002c68       0x2a ./Code/MCAL/Debug/debug.o
                0x0000000000002c68                _sbrk
 .text.MCAL_Config_ConfigAllPins
                0x0000000000002c92      0x460 ./Code/MCAL/Config/MCAL_config.o
                0x0000000000002c92                MCAL_Config_ConfigAllPins
 .text.SystemInit
                0x00000000000030f2       0xe6 ./Code/MCAL/Config/system_ch32v20x.o
                0x00000000000030f2                SystemInit
 .text.SystemCoreClockUpdate
                0x00000000000031d8       0x90 ./Code/MCAL/Config/system_ch32v20x.o
                0x00000000000031d8                SystemCoreClockUpdate
 .text.HAL_WRAPPER_GetCommMessage
                0x0000000000003268       0x12 ./Code/HAL/Wrapper/HAL_wrapper.o
                0x0000000000003268                HAL_WRAPPER_GetCommMessage
 .text.HAL_WRAPPER_SendCommMessage
                0x000000000000327a       0x1e ./Code/HAL/Wrapper/HAL_wrapper.o
                0x000000000000327a                HAL_WRAPPER_SendCommMessage
 .text.HAL_WRAPPER_RCSend
                0x0000000000003298        0xe ./Code/HAL/Wrapper/HAL_wrapper.o
                0x0000000000003298                HAL_WRAPPER_RCSend
 .text.HAL_WRAPPER_RCReceive
                0x00000000000032a6       0x28 ./Code/HAL/Wrapper/HAL_wrapper.o
                0x00000000000032a6                HAL_WRAPPER_RCReceive
 .text.NRF_write_register
                0x00000000000032ce       0x30 ./Code/HAL/NRF2401/nrf.o
                0x00000000000032ce                NRF_write_register
 .text.NRF_write_data_register
                0x00000000000032fe       0x38 ./Code/HAL/NRF2401/nrf.o
                0x00000000000032fe                NRF_write_data_register
 .text.NRF_send_command
                0x0000000000003336       0x24 ./Code/HAL/NRF2401/nrf.o
                0x0000000000003336                NRF_send_command
 .text.NRF_read_register
                0x000000000000335a       0x2a ./Code/HAL/NRF2401/nrf.o
                0x000000000000335a                NRF_read_register
 .text.NRF_write
                0x0000000000003384       0x5c ./Code/HAL/NRF2401/nrf.o
                0x0000000000003384                NRF_write
 .text.NRF_openWritingPipe
                0x00000000000033e0       0x1e ./Code/HAL/NRF2401/nrf.o
                0x00000000000033e0                NRF_openWritingPipe
 .text.NRF_openReadingPipe
                0x00000000000033fe       0x24 ./Code/HAL/NRF2401/nrf.o
                0x00000000000033fe                NRF_openReadingPipe
 .text.NRF_init
                0x0000000000003422       0x96 ./Code/HAL/NRF2401/nrf.o
                0x0000000000003422                NRF_init
 .text.NRF_start_listening
                0x00000000000034b8       0x40 ./Code/HAL/NRF2401/nrf.o
                0x00000000000034b8                NRF_start_listening
 .text.NRF_stop_listening
                0x00000000000034f8       0x38 ./Code/HAL/NRF2401/nrf.o
                0x00000000000034f8                NRF_stop_listening
 .text.NRF_read_payload
                0x0000000000003530       0x58 ./Code/HAL/NRF2401/nrf.o
                0x0000000000003530                NRF_read_payload
 .text.NRF_read
                0x0000000000003588       0x16 ./Code/HAL/NRF2401/nrf.o
                0x0000000000003588                NRF_read
 .text.NRF_data_available
                0x000000000000359e       0x14 ./Code/HAL/NRF2401/nrf.o
                0x000000000000359e                NRF_data_available
 .text.HAL_Config_ConfigAllHW
                0x00000000000035b2       0x26 ./Code/HAL/Config/HAL_config.o
                0x00000000000035b2                HAL_Config_ConfigAllHW
 .text.NMI_Handler
                0x00000000000035d8        0x2 ./Code/APP/ch32v20x_it.o
                0x00000000000035d8                NMI_Handler
 .text.HardFault_Handler
                0x00000000000035da        0x2 ./Code/APP/ch32v20x_it.o
                0x00000000000035da                HardFault_Handler
 .text.Task_RCComm
                0x00000000000035dc       0x62 ./Code/APP/main.o
                0x00000000000035dc                Task_RCComm
 .text.Task_TakeAction
                0x000000000000363e       0x52 ./Code/APP/main.o
                0x000000000000363e                Task_TakeAction
 .text.UARTReceivedISR
                0x0000000000003690       0x7e ./Code/APP/main.o
                0x0000000000003690                UARTReceivedISR
 .text.Task_DroneComm
                0x000000000000370e       0xe4 ./Code/APP/main.o
                0x000000000000370e                Task_DroneComm
 .text.startup.main
                0x00000000000037f2       0xbc ./Code/APP/main.o
                0x00000000000037f2                main
 .text.memcpy   0x00000000000038ae       0xb6 c:/mounriver/mrs_community/toolchain/risc-v embedded gcc/bin/../lib/gcc/riscv-none-embed/8.2.0/../../../../riscv-none-embed/lib/rv32imac/ilp32\libg_nano.a(lib_a-memcpy.o)
                0x00000000000038ae                memcpy
 .text.__cvt    0x0000000000003964       0xee c:/mounriver/mrs_community/toolchain/risc-v embedded gcc/bin/../lib/gcc/riscv-none-embed/8.2.0/../../../../riscv-none-embed/lib/rv32imac/ilp32\libg_nano.a(lib_a-nano-vfprintf_float.o)
                0x0000000000003964                __cvt
 .text.__exponent
                0x0000000000003a52       0x8c c:/mounriver/mrs_community/toolchain/risc-v embedded gcc/bin/../lib/gcc/riscv-none-embed/8.2.0/../../../../riscv-none-embed/lib/rv32imac/ilp32\libg_nano.a(lib_a-nano-vfprintf_float.o)
                0x0000000000003a52                __exponent
 .text._printf_float
                0x0000000000003ade      0x4c4 c:/mounriver/mrs_community/toolchain/risc-v embedded gcc/bin/../lib/gcc/riscv-none-embed/8.2.0/../../../../riscv-none-embed/lib/rv32imac/ilp32\libg_nano.a(lib_a-nano-vfprintf_float.o)
                0x0000000000003ade                _printf_float
 .text._printf_common
                0x0000000000003fa2      0x10c c:/mounriver/mrs_community/toolchain/risc-v embedded gcc/bin/../lib/gcc/riscv-none-embed/8.2.0/../../../../riscv-none-embed/lib/rv32imac/ilp32\libg_nano.a(lib_a-nano-vfprintf_i.o)
                0x0000000000003fa2                _printf_common
 .text._printf_i
                0x00000000000040ae      0x2ac c:/mounriver/mrs_community/toolchain/risc-v embedded gcc/bin/../lib/gcc/riscv-none-embed/8.2.0/../../../../riscv-none-embed/lib/rv32imac/ilp32\libg_nano.a(lib_a-nano-vfprintf_i.o)
                0x00000000000040ae                _printf_i
 .text.printf   0x000000000000435a       0x42 c:/mounriver/mrs_community/toolchain/risc-v embedded gcc/bin/../lib/gcc/riscv-none-embed/8.2.0/../../../../riscv-none-embed/lib/rv32imac/ilp32\libg_nano.a(lib_a-printf.o)
                0x000000000000435a                iprintf
                0x000000000000435a                printf
 .text._puts_r  0x000000000000439c       0xde c:/mounriver/mrs_community/toolchain/risc-v embedded gcc/bin/../lib/gcc/riscv-none-embed/8.2.0/../../../../riscv-none-embed/lib/rv32imac/ilp32\libg_nano.a(lib_a-puts.o)
                0x000000000000439c                _puts_r
 .text.puts     0x000000000000447a        0xc c:/mounriver/mrs_community/toolchain/risc-v embedded gcc/bin/../lib/gcc/riscv-none-embed/8.2.0/../../../../riscv-none-embed/lib/rv32imac/ilp32\libg_nano.a(lib_a-puts.o)
                0x000000000000447a                puts
 .text.strlen   0x0000000000004486       0x12 c:/mounriver/mrs_community/toolchain/risc-v embedded gcc/bin/../lib/gcc/riscv-none-embed/8.2.0/../../../../riscv-none-embed/lib/rv32imac/ilp32\libg_nano.a(lib_a-strlen.o)
                0x0000000000004486                strlen
 .text.__swbuf_r
                0x0000000000004498       0xc6 c:/mounriver/mrs_community/toolchain/risc-v embedded gcc/bin/../lib/gcc/riscv-none-embed/8.2.0/../../../../riscv-none-embed/lib/rv32imac/ilp32\libg_nano.a(lib_a-wbuf.o)
                0x0000000000004498                __swbuf_r
 .text.__swsetup_r
                0x000000000000455e      0x112 c:/mounriver/mrs_community/toolchain/risc-v embedded gcc/bin/../lib/gcc/riscv-none-embed/8.2.0/../../../../riscv-none-embed/lib/rv32imac/ilp32\libg_nano.a(lib_a-wsetup.o)
                0x000000000000455e                __swsetup_r
 .text.quorem   0x0000000000004670      0x13a c:/mounriver/mrs_community/toolchain/risc-v embedded gcc/bin/../lib/gcc/riscv-none-embed/8.2.0/../../../../riscv-none-embed/lib/rv32imac/ilp32\libg_nano.a(lib_a-dtoa.o)
 .text._dtoa_r  0x00000000000047aa      0xc1e c:/mounriver/mrs_community/toolchain/risc-v embedded gcc/bin/../lib/gcc/riscv-none-embed/8.2.0/../../../../riscv-none-embed/lib/rv32imac/ilp32\libg_nano.a(lib_a-dtoa.o)
                0x00000000000047aa                _dtoa_r
 .text.__sflush_r
                0x00000000000053c8      0x13e c:/mounriver/mrs_community/toolchain/risc-v embedded gcc/bin/../lib/gcc/riscv-none-embed/8.2.0/../../../../riscv-none-embed/lib/rv32imac/ilp32\libg_nano.a(lib_a-fflush.o)
                0x00000000000053c8                __sflush_r
 .text._fflush_r
                0x0000000000005506       0x66 c:/mounriver/mrs_community/toolchain/risc-v embedded gcc/bin/../lib/gcc/riscv-none-embed/8.2.0/../../../../riscv-none-embed/lib/rv32imac/ilp32\libg_nano.a(lib_a-fflush.o)
                0x0000000000005506                _fflush_r
 .text.std      0x000000000000556c       0x6a c:/mounriver/mrs_community/toolchain/risc-v embedded gcc/bin/../lib/gcc/riscv-none-embed/8.2.0/../../../../riscv-none-embed/lib/rv32imac/ilp32\libg_nano.a(lib_a-findfp.o)
 .text._cleanup_r
                0x00000000000055d6        0xa c:/mounriver/mrs_community/toolchain/risc-v embedded gcc/bin/../lib/gcc/riscv-none-embed/8.2.0/../../../../riscv-none-embed/lib/rv32imac/ilp32\libg_nano.a(lib_a-findfp.o)
                0x00000000000055d6                _cleanup_r
 .text.__sfmoreglue
                0x00000000000055e0       0x48 c:/mounriver/mrs_community/toolchain/risc-v embedded gcc/bin/../lib/gcc/riscv-none-embed/8.2.0/../../../../riscv-none-embed/lib/rv32imac/ilp32\libg_nano.a(lib_a-findfp.o)
                0x00000000000055e0                __sfmoreglue
 .text.__sinit  0x0000000000005628       0x6c c:/mounriver/mrs_community/toolchain/risc-v embedded gcc/bin/../lib/gcc/riscv-none-embed/8.2.0/../../../../riscv-none-embed/lib/rv32imac/ilp32\libg_nano.a(lib_a-findfp.o)
                0x0000000000005628                __sinit
 .text.__sfp    0x0000000000005694       0xa0 c:/mounriver/mrs_community/toolchain/risc-v embedded gcc/bin/../lib/gcc/riscv-none-embed/8.2.0/../../../../riscv-none-embed/lib/rv32imac/ilp32\libg_nano.a(lib_a-findfp.o)
                0x0000000000005694                __sfp
 .text._fwalk_reent
                0x0000000000005734       0x6c c:/mounriver/mrs_community/toolchain/risc-v embedded gcc/bin/../lib/gcc/riscv-none-embed/8.2.0/../../../../riscv-none-embed/lib/rv32imac/ilp32\libg_nano.a(lib_a-fwalk.o)
                0x0000000000005734                _fwalk_reent
 .text._localeconv_r
                0x00000000000057a0       0x18 c:/mounriver/mrs_community/toolchain/risc-v embedded gcc/bin/../lib/gcc/riscv-none-embed/8.2.0/../../../../riscv-none-embed/lib/rv32imac/ilp32\libg_nano.a(lib_a-localeconv.o)
                0x00000000000057a0                _localeconv_r
 .text.__swhatbuf_r
                0x00000000000057b8       0x5a c:/mounriver/mrs_community/toolchain/risc-v embedded gcc/bin/../lib/gcc/riscv-none-embed/8.2.0/../../../../riscv-none-embed/lib/rv32imac/ilp32\libg_nano.a(lib_a-makebuf.o)
                0x00000000000057b8                __swhatbuf_r
 .text.__smakebuf_r
                0x0000000000005812       0xa2 c:/mounriver/mrs_community/toolchain/risc-v embedded gcc/bin/../lib/gcc/riscv-none-embed/8.2.0/../../../../riscv-none-embed/lib/rv32imac/ilp32\libg_nano.a(lib_a-makebuf.o)
                0x0000000000005812                __smakebuf_r
 .text.malloc   0x00000000000058b4        0xc c:/mounriver/mrs_community/toolchain/risc-v embedded gcc/bin/../lib/gcc/riscv-none-embed/8.2.0/../../../../riscv-none-embed/lib/rv32imac/ilp32\libg_nano.a(lib_a-malloc.o)
                0x00000000000058b4                malloc
 .text.memchr   0x00000000000058c0       0x1a c:/mounriver/mrs_community/toolchain/risc-v embedded gcc/bin/../lib/gcc/riscv-none-embed/8.2.0/../../../../riscv-none-embed/lib/rv32imac/ilp32\libg_nano.a(lib_a-memchr.o)
                0x00000000000058c0                memchr
 .text._Balloc  0x00000000000058da       0x88 c:/mounriver/mrs_community/toolchain/risc-v embedded gcc/bin/../lib/gcc/riscv-none-embed/8.2.0/../../../../riscv-none-embed/lib/rv32imac/ilp32\libg_nano.a(lib_a-mprec.o)
                0x00000000000058da                _Balloc
 .text._Bfree   0x0000000000005962       0x44 c:/mounriver/mrs_community/toolchain/risc-v embedded gcc/bin/../lib/gcc/riscv-none-embed/8.2.0/../../../../riscv-none-embed/lib/rv32imac/ilp32\libg_nano.a(lib_a-mprec.o)
                0x0000000000005962                _Bfree
 .text.__multadd
                0x00000000000059a6       0x98 c:/mounriver/mrs_community/toolchain/risc-v embedded gcc/bin/../lib/gcc/riscv-none-embed/8.2.0/../../../../riscv-none-embed/lib/rv32imac/ilp32\libg_nano.a(lib_a-mprec.o)
                0x00000000000059a6                __multadd
 .text.__hi0bits
                0x0000000000005a3e       0x46 c:/mounriver/mrs_community/toolchain/risc-v embedded gcc/bin/../lib/gcc/riscv-none-embed/8.2.0/../../../../riscv-none-embed/lib/rv32imac/ilp32\libg_nano.a(lib_a-mprec.o)
                0x0000000000005a3e                __hi0bits
 .text.__lo0bits
                0x0000000000005a84       0x6a c:/mounriver/mrs_community/toolchain/risc-v embedded gcc/bin/../lib/gcc/riscv-none-embed/8.2.0/../../../../riscv-none-embed/lib/rv32imac/ilp32\libg_nano.a(lib_a-mprec.o)
                0x0000000000005a84                __lo0bits
 .text.__i2b    0x0000000000005aee       0x1c c:/mounriver/mrs_community/toolchain/risc-v embedded gcc/bin/../lib/gcc/riscv-none-embed/8.2.0/../../../../riscv-none-embed/lib/rv32imac/ilp32\libg_nano.a(lib_a-mprec.o)
                0x0000000000005aee                __i2b
 .text.__multiply
                0x0000000000005b0a      0x144 c:/mounriver/mrs_community/toolchain/risc-v embedded gcc/bin/../lib/gcc/riscv-none-embed/8.2.0/../../../../riscv-none-embed/lib/rv32imac/ilp32\libg_nano.a(lib_a-mprec.o)
                0x0000000000005b0a                __multiply
 .text.__pow5mult
                0x0000000000005c4e       0xbe c:/mounriver/mrs_community/toolchain/risc-v embedded gcc/bin/../lib/gcc/riscv-none-embed/8.2.0/../../../../riscv-none-embed/lib/rv32imac/ilp32\libg_nano.a(lib_a-mprec.o)
                0x0000000000005c4e                __pow5mult
 .text.__lshift
                0x0000000000005d0c       0xce c:/mounriver/mrs_community/toolchain/risc-v embedded gcc/bin/../lib/gcc/riscv-none-embed/8.2.0/../../../../riscv-none-embed/lib/rv32imac/ilp32\libg_nano.a(lib_a-mprec.o)
                0x0000000000005d0c                __lshift
 .text.__mcmp   0x0000000000005dda       0x32 c:/mounriver/mrs_community/toolchain/risc-v embedded gcc/bin/../lib/gcc/riscv-none-embed/8.2.0/../../../../riscv-none-embed/lib/rv32imac/ilp32\libg_nano.a(lib_a-mprec.o)
                0x0000000000005dda                __mcmp
 .text.__mdiff  0x0000000000005e0c       0xf2 c:/mounriver/mrs_community/toolchain/risc-v embedded gcc/bin/../lib/gcc/riscv-none-embed/8.2.0/../../../../riscv-none-embed/lib/rv32imac/ilp32\libg_nano.a(lib_a-mprec.o)
                0x0000000000005e0c                __mdiff
 .text.__d2b    0x0000000000005efe       0xd4 c:/mounriver/mrs_community/toolchain/risc-v embedded gcc/bin/../lib/gcc/riscv-none-embed/8.2.0/../../../../riscv-none-embed/lib/rv32imac/ilp32\libg_nano.a(lib_a-mprec.o)
                0x0000000000005efe                __d2b
 .text._calloc_r
                0x0000000000005fd2       0x26 c:/mounriver/mrs_community/toolchain/risc-v embedded gcc/bin/../lib/gcc/riscv-none-embed/8.2.0/../../../../riscv-none-embed/lib/rv32imac/ilp32\libg_nano.a(lib_a-nano-callocr.o)
                0x0000000000005fd2                _calloc_r
 .text._free_r  0x0000000000005ff8       0xac c:/mounriver/mrs_community/toolchain/risc-v embedded gcc/bin/../lib/gcc/riscv-none-embed/8.2.0/../../../../riscv-none-embed/lib/rv32imac/ilp32\libg_nano.a(lib_a-nano-freer.o)
                0x0000000000005ff8                _free_r
 .text._malloc_r
                0x00000000000060a4       0xde c:/mounriver/mrs_community/toolchain/risc-v embedded gcc/bin/../lib/gcc/riscv-none-embed/8.2.0/../../../../riscv-none-embed/lib/rv32imac/ilp32\libg_nano.a(lib_a-nano-mallocr.o)
                0x00000000000060a4                _malloc_r
 .text.__sfputc_r
                0x0000000000006182       0x2a c:/mounriver/mrs_community/toolchain/risc-v embedded gcc/bin/../lib/gcc/riscv-none-embed/8.2.0/../../../../riscv-none-embed/lib/rv32imac/ilp32\libg_nano.a(lib_a-nano-vfprintf.o)
 .text.__sfputs_r
                0x00000000000061ac       0x44 c:/mounriver/mrs_community/toolchain/risc-v embedded gcc/bin/../lib/gcc/riscv-none-embed/8.2.0/../../../../riscv-none-embed/lib/rv32imac/ilp32\libg_nano.a(lib_a-nano-vfprintf.o)
                0x00000000000061ac                __sfputs_r
 .text._vfprintf_r
                0x00000000000061f0      0x2a0 c:/mounriver/mrs_community/toolchain/risc-v embedded gcc/bin/../lib/gcc/riscv-none-embed/8.2.0/../../../../riscv-none-embed/lib/rv32imac/ilp32\libg_nano.a(lib_a-nano-vfprintf.o)
                0x00000000000061f0                _vfprintf_r
                0x00000000000061f0                _vfiprintf_r
 .text._sbrk_r  0x0000000000006490       0x32 c:/mounriver/mrs_community/toolchain/risc-v embedded gcc/bin/../lib/gcc/riscv-none-embed/8.2.0/../../../../riscv-none-embed/lib/rv32imac/ilp32\libg_nano.a(lib_a-sbrkr.o)
                0x0000000000006490                _sbrk_r
 .text.__sread  0x00000000000064c2       0x30 c:/mounriver/mrs_community/toolchain/risc-v embedded gcc/bin/../lib/gcc/riscv-none-embed/8.2.0/../../../../riscv-none-embed/lib/rv32imac/ilp32\libg_nano.a(lib_a-stdio.o)
                0x00000000000064c2                __sread
 .text.__swrite
                0x00000000000064f2       0x4e c:/mounriver/mrs_community/toolchain/risc-v embedded gcc/bin/../lib/gcc/riscv-none-embed/8.2.0/../../../../riscv-none-embed/lib/rv32imac/ilp32\libg_nano.a(lib_a-stdio.o)
                0x00000000000064f2                __swrite
 .text.__sseek  0x0000000000006540       0x36 c:/mounriver/mrs_community/toolchain/risc-v embedded gcc/bin/../lib/gcc/riscv-none-embed/8.2.0/../../../../riscv-none-embed/lib/rv32imac/ilp32\libg_nano.a(lib_a-stdio.o)
                0x0000000000006540                __sseek
 .text.__sclose
                0x0000000000006576        0x6 c:/mounriver/mrs_community/toolchain/risc-v embedded gcc/bin/../lib/gcc/riscv-none-embed/8.2.0/../../../../riscv-none-embed/lib/rv32imac/ilp32\libg_nano.a(lib_a-stdio.o)
                0x0000000000006576                __sclose
 .text._write_r
                0x000000000000657c       0x36 c:/mounriver/mrs_community/toolchain/risc-v embedded gcc/bin/../lib/gcc/riscv-none-embed/8.2.0/../../../../riscv-none-embed/lib/rv32imac/ilp32\libg_nano.a(lib_a-writer.o)
                0x000000000000657c                _write_r
 .text._close_r
                0x00000000000065b2       0x32 c:/mounriver/mrs_community/toolchain/risc-v embedded gcc/bin/../lib/gcc/riscv-none-embed/8.2.0/../../../../riscv-none-embed/lib/rv32imac/ilp32\libg_nano.a(lib_a-closer.o)
                0x00000000000065b2                _close_r
 .text._fstat_r
                0x00000000000065e4       0x34 c:/mounriver/mrs_community/toolchain/risc-v embedded gcc/bin/../lib/gcc/riscv-none-embed/8.2.0/../../../../riscv-none-embed/lib/rv32imac/ilp32\libg_nano.a(lib_a-fstatr.o)
                0x00000000000065e4                _fstat_r
 .text._isatty_r
                0x0000000000006618       0x32 c:/mounriver/mrs_community/toolchain/risc-v embedded gcc/bin/../lib/gcc/riscv-none-embed/8.2.0/../../../../riscv-none-embed/lib/rv32imac/ilp32\libg_nano.a(lib_a-isattyr.o)
                0x0000000000006618                _isatty_r
 .text._lseek_r
                0x000000000000664a       0x36 c:/mounriver/mrs_community/toolchain/risc-v embedded gcc/bin/../lib/gcc/riscv-none-embed/8.2.0/../../../../riscv-none-embed/lib/rv32imac/ilp32\libg_nano.a(lib_a-lseekr.o)
                0x000000000000664a                _lseek_r
 .text.__ascii_mbtowc
                0x0000000000006680       0x3a c:/mounriver/mrs_community/toolchain/risc-v embedded gcc/bin/../lib/gcc/riscv-none-embed/8.2.0/../../../../riscv-none-embed/lib/rv32imac/ilp32\libg_nano.a(lib_a-mbtowc_r.o)
                0x0000000000006680                __ascii_mbtowc
 .text.__malloc_lock
                0x00000000000066ba        0x2 c:/mounriver/mrs_community/toolchain/risc-v embedded gcc/bin/../lib/gcc/riscv-none-embed/8.2.0/../../../../riscv-none-embed/lib/rv32imac/ilp32\libg_nano.a(lib_a-mlock.o)
                0x00000000000066ba                __malloc_lock
 .text.__malloc_unlock
                0x00000000000066bc        0x2 c:/mounriver/mrs_community/toolchain/risc-v embedded gcc/bin/../lib/gcc/riscv-none-embed/8.2.0/../../../../riscv-none-embed/lib/rv32imac/ilp32\libg_nano.a(lib_a-mlock.o)
                0x00000000000066bc                __malloc_unlock
 .text._read_r  0x00000000000066be       0x36 c:/mounriver/mrs_community/toolchain/risc-v embedded gcc/bin/../lib/gcc/riscv-none-embed/8.2.0/../../../../riscv-none-embed/lib/rv32imac/ilp32\libg_nano.a(lib_a-readr.o)
                0x00000000000066be                _read_r
 .text.__ascii_wctomb
                0x00000000000066f4       0x20 c:/mounriver/mrs_community/toolchain/risc-v embedded gcc/bin/../lib/gcc/riscv-none-embed/8.2.0/../../../../riscv-none-embed/lib/rv32imac/ilp32\libg_nano.a(lib_a-wctomb_r.o)
                0x00000000000066f4                __ascii_wctomb
 .text.__adddf3
                0x0000000000006714      0x730 c:/mounriver/mrs_community/toolchain/risc-v embedded gcc/bin/../lib/gcc/riscv-none-embed/8.2.0/rv32imac/ilp32\libgcc.a(adddf3.o)
                0x0000000000006714                __adddf3
 .text.__divdf3
                0x0000000000006e44      0x5b4 c:/mounriver/mrs_community/toolchain/risc-v embedded gcc/bin/../lib/gcc/riscv-none-embed/8.2.0/rv32imac/ilp32\libgcc.a(divdf3.o)
                0x0000000000006e44                __divdf3
 .text.__eqdf2  0x00000000000073f8       0x6a c:/mounriver/mrs_community/toolchain/risc-v embedded gcc/bin/../lib/gcc/riscv-none-embed/8.2.0/rv32imac/ilp32\libgcc.a(eqdf2.o)
                0x00000000000073f8                __nedf2
                0x00000000000073f8                __eqdf2
 .text.__gedf2  0x0000000000007462       0xae c:/mounriver/mrs_community/toolchain/risc-v embedded gcc/bin/../lib/gcc/riscv-none-embed/8.2.0/rv32imac/ilp32\libgcc.a(gedf2.o)
                0x0000000000007462                __gedf2
                0x0000000000007462                __gtdf2
 .text.__ledf2  0x0000000000007510       0xb6 c:/mounriver/mrs_community/toolchain/risc-v embedded gcc/bin/../lib/gcc/riscv-none-embed/8.2.0/rv32imac/ilp32\libgcc.a(ledf2.o)
                0x0000000000007510                __ledf2
                0x0000000000007510                __ltdf2
 .text.__muldf3
                0x00000000000075c6      0x4b8 c:/mounriver/mrs_community/toolchain/risc-v embedded gcc/bin/../lib/gcc/riscv-none-embed/8.2.0/rv32imac/ilp32\libgcc.a(muldf3.o)
                0x00000000000075c6                __muldf3
 .text.__subdf3
                0x0000000000007a7e      0x73c c:/mounriver/mrs_community/toolchain/risc-v embedded gcc/bin/../lib/gcc/riscv-none-embed/8.2.0/rv32imac/ilp32\libgcc.a(subdf3.o)
                0x0000000000007a7e                __subdf3
 .text.__unorddf2
                0x00000000000081ba       0x3c c:/mounriver/mrs_community/toolchain/risc-v embedded gcc/bin/../lib/gcc/riscv-none-embed/8.2.0/rv32imac/ilp32\libgcc.a(unorddf2.o)
                0x00000000000081ba                __unorddf2
 .text.__fixdfsi
                0x00000000000081f6       0x68 c:/mounriver/mrs_community/toolchain/risc-v embedded gcc/bin/../lib/gcc/riscv-none-embed/8.2.0/rv32imac/ilp32\libgcc.a(fixdfsi.o)
                0x00000000000081f6                __fixdfsi
 .text.__floatsidf
                0x000000000000825e       0x70 c:/mounriver/mrs_community/toolchain/risc-v embedded gcc/bin/../lib/gcc/riscv-none-embed/8.2.0/rv32imac/ilp32\libgcc.a(floatsidf.o)
                0x000000000000825e                __floatsidf
 .text.__floatunsidf
                0x00000000000082ce       0x66 c:/mounriver/mrs_community/toolchain/risc-v embedded gcc/bin/../lib/gcc/riscv-none-embed/8.2.0/rv32imac/ilp32\libgcc.a(floatunsidf.o)
                0x00000000000082ce                __floatunsidf
 .text.__trunctfdf2
                0x0000000000008334      0x21e c:/mounriver/mrs_community/toolchain/risc-v embedded gcc/bin/../lib/gcc/riscv-none-embed/8.2.0/rv32imac/ilp32\libgcc.a(trunctfdf2.o)
                0x0000000000008334                __trunctfdf2
 .text.__clzsi2
                0x0000000000008552       0x76 c:/mounriver/mrs_community/toolchain/risc-v embedded gcc/bin/../lib/gcc/riscv-none-embed/8.2.0/rv32imac/ilp32\libgcc.a(_clzsi2.o)
                0x0000000000008552                __clzsi2
 .text._close   0x00000000000085c8       0x10 c:/mounriver/mrs_community/toolchain/risc-v embedded gcc/bin/../lib/gcc/riscv-none-embed/8.2.0/../../../../riscv-none-embed/lib/rv32imac/ilp32\libnosys.a(close.o)
                0x00000000000085c8                _close
 .text._fstat   0x00000000000085d8       0x10 c:/mounriver/mrs_community/toolchain/risc-v embedded gcc/bin/../lib/gcc/riscv-none-embed/8.2.0/../../../../riscv-none-embed/lib/rv32imac/ilp32\libnosys.a(fstat.o)
                0x00000000000085d8                _fstat
 .text._isatty  0x00000000000085e8       0x10 c:/mounriver/mrs_community/toolchain/risc-v embedded gcc/bin/../lib/gcc/riscv-none-embed/8.2.0/../../../../riscv-none-embed/lib/rv32imac/ilp32\libnosys.a(isatty.o)
                0x00000000000085e8                _isatty
 .text._lseek   0x00000000000085f8       0x10 c:/mounriver/mrs_community/toolchain/risc-v embedded gcc/bin/../lib/gcc/riscv-none-embed/8.2.0/../../../../riscv-none-embed/lib/rv32imac/ilp32\libnosys.a(lseek.o)
                0x00000000000085f8                _lseek
 .text._read    0x0000000000008608       0x10 c:/mounriver/mrs_community/toolchain/risc-v embedded gcc/bin/../lib/gcc/riscv-none-embed/8.2.0/../../../../riscv-none-embed/lib/rv32imac/ilp32\libnosys.a(read.o)
                0x0000000000008608                _read
 *(.rodata)
 *fill*         0x0000000000008618        0x0 
 .rodata        0x0000000000008618        0xc ./Code/MCAL/Config/MCAL_config.o
 *(.rodata*)
 .rodata.pvPortMalloc.str1.4
                0x0000000000008624       0x55 ./Code/Service/FreeRTOS/portable/MemMang/heap_4.o
 *fill*         0x0000000000008679        0x3 
 .rodata.xPortStartScheduler.str1.4
                0x000000000000867c       0x34 ./Code/Service/FreeRTOS/portable/GCC/RISC-V/port.o
                                         0x55 (size before relaxing)
 .rodata.xQueueGenericReset.str1.4
                0x00000000000086b0       0x21 ./Code/Service/FreeRTOS/queue.o
                                         0x45 (size before relaxing)
 *fill*         0x00000000000086d1        0x3 
 .rodata.xTaskGenericNotify
                0x00000000000086d4       0x14 ./Code/Service/FreeRTOS/tasks.o
 .rodata.prvTaskIsTaskSuspended.str1.4
                0x00000000000086e8       0x21 ./Code/Service/FreeRTOS/tasks.o
                                         0x45 (size before relaxing)
 *fill*         0x0000000000008709        0x3 
 .rodata.vTaskStartScheduler.str1.4
                0x000000000000870c        0x5 ./Code/Service/FreeRTOS/tasks.o
 *fill*         0x0000000000008711        0x3 
 .rodata.prvTimerTask
                0x0000000000008714       0x24 ./Code/Service/FreeRTOS/timers.o
 .rodata.prvCheckForValidListAndQueue.str1.4
                0x0000000000008738        0x5 ./Code/Service/FreeRTOS/timers.o
 *fill*         0x000000000000873d        0x3 
 .rodata.prvTimerTask.str1.4
                0x0000000000008740       0x22 ./Code/Service/FreeRTOS/timers.o
                                         0x45 (size before relaxing)
 *fill*         0x0000000000008762        0x2 
 .rodata.xTimerCreateTimerTask.str1.4
                0x0000000000008764        0x8 ./Code/Service/FreeRTOS/timers.o
 .rodata.main.str1.4
                0x000000000000876c       0x4c ./Code/APP/main.o
 *fill*         0x00000000000087b8        0x0 
 .rodata._printf_float.cst8
                0x00000000000087b8        0x8 c:/mounriver/mrs_community/toolchain/risc-v embedded gcc/bin/../lib/gcc/riscv-none-embed/8.2.0/../../../../riscv-none-embed/lib/rv32imac/ilp32\libg_nano.a(lib_a-nano-vfprintf_float.o)
 .rodata._printf_float.str1.4
                0x00000000000087c0       0x12 c:/mounriver/mrs_community/toolchain/risc-v embedded gcc/bin/../lib/gcc/riscv-none-embed/8.2.0/../../../../riscv-none-embed/lib/rv32imac/ilp32\libg_nano.a(lib_a-nano-vfprintf_float.o)
 *fill*         0x00000000000087d2        0x2 
 .rodata._printf_i.str1.4
                0x00000000000087d4       0x25 c:/mounriver/mrs_community/toolchain/risc-v embedded gcc/bin/../lib/gcc/riscv-none-embed/8.2.0/../../../../riscv-none-embed/lib/rv32imac/ilp32\libg_nano.a(lib_a-nano-vfprintf_i.o)
 *fill*         0x00000000000087f9        0x7 
 .rodata._dtoa_r.cst8
                0x0000000000008800       0x48 c:/mounriver/mrs_community/toolchain/risc-v embedded gcc/bin/../lib/gcc/riscv-none-embed/8.2.0/../../../../riscv-none-embed/lib/rv32imac/ilp32\libg_nano.a(lib_a-dtoa.o)
 .rodata._dtoa_r.str1.4
                0x0000000000008848       0x10 c:/mounriver/mrs_community/toolchain/risc-v embedded gcc/bin/../lib/gcc/riscv-none-embed/8.2.0/../../../../riscv-none-embed/lib/rv32imac/ilp32\libg_nano.a(lib_a-dtoa.o)
                                         0x12 (size before relaxing)
 .rodata.__sf_fake_stderr
                0x0000000000008858       0x20 c:/mounriver/mrs_community/toolchain/risc-v embedded gcc/bin/../lib/gcc/riscv-none-embed/8.2.0/../../../../riscv-none-embed/lib/rv32imac/ilp32\libg_nano.a(lib_a-findfp.o)
                0x0000000000008858                __sf_fake_stderr
 .rodata.__sf_fake_stdin
                0x0000000000008878       0x20 c:/mounriver/mrs_community/toolchain/risc-v embedded gcc/bin/../lib/gcc/riscv-none-embed/8.2.0/../../../../riscv-none-embed/lib/rv32imac/ilp32\libg_nano.a(lib_a-findfp.o)
                0x0000000000008878                __sf_fake_stdin
 .rodata.__sf_fake_stdout
                0x0000000000008898       0x20 c:/mounriver/mrs_community/toolchain/risc-v embedded gcc/bin/../lib/gcc/riscv-none-embed/8.2.0/../../../../riscv-none-embed/lib/rv32imac/ilp32\libg_nano.a(lib_a-findfp.o)
                0x0000000000008898                __sf_fake_stdout
 .rodata.__mprec_bigtens
                0x00000000000088b8       0x28 c:/mounriver/mrs_community/toolchain/risc-v embedded gcc/bin/../lib/gcc/riscv-none-embed/8.2.0/../../../../riscv-none-embed/lib/rv32imac/ilp32\libg_nano.a(lib_a-mprec.o)
                0x00000000000088b8                __mprec_bigtens
 .rodata.__mprec_tens
                0x00000000000088e0       0xc8 c:/mounriver/mrs_community/toolchain/risc-v embedded gcc/bin/../lib/gcc/riscv-none-embed/8.2.0/../../../../riscv-none-embed/lib/rv32imac/ilp32\libg_nano.a(lib_a-mprec.o)
                0x00000000000088e0                __mprec_tens
 .rodata.p05.3319
                0x00000000000089a8        0xc c:/mounriver/mrs_community/toolchain/risc-v embedded gcc/bin/../lib/gcc/riscv-none-embed/8.2.0/../../../../riscv-none-embed/lib/rv32imac/ilp32\libg_nano.a(lib_a-mprec.o)
 .rodata._vfprintf_r.str1.4
                0x00000000000089b4       0x13 c:/mounriver/mrs_community/toolchain/risc-v embedded gcc/bin/../lib/gcc/riscv-none-embed/8.2.0/../../../../riscv-none-embed/lib/rv32imac/ilp32\libg_nano.a(lib_a-nano-vfprintf.o)
 *fill*         0x00000000000089c7        0x1 
 .rodata._setlocale_r.str1.4
                0x00000000000089c8        0xa c:/mounriver/mrs_community/toolchain/risc-v embedded gcc/bin/../lib/gcc/riscv-none-embed/8.2.0/../../../../riscv-none-embed/lib/rv32imac/ilp32\libg_nano.a(lib_a-locale.o)
                                          0xd (size before relaxing)
 *fill*         0x00000000000089d2        0x2 
 .rodata.str1.4
                0x00000000000089d4        0x4 c:/mounriver/mrs_community/toolchain/risc-v embedded gcc/bin/../lib/gcc/riscv-none-embed/8.2.0/../../../../riscv-none-embed/lib/rv32imac/ilp32\libg_nano.a(lib_a-locale.o)
                                          0x2 (size before relaxing)
 .rodata._ctype_
                0x00000000000089d8      0x101 c:/mounriver/mrs_community/toolchain/risc-v embedded gcc/bin/../lib/gcc/riscv-none-embed/8.2.0/../../../../riscv-none-embed/lib/rv32imac/ilp32\libg_nano.a(lib_a-ctype_.o)
                0x00000000000089d8                _ctype_
 *fill*         0x0000000000008ad9        0x3 
 .rodata.__divdf3
                0x0000000000008adc       0x40 c:/mounriver/mrs_community/toolchain/risc-v embedded gcc/bin/../lib/gcc/riscv-none-embed/8.2.0/rv32imac/ilp32\libgcc.a(divdf3.o)
 .rodata.__muldf3
                0x0000000000008b1c       0x40 c:/mounriver/mrs_community/toolchain/risc-v embedded gcc/bin/../lib/gcc/riscv-none-embed/8.2.0/rv32imac/ilp32\libgcc.a(muldf3.o)
 .rodata.__clz_tab
                0x0000000000008b5c      0x100 c:/mounriver/mrs_community/toolchain/risc-v embedded gcc/bin/../lib/gcc/riscv-none-embed/8.2.0/rv32imac/ilp32\libgcc.a(_clz.o)
                0x0000000000008b5c                __clz_tab
 *(.glue_7)
 *(.glue_7t)
 *(.gnu.linkonce.t.*)
                0x0000000000008c5c                . = ALIGN (0x4)

.rela.dyn       0x0000000000008c5c        0x0
 .rela.text.xPortStartScheduler
                0x0000000000008c5c        0x0 ./Code/Service/Wrapper/Service_RTOS_wrapper.o
 .rela.sdata2.xISRStackTop
                0x0000000000008c5c        0x0 ./Code/Service/Wrapper/Service_RTOS_wrapper.o
 .rela.init     0x0000000000008c5c        0x0 ./Code/Service/Wrapper/Service_RTOS_wrapper.o
 .rela.vector   0x0000000000008c5c        0x0 ./Code/Service/Wrapper/Service_RTOS_wrapper.o
 .rela.text.handle_reset
                0x0000000000008c5c        0x0 ./Code/Service/Wrapper/Service_RTOS_wrapper.o
 .rela.text._sbrk
                0x0000000000008c5c        0x0 ./Code/Service/Wrapper/Service_RTOS_wrapper.o
 .rela.sdata.curbrk.4666
                0x0000000000008c5c        0x0 ./Code/Service/Wrapper/Service_RTOS_wrapper.o
 .rela.text._vfprintf_r
                0x0000000000008c5c        0x0 ./Code/Service/Wrapper/Service_RTOS_wrapper.o
 .rela.text._sbrk_r
                0x0000000000008c5c        0x0 ./Code/Service/Wrapper/Service_RTOS_wrapper.o
 .rela.text._write_r
                0x0000000000008c5c        0x0 ./Code/Service/Wrapper/Service_RTOS_wrapper.o
 .rela.text._close_r
                0x0000000000008c5c        0x0 ./Code/Service/Wrapper/Service_RTOS_wrapper.o
 .rela.text._fstat_r
                0x0000000000008c5c        0x0 ./Code/Service/Wrapper/Service_RTOS_wrapper.o
 .rela.text._isatty_r
                0x0000000000008c5c        0x0 ./Code/Service/Wrapper/Service_RTOS_wrapper.o
 .rela.text._lseek_r
                0x0000000000008c5c        0x0 ./Code/Service/Wrapper/Service_RTOS_wrapper.o
 .rela.text._read_r
                0x0000000000008c5c        0x0 ./Code/Service/Wrapper/Service_RTOS_wrapper.o
 .rela.text._close
                0x0000000000008c5c        0x0 ./Code/Service/Wrapper/Service_RTOS_wrapper.o
 .rela.text._fstat
                0x0000000000008c5c        0x0 ./Code/Service/Wrapper/Service_RTOS_wrapper.o
 .rela.text._isatty
                0x0000000000008c5c        0x0 ./Code/Service/Wrapper/Service_RTOS_wrapper.o
 .rela.text._lseek
                0x0000000000008c5c        0x0 ./Code/Service/Wrapper/Service_RTOS_wrapper.o
 .rela.text._read
                0x0000000000008c5c        0x0 ./Code/Service/Wrapper/Service_RTOS_wrapper.o

.fini           0x0000000000008c5c        0x0
 *(SORT_NONE(.fini))
                0x0000000000008c5c                . = ALIGN (0x4)
                [!provide]                        PROVIDE (_etext = .)
                [!provide]                        PROVIDE (_eitcm = .)

.preinit_array  0x0000000000008c5c        0x0
                [!provide]                        PROVIDE (__preinit_array_start = .)
 *(.preinit_array)
                [!provide]                        PROVIDE (__preinit_array_end = .)

.init_array     0x0000000000008c5c        0x0
                [!provide]                        PROVIDE (__init_array_start = .)
 *(SORT_BY_INIT_PRIORITY(.init_array.*) SORT_BY_INIT_PRIORITY(.ctors.*))
 *(.init_array EXCLUDE_FILE(*crtend?.o *crtend.o *crtbegin?.o *crtbegin.o) .ctors)
                [!provide]                        PROVIDE (__init_array_end = .)

.fini_array     0x0000000000008c5c        0x0
                [!provide]                        PROVIDE (__fini_array_start = .)
 *(SORT_BY_INIT_PRIORITY(.fini_array.*) SORT_BY_INIT_PRIORITY(.dtors.*))
 *(.fini_array EXCLUDE_FILE(*crtend?.o *crtend.o *crtbegin?.o *crtbegin.o) .dtors)
                [!provide]                        PROVIDE (__fini_array_end = .)

.ctors
 *crtbegin.o(.ctors)
 *crtbegin?.o(.ctors)
 *(EXCLUDE_FILE(*crtend?.o *crtend.o) .ctors)
 *(SORT_BY_NAME(.ctors.*))
 *(.ctors)

.dtors
 *crtbegin.o(.dtors)
 *crtbegin?.o(.dtors)
 *(EXCLUDE_FILE(*crtend?.o *crtend.o) .dtors)
 *(SORT_BY_NAME(.dtors.*))
 *(.dtors)

.dalign         0x0000000020000000        0x0 load address 0x0000000000008c5c
                0x0000000020000000                . = ALIGN (0x4)
                0x0000000020000000                PROVIDE (_data_vma = .)

.dlalign        0x0000000000008c5c        0x0
                0x0000000000008c5c                . = ALIGN (0x4)
                0x0000000000008c5c                PROVIDE (_data_lma = .)

.data           0x0000000020000000      0x218 load address 0x0000000000008c5c
 *(.gnu.linkonce.r.*)
 *(.data .data.*)
 .data.APBAHBPrescTable
                0x0000000020000000       0x10 ./Code/MCAL/Peripheral/src/ch32v20x_rcc.o
 .data.AHBPrescTable
                0x0000000020000010       0x10 ./Code/MCAL/Config/system_ch32v20x.o
                0x0000000020000010                AHBPrescTable
 .data.addresses
                0x0000000020000020        0xc ./Code/HAL/Config/HAL_config.o
                0x0000000020000020                addresses
 .data.impure_data
                0x000000002000002c       0x60 c:/mounriver/mrs_community/toolchain/risc-v embedded gcc/bin/../lib/gcc/riscv-none-embed/8.2.0/../../../../riscv-none-embed/lib/rv32imac/ilp32\libg_nano.a(lib_a-impure.o)
 .data.__global_locale
                0x000000002000008c      0x16c c:/mounriver/mrs_community/toolchain/risc-v embedded gcc/bin/../lib/gcc/riscv-none-embed/8.2.0/../../../../riscv-none-embed/lib/rv32imac/ilp32\libg_nano.a(lib_a-locale.o)
                0x000000002000008c                __global_locale
 *(.gnu.linkonce.d.*)
                0x00000000200001f8                . = ALIGN (0x8)
                0x00000000200009f8                PROVIDE (__global_pointer$ = (. + 0x800))
 *(.sdata .sdata.*)
 .sdata.uxCriticalNesting
                0x00000000200001f8        0x4 ./Code/Service/FreeRTOS/portable/GCC/RISC-V/port.o
 .sdata.uxTopUsedPriority
                0x00000000200001fc        0x4 ./Code/Service/FreeRTOS/tasks.o
                0x00000000200001fc                uxTopUsedPriority
 .sdata.ADCPrescTable
                0x0000000020000200        0x4 ./Code/MCAL/Peripheral/src/ch32v20x_rcc.o
 .sdata.curbrk.4666
                0x0000000020000204        0x4 ./Code/MCAL/Debug/debug.o
 .sdata.SystemCoreClock
                0x0000000020000208        0x4 ./Code/MCAL/Config/system_ch32v20x.o
                0x0000000020000208                SystemCoreClock
 .sdata._impure_ptr
                0x000000002000020c        0x4 c:/mounriver/mrs_community/toolchain/risc-v embedded gcc/bin/../lib/gcc/riscv-none-embed/8.2.0/../../../../riscv-none-embed/lib/rv32imac/ilp32\libg_nano.a(lib_a-impure.o)
                0x000000002000020c                _impure_ptr
 *(.sdata2.*)
 .sdata2.xISRStackTop
                0x0000000020000210        0x4 ./Code/Service/FreeRTOS/portable/GCC/RISC-V/port.o
                0x0000000020000210                xISRStackTop
 .sdata2._global_impure_ptr
                0x0000000020000214        0x4 c:/mounriver/mrs_community/toolchain/risc-v embedded gcc/bin/../lib/gcc/riscv-none-embed/8.2.0/../../../../riscv-none-embed/lib/rv32imac/ilp32\libg_nano.a(lib_a-impure.o)
                0x0000000020000214                _global_impure_ptr
 *(.gnu.linkonce.s.*)
                0x0000000020000218                . = ALIGN (0x8)
 *(.srodata.cst16)
 *(.srodata.cst8)
 *(.srodata.cst4)
 *(.srodata.cst2)
 *(.srodata .srodata.*)
                0x0000000020000218                . = ALIGN (0x4)
                0x0000000020000218                PROVIDE (_edata = .)

.bss            0x0000000020000218     0x3220 load address 0x0000000000008e74
                0x0000000020000218                . = ALIGN (0x4)
                0x0000000020000218                PROVIDE (_sbss = .)
 *(.sbss*)
 .sbss.pxEnd    0x0000000020000218        0x4 ./Code/Service/FreeRTOS/portable/MemMang/heap_4.o
 .sbss.xBlockAllocatedBit
                0x000000002000021c        0x4 ./Code/Service/FreeRTOS/portable/MemMang/heap_4.o
 .sbss.xFreeBytesRemaining
                0x0000000020000220        0x4 ./Code/Service/FreeRTOS/portable/MemMang/heap_4.o
 .sbss.xMinimumEverFreeBytesRemaining
                0x0000000020000224        0x4 ./Code/Service/FreeRTOS/portable/MemMang/heap_4.o
 .sbss.xNumberOfSuccessfulAllocations
                0x0000000020000228        0x4 ./Code/Service/FreeRTOS/portable/MemMang/heap_4.o
 .sbss.xNumberOfSuccessfulFrees
                0x000000002000022c        0x4 ./Code/Service/FreeRTOS/portable/MemMang/heap_4.o
 .sbss.xStart   0x0000000020000230        0x8 ./Code/Service/FreeRTOS/portable/MemMang/heap_4.o
 .sbss.pxCurrentTCB
                0x0000000020000238        0x4 ./Code/Service/FreeRTOS/tasks.o
                0x0000000020000238                pxCurrentTCB
 .sbss.pxDelayedTaskList
                0x000000002000023c        0x4 ./Code/Service/FreeRTOS/tasks.o
 .sbss.pxOverflowDelayedTaskList
                0x0000000020000240        0x4 ./Code/Service/FreeRTOS/tasks.o
 .sbss.uxCurrentNumberOfTasks
                0x0000000020000244        0x4 ./Code/Service/FreeRTOS/tasks.o
 .sbss.uxDeletedTasksWaitingCleanUp
                0x0000000020000248        0x4 ./Code/Service/FreeRTOS/tasks.o
 .sbss.uxSchedulerSuspended
                0x000000002000024c        0x4 ./Code/Service/FreeRTOS/tasks.o
 .sbss.uxTaskNumber
                0x0000000020000250        0x4 ./Code/Service/FreeRTOS/tasks.o
 .sbss.uxTopReadyPriority
                0x0000000020000254        0x4 ./Code/Service/FreeRTOS/tasks.o
 .sbss.xIdleTaskHandle
                0x0000000020000258        0x4 ./Code/Service/FreeRTOS/tasks.o
 .sbss.xNextTaskUnblockTime
                0x000000002000025c        0x4 ./Code/Service/FreeRTOS/tasks.o
 .sbss.xNumOfOverflows
                0x0000000020000260        0x4 ./Code/Service/FreeRTOS/tasks.o
 .sbss.xPendedTicks
                0x0000000020000264        0x4 ./Code/Service/FreeRTOS/tasks.o
 .sbss.xSchedulerRunning
                0x0000000020000268        0x4 ./Code/Service/FreeRTOS/tasks.o
 .sbss.xTickCount
                0x000000002000026c        0x4 ./Code/Service/FreeRTOS/tasks.o
 .sbss.xYieldPending
                0x0000000020000270        0x4 ./Code/Service/FreeRTOS/tasks.o
 .sbss.pxCurrentTimerList
                0x0000000020000274        0x4 ./Code/Service/FreeRTOS/timers.o
 .sbss.pxOverflowTimerList
                0x0000000020000278        0x4 ./Code/Service/FreeRTOS/timers.o
 .sbss.xLastTime.5718
                0x000000002000027c        0x4 ./Code/Service/FreeRTOS/timers.o
 .sbss.xTimerQueue
                0x0000000020000280        0x4 ./Code/Service/FreeRTOS/timers.o
 .sbss.xTimerTaskHandle
                0x0000000020000284        0x4 ./Code/Service/FreeRTOS/timers.o
 .sbss.global_UART4RecCallback
                0x0000000020000288        0x4 ./Code/MCAL/Wrapper/MCAL_wrapper.o
                0x0000000020000288                global_UART4RecCallback
 .sbss.MCU_Version
                0x000000002000028c        0x1 ./Code/MCAL/Peripheral/src/ch32v20x_gpio.o
                0x000000002000028c                MCU_Version
 *fill*         0x000000002000028d        0x3 
 .sbss.NVIC_Priority_Group
                0x0000000020000290        0x4 ./Code/MCAL/Peripheral/src/ch32v20x_misc.o
                0x0000000020000290                NVIC_Priority_Group
 .sbss.local_u16CurrentItem.4890
                0x0000000020000294        0x2 ./Code/APP/main.o
 .sbss.local_u8Dummy.4892
                0x0000000020000296        0x1 ./Code/APP/main.o
 *fill*         0x0000000020000297        0x1 
 .sbss.queue_AppCommToDrone_Handle_t
                0x0000000020000298        0x4 ./Code/APP/main.o
                0x0000000020000298                queue_AppCommToDrone_Handle_t
 .sbss.queue_DroneCommToApp_Handle_t
                0x000000002000029c        0x4 ./Code/APP/main.o
                0x000000002000029c                queue_DroneCommToApp_Handle_t
 .sbss.queue_RawRCData_Handle_t
                0x00000000200002a0        0x4 ./Code/APP/main.o
                0x00000000200002a0                queue_RawRCData_Handle_t
 .sbss.queue_TakeAction_Handle_t
                0x00000000200002a4        0x4 ./Code/APP/main.o
                0x00000000200002a4                queue_TakeAction_Handle_t
 .sbss.task_DroneComm_Handle_t
                0x00000000200002a8        0x4 ./Code/APP/main.o
                0x00000000200002a8                task_DroneComm_Handle_t
 .sbss.task_RCComm_Handle_t
                0x00000000200002ac        0x4 ./Code/APP/main.o
                0x00000000200002ac                task_RCComm_Handle_t
 .sbss.task_TakeAction_Handle_t
                0x00000000200002b0        0x4 ./Code/APP/main.o
                0x00000000200002b0                task_TakeAction_Handle_t
 .sbss.__malloc_free_list
                0x00000000200002b4        0x4 c:/mounriver/mrs_community/toolchain/risc-v embedded gcc/bin/../lib/gcc/riscv-none-embed/8.2.0/../../../../riscv-none-embed/lib/rv32imac/ilp32\libg_nano.a(lib_a-nano-mallocr.o)
                0x00000000200002b4                __malloc_free_list
 .sbss.__malloc_sbrk_start
                0x00000000200002b8        0x4 c:/mounriver/mrs_community/toolchain/risc-v embedded gcc/bin/../lib/gcc/riscv-none-embed/8.2.0/../../../../riscv-none-embed/lib/rv32imac/ilp32\libg_nano.a(lib_a-nano-mallocr.o)
                0x00000000200002b8                __malloc_sbrk_start
 *(.gnu.linkonce.sb.*)
 *(.bss*)
 .bss.ucHeap    0x00000000200002bc     0x3000 ./Code/Service/FreeRTOS/portable/MemMang/heap_4.o
 .bss.xQueueRegistry
                0x00000000200032bc       0x40 ./Code/Service/FreeRTOS/queue.o
                0x00000000200032bc                xQueueRegistry
 .bss.pxReadyTasksLists
                0x00000000200032fc       0x8c ./Code/Service/FreeRTOS/tasks.o
 .bss.xDelayedTaskList1
                0x0000000020003388       0x14 ./Code/Service/FreeRTOS/tasks.o
 .bss.xDelayedTaskList2
                0x000000002000339c       0x14 ./Code/Service/FreeRTOS/tasks.o
 .bss.xPendingReadyList
                0x00000000200033b0       0x14 ./Code/Service/FreeRTOS/tasks.o
 .bss.xSuspendedTaskList
                0x00000000200033c4       0x14 ./Code/Service/FreeRTOS/tasks.o
 .bss.xTasksWaitingTermination
                0x00000000200033d8       0x14 ./Code/Service/FreeRTOS/tasks.o
 .bss.xActiveTimerList1
                0x00000000200033ec       0x14 ./Code/Service/FreeRTOS/timers.o
 .bss.xActiveTimerList2
                0x0000000020003400       0x14 ./Code/Service/FreeRTOS/timers.o
 .bss.global_DroneCommMsg_t
                0x0000000020003414       0x10 ./Code/APP/main.o
                0x0000000020003414                global_DroneCommMsg_t
 .bss.global_MsgToRec_t
                0x0000000020003424        0xe ./Code/APP/main.o
                0x0000000020003424                global_MsgToRec_t
 *(.gnu.linkonce.b.*)
 *(COMMON*)
 *fill*         0x0000000020003432        0x2 
 COMMON         0x0000000020003434        0x4 c:/mounriver/mrs_community/toolchain/risc-v embedded gcc/bin/../lib/gcc/riscv-none-embed/8.2.0/../../../../riscv-none-embed/lib/rv32imac/ilp32\libg_nano.a(lib_a-reent.o)
                0x0000000020003434                errno
                0x0000000020003438                . = ALIGN (0x4)
                0x0000000020003438                PROVIDE (_ebss = .)
                0x0000000020003438                PROVIDE (_end = _ebss)
                [!provide]                        PROVIDE (end = .)

.stack          0x0000000020004800      0x800
                0x0000000020004800                PROVIDE (_heap_end = .)
                0x0000000020004800                . = ALIGN (0x4)
                [!provide]                        PROVIDE (_susrstack = .)
                0x0000000020005000                . = (. + __stack_size)
 *fill*         0x0000000020004800      0x800 
                0x0000000020005000                PROVIDE (_eusrstack = .)
                0x0000000020005000                __freertos_irq_stack_top = .
OUTPUT(App Board.elf elf32-littleriscv)

.debug_info     0x0000000000000000    0x1d305
 .debug_info    0x0000000000000000      0xe98 ./Code/Service/Wrapper/Service_RTOS_wrapper.o
 .debug_info    0x0000000000000e98      0xe52 ./Code/Service/FreeRTOS/portable/MemMang/heap_4.o
 .debug_info    0x0000000000001cea     0x1057 ./Code/Service/FreeRTOS/portable/GCC/RISC-V/port.o
 .debug_info    0x0000000000002d41       0x26 ./Code/Service/FreeRTOS/portable/GCC/RISC-V/portASM.o
 .debug_info    0x0000000000002d67      0xb82 ./Code/Service/FreeRTOS/list.o
 .debug_info    0x00000000000038e9     0x2fd3 ./Code/Service/FreeRTOS/queue.o
 .debug_info    0x00000000000068bc     0x3bf8 ./Code/Service/FreeRTOS/tasks.o
 .debug_info    0x000000000000a4b4     0x206d ./Code/Service/FreeRTOS/timers.o
 .debug_info    0x000000000000c521     0x168e ./Code/MCAL/Wrapper/MCAL_wrapper.o
 .debug_info    0x000000000000dbaf       0x22 ./Code/MCAL/Startup/startup_ch32v20x_D6.o
 .debug_info    0x000000000000dbd1     0x12b2 ./Code/MCAL/Peripheral/src/ch32v20x_gpio.o
 .debug_info    0x000000000000ee83      0xe72 ./Code/MCAL/Peripheral/src/ch32v20x_misc.o
 .debug_info    0x000000000000fcf5     0x1246 ./Code/MCAL/Peripheral/src/ch32v20x_rcc.o
 .debug_info    0x0000000000010f3b     0x12ab ./Code/MCAL/Peripheral/src/ch32v20x_spi.o
 .debug_info    0x00000000000121e6     0x2aa8 ./Code/MCAL/Peripheral/src/ch32v20x_tim.o
 .debug_info    0x0000000000014c8e     0x139e ./Code/MCAL/Peripheral/src/ch32v20x_usart.o
 .debug_info    0x000000000001602c      0xf0c ./Code/MCAL/Debug/debug.o
 .debug_info    0x0000000000016f38     0x1a63 ./Code/MCAL/Config/MCAL_config.o
 .debug_info    0x000000000001899b      0xb73 ./Code/MCAL/Config/system_ch32v20x.o
 .debug_info    0x000000000001950e      0xec6 ./Code/HAL/Wrapper/HAL_wrapper.o
 .debug_info    0x000000000001a3d4     0x1205 ./Code/HAL/NRF2401/nrf.o
 .debug_info    0x000000000001b5d9      0x14a ./Code/HAL/Config/HAL_config.o
 .debug_info    0x000000000001b723      0x970 ./Code/APP/ch32v20x_it.o
 .debug_info    0x000000000001c093     0x1272 ./Code/APP/main.o

.debug_abbrev   0x0000000000000000     0x451c
 .debug_abbrev  0x0000000000000000      0x298 ./Code/Service/Wrapper/Service_RTOS_wrapper.o
 .debug_abbrev  0x0000000000000298      0x36c ./Code/Service/FreeRTOS/portable/MemMang/heap_4.o
 .debug_abbrev  0x0000000000000604      0x3ad ./Code/Service/FreeRTOS/portable/GCC/RISC-V/port.o
 .debug_abbrev  0x00000000000009b1       0x14 ./Code/Service/FreeRTOS/portable/GCC/RISC-V/portASM.o
 .debug_abbrev  0x00000000000009c5      0x254 ./Code/Service/FreeRTOS/list.o
 .debug_abbrev  0x0000000000000c19      0x461 ./Code/Service/FreeRTOS/queue.o
 .debug_abbrev  0x000000000000107a      0x545 ./Code/Service/FreeRTOS/tasks.o
 .debug_abbrev  0x00000000000015bf      0x43a ./Code/Service/FreeRTOS/timers.o
 .debug_abbrev  0x00000000000019f9      0x33b ./Code/MCAL/Wrapper/MCAL_wrapper.o
 .debug_abbrev  0x0000000000001d34       0x12 ./Code/MCAL/Startup/startup_ch32v20x_D6.o
 .debug_abbrev  0x0000000000001d46      0x34b ./Code/MCAL/Peripheral/src/ch32v20x_gpio.o
 .debug_abbrev  0x0000000000002091      0x2fb ./Code/MCAL/Peripheral/src/ch32v20x_misc.o
 .debug_abbrev  0x000000000000238c      0x351 ./Code/MCAL/Peripheral/src/ch32v20x_rcc.o
 .debug_abbrev  0x00000000000026dd      0x307 ./Code/MCAL/Peripheral/src/ch32v20x_spi.o
 .debug_abbrev  0x00000000000029e4      0x418 ./Code/MCAL/Peripheral/src/ch32v20x_tim.o
 .debug_abbrev  0x0000000000002dfc      0x312 ./Code/MCAL/Peripheral/src/ch32v20x_usart.o
 .debug_abbrev  0x000000000000310e      0x2d7 ./Code/MCAL/Debug/debug.o
 .debug_abbrev  0x00000000000033e5      0x294 ./Code/MCAL/Config/MCAL_config.o
 .debug_abbrev  0x0000000000003679      0x2c0 ./Code/MCAL/Config/system_ch32v20x.o
 .debug_abbrev  0x0000000000003939      0x2db ./Code/HAL/Wrapper/HAL_wrapper.o
 .debug_abbrev  0x0000000000003c14      0x342 ./Code/HAL/NRF2401/nrf.o
 .debug_abbrev  0x0000000000003f56       0xcf ./Code/HAL/Config/HAL_config.o
 .debug_abbrev  0x0000000000004025      0x1cf ./Code/APP/ch32v20x_it.o
 .debug_abbrev  0x00000000000041f4      0x328 ./Code/APP/main.o

.debug_loc      0x0000000000000000     0x96e4
 .debug_loc     0x0000000000000000      0x39a ./Code/Service/Wrapper/Service_RTOS_wrapper.o
 .debug_loc     0x000000000000039a      0x330 ./Code/Service/FreeRTOS/portable/MemMang/heap_4.o
 .debug_loc     0x00000000000006ca       0xad ./Code/Service/FreeRTOS/portable/GCC/RISC-V/port.o
 .debug_loc     0x0000000000000777       0x94 ./Code/Service/FreeRTOS/list.o
 .debug_loc     0x000000000000080b     0x1b0a ./Code/Service/FreeRTOS/queue.o
 .debug_loc     0x0000000000002315     0x2407 ./Code/Service/FreeRTOS/tasks.o
 .debug_loc     0x000000000000471c      0xe5d ./Code/Service/FreeRTOS/timers.o
 .debug_loc     0x0000000000005579      0x1ef ./Code/MCAL/Wrapper/MCAL_wrapper.o
 .debug_loc     0x0000000000005768      0x8d6 ./Code/MCAL/Peripheral/src/ch32v20x_gpio.o
 .debug_loc     0x000000000000603e       0xce ./Code/MCAL/Peripheral/src/ch32v20x_misc.o
 .debug_loc     0x000000000000610c      0x797 ./Code/MCAL/Peripheral/src/ch32v20x_rcc.o
 .debug_loc     0x00000000000068a3      0x57f ./Code/MCAL/Peripheral/src/ch32v20x_spi.o
 .debug_loc     0x0000000000006e22     0x190e ./Code/MCAL/Peripheral/src/ch32v20x_tim.o
 .debug_loc     0x0000000000008730      0x757 ./Code/MCAL/Peripheral/src/ch32v20x_usart.o
 .debug_loc     0x0000000000008e87      0x177 ./Code/MCAL/Debug/debug.o
 .debug_loc     0x0000000000008ffe       0xac ./Code/MCAL/Config/system_ch32v20x.o
 .debug_loc     0x00000000000090aa      0x1bb ./Code/HAL/Wrapper/HAL_wrapper.o
 .debug_loc     0x0000000000009265      0x40d ./Code/HAL/NRF2401/nrf.o
 .debug_loc     0x0000000000009672       0x72 ./Code/APP/main.o

.debug_aranges  0x0000000000000000      0xe08
 .debug_aranges
                0x0000000000000000       0x58 ./Code/Service/Wrapper/Service_RTOS_wrapper.o
 .debug_aranges
                0x0000000000000058       0x50 ./Code/Service/FreeRTOS/portable/MemMang/heap_4.o
 .debug_aranges
                0x00000000000000a8       0x58 ./Code/Service/FreeRTOS/portable/GCC/RISC-V/port.o
 .debug_aranges
                0x0000000000000100       0x20 ./Code/Service/FreeRTOS/portable/GCC/RISC-V/portASM.o
 .debug_aranges
                0x0000000000000120       0x40 ./Code/Service/FreeRTOS/list.o
 .debug_aranges
                0x0000000000000160      0x108 ./Code/Service/FreeRTOS/queue.o
 .debug_aranges
                0x0000000000000268      0x1b0 ./Code/Service/FreeRTOS/tasks.o
 .debug_aranges
                0x0000000000000418       0xb8 ./Code/Service/FreeRTOS/timers.o
 .debug_aranges
                0x00000000000004d0       0x70 ./Code/MCAL/Wrapper/MCAL_wrapper.o
 .debug_aranges
                0x0000000000000540       0x30 ./Code/MCAL/Startup/startup_ch32v20x_D6.o
 .debug_aranges
                0x0000000000000570       0xb0 ./Code/MCAL/Peripheral/src/ch32v20x_gpio.o
 .debug_aranges
                0x0000000000000620       0x28 ./Code/MCAL/Peripheral/src/ch32v20x_misc.o
 .debug_aranges
                0x0000000000000648      0x128 ./Code/MCAL/Peripheral/src/ch32v20x_rcc.o
 .debug_aranges
                0x0000000000000770       0xd0 ./Code/MCAL/Peripheral/src/ch32v20x_spi.o
 .debug_aranges
                0x0000000000000840      0x2d0 ./Code/MCAL/Peripheral/src/ch32v20x_tim.o
 .debug_aranges
                0x0000000000000b10      0x100 ./Code/MCAL/Peripheral/src/ch32v20x_usart.o
 .debug_aranges
                0x0000000000000c10       0x48 ./Code/MCAL/Debug/debug.o
 .debug_aranges
                0x0000000000000c58       0x20 ./Code/MCAL/Config/MCAL_config.o
 .debug_aranges
                0x0000000000000c78       0x28 ./Code/MCAL/Config/system_ch32v20x.o
 .debug_aranges
                0x0000000000000ca0       0x50 ./Code/HAL/Wrapper/HAL_wrapper.o
 .debug_aranges
                0x0000000000000cf0       0x90 ./Code/HAL/NRF2401/nrf.o
 .debug_aranges
                0x0000000000000d80       0x20 ./Code/HAL/Config/HAL_config.o
 .debug_aranges
                0x0000000000000da0       0x28 ./Code/APP/ch32v20x_it.o
 .debug_aranges
                0x0000000000000dc8       0x40 ./Code/APP/main.o

.debug_ranges   0x0000000000000000     0x1230
 .debug_ranges  0x0000000000000000       0x48 ./Code/Service/Wrapper/Service_RTOS_wrapper.o
 .debug_ranges  0x0000000000000048       0x40 ./Code/Service/FreeRTOS/portable/MemMang/heap_4.o
 .debug_ranges  0x0000000000000088       0x60 ./Code/Service/FreeRTOS/portable/GCC/RISC-V/port.o
 .debug_ranges  0x00000000000000e8       0x30 ./Code/Service/FreeRTOS/list.o
 .debug_ranges  0x0000000000000118      0x2c8 ./Code/Service/FreeRTOS/queue.o
 .debug_ranges  0x00000000000003e0      0x410 ./Code/Service/FreeRTOS/tasks.o
 .debug_ranges  0x00000000000007f0      0x150 ./Code/Service/FreeRTOS/timers.o
 .debug_ranges  0x0000000000000940       0x60 ./Code/MCAL/Wrapper/MCAL_wrapper.o
 .debug_ranges  0x00000000000009a0       0x28 ./Code/MCAL/Startup/startup_ch32v20x_D6.o
 .debug_ranges  0x00000000000009c8       0xa0 ./Code/MCAL/Peripheral/src/ch32v20x_gpio.o
 .debug_ranges  0x0000000000000a68       0x48 ./Code/MCAL/Peripheral/src/ch32v20x_misc.o
 .debug_ranges  0x0000000000000ab0      0x118 ./Code/MCAL/Peripheral/src/ch32v20x_rcc.o
 .debug_ranges  0x0000000000000bc8       0xc0 ./Code/MCAL/Peripheral/src/ch32v20x_spi.o
 .debug_ranges  0x0000000000000c88      0x2f0 ./Code/MCAL/Peripheral/src/ch32v20x_tim.o
 .debug_ranges  0x0000000000000f78       0xf0 ./Code/MCAL/Peripheral/src/ch32v20x_usart.o
 .debug_ranges  0x0000000000001068       0x38 ./Code/MCAL/Debug/debug.o
 .debug_ranges  0x00000000000010a0       0x10 ./Code/MCAL/Config/MCAL_config.o
 .debug_ranges  0x00000000000010b0       0x38 ./Code/MCAL/Config/system_ch32v20x.o
 .debug_ranges  0x00000000000010e8       0x40 ./Code/HAL/Wrapper/HAL_wrapper.o
 .debug_ranges  0x0000000000001128       0x98 ./Code/HAL/NRF2401/nrf.o
 .debug_ranges  0x00000000000011c0       0x10 ./Code/HAL/Config/HAL_config.o
 .debug_ranges  0x00000000000011d0       0x18 ./Code/APP/ch32v20x_it.o
 .debug_ranges  0x00000000000011e8       0x48 ./Code/APP/main.o

.debug_line     0x0000000000000000    0x180d7
 .debug_line    0x0000000000000000      0x6af ./Code/Service/Wrapper/Service_RTOS_wrapper.o
 .debug_line    0x00000000000006af      0xcc3 ./Code/Service/FreeRTOS/portable/MemMang/heap_4.o
 .debug_line    0x0000000000001372      0x854 ./Code/Service/FreeRTOS/portable/GCC/RISC-V/port.o
 .debug_line    0x0000000000001bc6      0x375 ./Code/Service/FreeRTOS/portable/GCC/RISC-V/portASM.o
 .debug_line    0x0000000000001f3b      0x6de ./Code/Service/FreeRTOS/list.o
 .debug_line    0x0000000000002619     0x325d ./Code/Service/FreeRTOS/queue.o
 .debug_line    0x0000000000005876     0x50ff ./Code/Service/FreeRTOS/tasks.o
 .debug_line    0x000000000000a975     0x16b6 ./Code/Service/FreeRTOS/timers.o
 .debug_line    0x000000000000c02b      0x8f1 ./Code/MCAL/Wrapper/MCAL_wrapper.o
 .debug_line    0x000000000000c91c      0x269 ./Code/MCAL/Startup/startup_ch32v20x_D6.o
 .debug_line    0x000000000000cb85     0x1563 ./Code/MCAL/Peripheral/src/ch32v20x_gpio.o
 .debug_line    0x000000000000e0e8      0x536 ./Code/MCAL/Peripheral/src/ch32v20x_misc.o
 .debug_line    0x000000000000e61e     0x11d4 ./Code/MCAL/Peripheral/src/ch32v20x_rcc.o
 .debug_line    0x000000000000f7f2      0xd6c ./Code/MCAL/Peripheral/src/ch32v20x_spi.o
 .debug_line    0x000000000001055e     0x3155 ./Code/MCAL/Peripheral/src/ch32v20x_tim.o
 .debug_line    0x00000000000136b3     0x100c ./Code/MCAL/Peripheral/src/ch32v20x_usart.o
 .debug_line    0x00000000000146bf      0x77b ./Code/MCAL/Debug/debug.o
 .debug_line    0x0000000000014e3a      0xd72 ./Code/MCAL/Config/MCAL_config.o
 .debug_line    0x0000000000015bac      0x714 ./Code/MCAL/Config/system_ch32v20x.o
 .debug_line    0x00000000000162c0      0x690 ./Code/HAL/Wrapper/HAL_wrapper.o
 .debug_line    0x0000000000016950      0x9a5 ./Code/HAL/NRF2401/nrf.o
 .debug_line    0x00000000000172f5      0x15d ./Code/HAL/Config/HAL_config.o
 .debug_line    0x0000000000017452      0x260 ./Code/APP/ch32v20x_it.o
 .debug_line    0x00000000000176b2      0xa25 ./Code/APP/main.o

.debug_str      0x0000000000000000     0x52e0
 .debug_str     0x0000000000000000      0x9e4 ./Code/Service/Wrapper/Service_RTOS_wrapper.o
                                        0xaab (size before relaxing)
 .debug_str     0x00000000000009e4      0x330 ./Code/Service/FreeRTOS/portable/MemMang/heap_4.o
                                        0x8f1 (size before relaxing)
 .debug_str     0x0000000000000d14      0x50d ./Code/Service/FreeRTOS/portable/GCC/RISC-V/port.o
                                        0xb1f (size before relaxing)
 .debug_str     0x0000000000001221       0x43 ./Code/Service/FreeRTOS/portable/GCC/RISC-V/portASM.o
                                         0x99 (size before relaxing)
 .debug_str     0x0000000000001264      0x132 ./Code/Service/FreeRTOS/list.o
                                        0x705 (size before relaxing)
 .debug_str     0x0000000000001396      0x741 ./Code/Service/FreeRTOS/queue.o
                                       0x12f2 (size before relaxing)
 .debug_str     0x0000000000001ad7      0x9ee ./Code/Service/FreeRTOS/tasks.o
                                       0x1832 (size before relaxing)
 .debug_str     0x00000000000024c5      0x4eb ./Code/Service/FreeRTOS/timers.o
                                       0x113a (size before relaxing)
 .debug_str     0x00000000000029b0      0x5a2 ./Code/MCAL/Wrapper/MCAL_wrapper.o
                                        0xef6 (size before relaxing)
 .debug_str     0x0000000000002f52       0x2b ./Code/MCAL/Startup/startup_ch32v20x_D6.o
                                         0x8d (size before relaxing)
 .debug_str     0x0000000000002f7d      0x3ab ./Code/MCAL/Peripheral/src/ch32v20x_gpio.o
                                        0x9cb (size before relaxing)
 .debug_str     0x0000000000003328       0x93 ./Code/MCAL/Peripheral/src/ch32v20x_misc.o
                                        0xa9f (size before relaxing)
 .debug_str     0x00000000000033bb      0x477 ./Code/MCAL/Peripheral/src/ch32v20x_rcc.o
                                        0xacb (size before relaxing)
 .debug_str     0x0000000000003832      0x2fe ./Code/MCAL/Peripheral/src/ch32v20x_spi.o
                                        0xa9e (size before relaxing)
 .debug_str     0x0000000000003b30      0xa7e ./Code/MCAL/Peripheral/src/ch32v20x_tim.o
                                       0x12c8 (size before relaxing)
 .debug_str     0x00000000000045ae      0x399 ./Code/MCAL/Peripheral/src/ch32v20x_usart.o
                                        0xb26 (size before relaxing)
 .debug_str     0x0000000000004947       0xc2 ./Code/MCAL/Debug/debug.o
                                        0x92e (size before relaxing)
 .debug_str     0x0000000000004a09       0xc6 ./Code/MCAL/Config/MCAL_config.o
                                        0xbfa (size before relaxing)
 .debug_str     0x0000000000004acf       0x70 ./Code/MCAL/Config/system_ch32v20x.o
                                        0x6de (size before relaxing)
 .debug_str     0x0000000000004b3f      0x389 ./Code/HAL/Wrapper/HAL_wrapper.o
                                        0xb2c (size before relaxing)
 .debug_str     0x0000000000004ec8      0x11b ./Code/HAL/NRF2401/nrf.o
                                        0x77e (size before relaxing)
 .debug_str     0x0000000000004fe3       0x88 ./Code/HAL/Config/HAL_config.o
                                        0x25a (size before relaxing)
 .debug_str     0x000000000000506b       0x38 ./Code/APP/ch32v20x_it.o
                                        0x5df (size before relaxing)
 .debug_str     0x00000000000050a3      0x23d ./Code/APP/main.o
                                        0xd36 (size before relaxing)

.comment        0x0000000000000000       0x33
 .comment       0x0000000000000000       0x33 ./Code/Service/Wrapper/Service_RTOS_wrapper.o
                                         0x34 (size before relaxing)
 .comment       0x0000000000000033       0x34 ./Code/Service/FreeRTOS/portable/MemMang/heap_4.o
 .comment       0x0000000000000033       0x34 ./Code/Service/FreeRTOS/portable/GCC/RISC-V/port.o
 .comment       0x0000000000000033       0x34 ./Code/Service/FreeRTOS/list.o
 .comment       0x0000000000000033       0x34 ./Code/Service/FreeRTOS/queue.o
 .comment       0x0000000000000033       0x34 ./Code/Service/FreeRTOS/tasks.o
 .comment       0x0000000000000033       0x34 ./Code/Service/FreeRTOS/timers.o
 .comment       0x0000000000000033       0x34 ./Code/MCAL/Wrapper/MCAL_wrapper.o
 .comment       0x0000000000000033       0x34 ./Code/MCAL/Peripheral/src/ch32v20x_gpio.o
 .comment       0x0000000000000033       0x34 ./Code/MCAL/Peripheral/src/ch32v20x_misc.o
 .comment       0x0000000000000033       0x34 ./Code/MCAL/Peripheral/src/ch32v20x_rcc.o
 .comment       0x0000000000000033       0x34 ./Code/MCAL/Peripheral/src/ch32v20x_spi.o